Clock: clk_i
Sources: clk_i 
Generated: no
Virtual: yes
Propagated: no
Period: 10.000000

===========================================================================
report_clock_properties
============================================================================
Clock                   Period          Waveform
----------------------------------------------------
clk_i                10.000000    0.000000  5.000000

===========================================================================
report_clock_latency
============================================================================
Clock clk_i
rise -> rise
    min     max
0.000000 0.000000 source latency
0.066795         network latency _14382_/CLK
        35.966259 network latency _15375_/CLK
---------------
0.066795 35.966259 latency
        35.899467 skew

fall -> fall
    min     max
0.000000 0.000000 source latency
0.032344         network latency _14382_/CLK
        17.098036 network latency _15375_/CLK
---------------
0.032344 17.098036 latency
        17.065691 skew



===========================================================================
report_clock_min_period
============================================================================
clk_i period_min = 53.28 fmax = 18.77
