
===========================================================================
 report_power
============================================================================
======================= nom_tt_025C_1v80 Corner ===================================

Group                    Internal    Switching      Leakage        Total
                            Power        Power        Power        Power (Watts)
------------------------------------------------------------------------
Sequential           2.194196e-02 3.287415e-03 2.218374e-08 2.522940e-02  40.5%
Combinational        1.335760e-02 2.203585e-02 3.336278e-08 3.539348e-02  56.8%
Clock                1.410498e-06 1.693627e-03 1.959075e-09 1.695039e-03   2.7%
Macro                0.000000e+00 0.000000e+00 0.000000e+00 0.000000e+00   0.0%
Pad                  0.000000e+00 0.000000e+00 0.000000e+00 0.000000e+00   0.0%
------------------------------------------------------------------------
Total                3.530091e-02 2.701690e-02 5.750546e-08 6.231787e-02 100.0%
                            56.6%        43.4%         0.0%
Writing metric power__internal__total: 0.03530091419816017
Writing metric power__switching__total: 0.027016904205083847
Writing metric power__leakage__total: 5.750545639671145e-8
Writing metric power__total: 0.062317874282598495

