
67. Executing CHECK pass (checking for obvious problems).
Checking module ibex_top...
Checking module $paramod$754dd1babe3bd40f26e46b58533db04a63dcfb60\ibex_csr...
Checking module $paramod$a088b13b9337f1e1fba58a671f47d7c7701ffa49\ibex_csr...
Checking module $paramod\ibex_alu\RV32B=s32'00000000000000000000000000000000...
Checking module $paramod$e6b6d8eec746808c1a487eeea1c00388e00f4eee\ibex_decoder...
Checking module $paramod$ad32fe27c0dd24fa98ff040673e62dee8d3b63ce\ibex_controller...
Checking module $paramod$7cc7cec1e088fedd9ad9b2063ed6f6f72cf9bb0e\ibex_compressed_decoder...
Checking module $paramod\ibex_prefetch_buffer\ResetAll=1'1...
Checking module $paramod$02c313747c8f25d335ac7182387c56521505fa11\ibex_core...
Checking module $paramod$b9b2e5d491bd09fc2169df619ac80edcbdafa2a9\ibex_id_stage...
Checking module $paramod$fa37c86f6ef8a85a222bbe1925a5f939cfc5b900\ibex_ex_block...
Warning: Wire $paramod$fa37c86f6ef8a85a222bbe1925a5f939cfc5b900\ibex_ex_block.\multdiv_imd_val_d [67] is used but has no driver.
Warning: Wire $paramod$fa37c86f6ef8a85a222bbe1925a5f939cfc5b900\ibex_ex_block.\multdiv_imd_val_d [66] is used but has no driver.
Warning: Wire $paramod$fa37c86f6ef8a85a222bbe1925a5f939cfc5b900\ibex_ex_block.\multdiv_imd_val_d [65] is used but has no driver.
Warning: Wire $paramod$fa37c86f6ef8a85a222bbe1925a5f939cfc5b900\ibex_ex_block.\multdiv_imd_val_d [64] is used but has no driver.
Warning: Wire $paramod$fa37c86f6ef8a85a222bbe1925a5f939cfc5b900\ibex_ex_block.\multdiv_imd_val_d [63] is used but has no driver.
Warning: Wire $paramod$fa37c86f6ef8a85a222bbe1925a5f939cfc5b900\ibex_ex_block.\multdiv_imd_val_d [62] is used but has no driver.
Warning: Wire $paramod$fa37c86f6ef8a85a222bbe1925a5f939cfc5b900\ibex_ex_block.\multdiv_imd_val_d [61] is used but has no driver.
Warning: Wire $paramod$fa37c86f6ef8a85a222bbe1925a5f939cfc5b900\ibex_ex_block.\multdiv_imd_val_d [60] is used but has no driver.
Warning: Wire $paramod$fa37c86f6ef8a85a222bbe1925a5f939cfc5b900\ibex_ex_block.\multdiv_imd_val_d [59] is used but has no driver.
Warning: Wire $paramod$fa37c86f6ef8a85a222bbe1925a5f939cfc5b900\ibex_ex_block.\multdiv_imd_val_d [58] is used but has no driver.
Warning: Wire $paramod$fa37c86f6ef8a85a222bbe1925a5f939cfc5b900\ibex_ex_block.\multdiv_imd_val_d [57] is used but has no driver.
Warning: Wire $paramod$fa37c86f6ef8a85a222bbe1925a5f939cfc5b900\ibex_ex_block.\multdiv_imd_val_d [56] is used but has no driver.
Warning: Wire $paramod$fa37c86f6ef8a85a222bbe1925a5f939cfc5b900\ibex_ex_block.\multdiv_imd_val_d [55] is used but has no driver.
Warning: Wire $paramod$fa37c86f6ef8a85a222bbe1925a5f939cfc5b900\ibex_ex_block.\multdiv_imd_val_d [54] is used but has no driver.
Warning: Wire $paramod$fa37c86f6ef8a85a222bbe1925a5f939cfc5b900\ibex_ex_block.\multdiv_imd_val_d [53] is used but has no driver.
Warning: Wire $paramod$fa37c86f6ef8a85a222bbe1925a5f939cfc5b900\ibex_ex_block.\multdiv_imd_val_d [52] is used but has no driver.
Warning: Wire $paramod$fa37c86f6ef8a85a222bbe1925a5f939cfc5b900\ibex_ex_block.\multdiv_imd_val_d [51] is used but has no driver.
Warning: Wire $paramod$fa37c86f6ef8a85a222bbe1925a5f939cfc5b900\ibex_ex_block.\multdiv_imd_val_d [50] is used but has no driver.
Warning: Wire $paramod$fa37c86f6ef8a85a222bbe1925a5f939cfc5b900\ibex_ex_block.\multdiv_imd_val_d [49] is used but has no driver.
Warning: Wire $paramod$fa37c86f6ef8a85a222bbe1925a5f939cfc5b900\ibex_ex_block.\multdiv_imd_val_d [48] is used but has no driver.
Warning: Wire $paramod$fa37c86f6ef8a85a222bbe1925a5f939cfc5b900\ibex_ex_block.\multdiv_imd_val_d [47] is used but has no driver.
Warning: Wire $paramod$fa37c86f6ef8a85a222bbe1925a5f939cfc5b900\ibex_ex_block.\multdiv_imd_val_d [46] is used but has no driver.
Warning: Wire $paramod$fa37c86f6ef8a85a222bbe1925a5f939cfc5b900\ibex_ex_block.\multdiv_imd_val_d [45] is used but has no driver.
Warning: Wire $paramod$fa37c86f6ef8a85a222bbe1925a5f939cfc5b900\ibex_ex_block.\multdiv_imd_val_d [44] is used but has no driver.
Warning: Wire $paramod$fa37c86f6ef8a85a222bbe1925a5f939cfc5b900\ibex_ex_block.\multdiv_imd_val_d [43] is used but has no driver.
Warning: Wire $paramod$fa37c86f6ef8a85a222bbe1925a5f939cfc5b900\ibex_ex_block.\multdiv_imd_val_d [42] is used but has no driver.
Warning: Wire $paramod$fa37c86f6ef8a85a222bbe1925a5f939cfc5b900\ibex_ex_block.\multdiv_imd_val_d [41] is used but has no driver.
Warning: Wire $paramod$fa37c86f6ef8a85a222bbe1925a5f939cfc5b900\ibex_ex_block.\multdiv_imd_val_d [40] is used but has no driver.
Warning: Wire $paramod$fa37c86f6ef8a85a222bbe1925a5f939cfc5b900\ibex_ex_block.\multdiv_imd_val_d [39] is used but has no driver.
Warning: Wire $paramod$fa37c86f6ef8a85a222bbe1925a5f939cfc5b900\ibex_ex_block.\multdiv_imd_val_d [38] is used but has no driver.
Warning: Wire $paramod$fa37c86f6ef8a85a222bbe1925a5f939cfc5b900\ibex_ex_block.\multdiv_imd_val_d [37] is used but has no driver.
Warning: Wire $paramod$fa37c86f6ef8a85a222bbe1925a5f939cfc5b900\ibex_ex_block.\multdiv_imd_val_d [36] is used but has no driver.
Warning: Wire $paramod$fa37c86f6ef8a85a222bbe1925a5f939cfc5b900\ibex_ex_block.\multdiv_imd_val_d [35] is used but has no driver.
Warning: Wire $paramod$fa37c86f6ef8a85a222bbe1925a5f939cfc5b900\ibex_ex_block.\multdiv_imd_val_d [34] is used but has no driver.
Warning: Wire $paramod$fa37c86f6ef8a85a222bbe1925a5f939cfc5b900\ibex_ex_block.\multdiv_imd_val_d [33] is used but has no driver.
Warning: Wire $paramod$fa37c86f6ef8a85a222bbe1925a5f939cfc5b900\ibex_ex_block.\multdiv_imd_val_d [32] is used but has no driver.
Warning: Wire $paramod$fa37c86f6ef8a85a222bbe1925a5f939cfc5b900\ibex_ex_block.\multdiv_imd_val_d [31] is used but has no driver.
Warning: Wire $paramod$fa37c86f6ef8a85a222bbe1925a5f939cfc5b900\ibex_ex_block.\multdiv_imd_val_d [30] is used but has no driver.
Warning: Wire $paramod$fa37c86f6ef8a85a222bbe1925a5f939cfc5b900\ibex_ex_block.\multdiv_imd_val_d [29] is used but has no driver.
Warning: Wire $paramod$fa37c86f6ef8a85a222bbe1925a5f939cfc5b900\ibex_ex_block.\multdiv_imd_val_d [28] is used but has no driver.
Warning: Wire $paramod$fa37c86f6ef8a85a222bbe1925a5f939cfc5b900\ibex_ex_block.\multdiv_imd_val_d [27] is used but has no driver.
Warning: Wire $paramod$fa37c86f6ef8a85a222bbe1925a5f939cfc5b900\ibex_ex_block.\multdiv_imd_val_d [26] is used but has no driver.
Warning: Wire $paramod$fa37c86f6ef8a85a222bbe1925a5f939cfc5b900\ibex_ex_block.\multdiv_imd_val_d [25] is used but has no driver.
Warning: Wire $paramod$fa37c86f6ef8a85a222bbe1925a5f939cfc5b900\ibex_ex_block.\multdiv_imd_val_d [24] is used but has no driver.
Warning: Wire $paramod$fa37c86f6ef8a85a222bbe1925a5f939cfc5b900\ibex_ex_block.\multdiv_imd_val_d [23] is used but has no driver.
Warning: Wire $paramod$fa37c86f6ef8a85a222bbe1925a5f939cfc5b900\ibex_ex_block.\multdiv_imd_val_d [22] is used but has no driver.
Warning: Wire $paramod$fa37c86f6ef8a85a222bbe1925a5f939cfc5b900\ibex_ex_block.\multdiv_imd_val_d [21] is used but has no driver.
Warning: Wire $paramod$fa37c86f6ef8a85a222bbe1925a5f939cfc5b900\ibex_ex_block.\multdiv_imd_val_d [20] is used but has no driver.
Warning: Wire $paramod$fa37c86f6ef8a85a222bbe1925a5f939cfc5b900\ibex_ex_block.\multdiv_imd_val_d [19] is used but has no driver.
Warning: Wire $paramod$fa37c86f6ef8a85a222bbe1925a5f939cfc5b900\ibex_ex_block.\multdiv_imd_val_d [18] is used but has no driver.
Warning: Wire $paramod$fa37c86f6ef8a85a222bbe1925a5f939cfc5b900\ibex_ex_block.\multdiv_imd_val_d [17] is used but has no driver.
Warning: Wire $paramod$fa37c86f6ef8a85a222bbe1925a5f939cfc5b900\ibex_ex_block.\multdiv_imd_val_d [16] is used but has no driver.
Warning: Wire $paramod$fa37c86f6ef8a85a222bbe1925a5f939cfc5b900\ibex_ex_block.\multdiv_imd_val_d [15] is used but has no driver.
Warning: Wire $paramod$fa37c86f6ef8a85a222bbe1925a5f939cfc5b900\ibex_ex_block.\multdiv_imd_val_d [14] is used but has no driver.
Warning: Wire $paramod$fa37c86f6ef8a85a222bbe1925a5f939cfc5b900\ibex_ex_block.\multdiv_imd_val_d [13] is used but has no driver.
Warning: Wire $paramod$fa37c86f6ef8a85a222bbe1925a5f939cfc5b900\ibex_ex_block.\multdiv_imd_val_d [12] is used but has no driver.
Warning: Wire $paramod$fa37c86f6ef8a85a222bbe1925a5f939cfc5b900\ibex_ex_block.\multdiv_imd_val_d [11] is used but has no driver.
Warning: Wire $paramod$fa37c86f6ef8a85a222bbe1925a5f939cfc5b900\ibex_ex_block.\multdiv_imd_val_d [10] is used but has no driver.
Warning: Wire $paramod$fa37c86f6ef8a85a222bbe1925a5f939cfc5b900\ibex_ex_block.\multdiv_imd_val_d [9] is used but has no driver.
Warning: Wire $paramod$fa37c86f6ef8a85a222bbe1925a5f939cfc5b900\ibex_ex_block.\multdiv_imd_val_d [8] is used but has no driver.
Warning: Wire $paramod$fa37c86f6ef8a85a222bbe1925a5f939cfc5b900\ibex_ex_block.\multdiv_imd_val_d [7] is used but has no driver.
Warning: Wire $paramod$fa37c86f6ef8a85a222bbe1925a5f939cfc5b900\ibex_ex_block.\multdiv_imd_val_d [6] is used but has no driver.
Warning: Wire $paramod$fa37c86f6ef8a85a222bbe1925a5f939cfc5b900\ibex_ex_block.\multdiv_imd_val_d [5] is used but has no driver.
Warning: Wire $paramod$fa37c86f6ef8a85a222bbe1925a5f939cfc5b900\ibex_ex_block.\multdiv_imd_val_d [4] is used but has no driver.
Warning: Wire $paramod$fa37c86f6ef8a85a222bbe1925a5f939cfc5b900\ibex_ex_block.\multdiv_imd_val_d [3] is used but has no driver.
Warning: Wire $paramod$fa37c86f6ef8a85a222bbe1925a5f939cfc5b900\ibex_ex_block.\multdiv_imd_val_d [2] is used but has no driver.
Warning: Wire $paramod$fa37c86f6ef8a85a222bbe1925a5f939cfc5b900\ibex_ex_block.\multdiv_imd_val_d [1] is used but has no driver.
Warning: Wire $paramod$fa37c86f6ef8a85a222bbe1925a5f939cfc5b900\ibex_ex_block.\multdiv_imd_val_d [0] is used but has no driver.
Warning: Wire $paramod$fa37c86f6ef8a85a222bbe1925a5f939cfc5b900\ibex_ex_block.\multdiv_imd_val_we [1] is used but has no driver.
Warning: Wire $paramod$fa37c86f6ef8a85a222bbe1925a5f939cfc5b900\ibex_ex_block.\multdiv_imd_val_we [0] is used but has no driver.
Warning: Wire $paramod$fa37c86f6ef8a85a222bbe1925a5f939cfc5b900\ibex_ex_block.\multdiv_result [31] is used but has no driver.
Warning: Wire $paramod$fa37c86f6ef8a85a222bbe1925a5f939cfc5b900\ibex_ex_block.\multdiv_result [30] is used but has no driver.
Warning: Wire $paramod$fa37c86f6ef8a85a222bbe1925a5f939cfc5b900\ibex_ex_block.\multdiv_result [29] is used but has no driver.
Warning: Wire $paramod$fa37c86f6ef8a85a222bbe1925a5f939cfc5b900\ibex_ex_block.\multdiv_result [28] is used but has no driver.
Warning: Wire $paramod$fa37c86f6ef8a85a222bbe1925a5f939cfc5b900\ibex_ex_block.\multdiv_result [27] is used but has no driver.
Warning: Wire $paramod$fa37c86f6ef8a85a222bbe1925a5f939cfc5b900\ibex_ex_block.\multdiv_result [26] is used but has no driver.
Warning: Wire $paramod$fa37c86f6ef8a85a222bbe1925a5f939cfc5b900\ibex_ex_block.\multdiv_result [25] is used but has no driver.
Warning: Wire $paramod$fa37c86f6ef8a85a222bbe1925a5f939cfc5b900\ibex_ex_block.\multdiv_result [24] is used but has no driver.
Warning: Wire $paramod$fa37c86f6ef8a85a222bbe1925a5f939cfc5b900\ibex_ex_block.\multdiv_result [23] is used but has no driver.
Warning: Wire $paramod$fa37c86f6ef8a85a222bbe1925a5f939cfc5b900\ibex_ex_block.\multdiv_result [22] is used but has no driver.
Warning: Wire $paramod$fa37c86f6ef8a85a222bbe1925a5f939cfc5b900\ibex_ex_block.\multdiv_result [21] is used but has no driver.
Warning: Wire $paramod$fa37c86f6ef8a85a222bbe1925a5f939cfc5b900\ibex_ex_block.\multdiv_result [20] is used but has no driver.
Warning: Wire $paramod$fa37c86f6ef8a85a222bbe1925a5f939cfc5b900\ibex_ex_block.\multdiv_result [19] is used but has no driver.
Warning: Wire $paramod$fa37c86f6ef8a85a222bbe1925a5f939cfc5b900\ibex_ex_block.\multdiv_result [18] is used but has no driver.
Warning: Wire $paramod$fa37c86f6ef8a85a222bbe1925a5f939cfc5b900\ibex_ex_block.\multdiv_result [17] is used but has no driver.
Warning: Wire $paramod$fa37c86f6ef8a85a222bbe1925a5f939cfc5b900\ibex_ex_block.\multdiv_result [16] is used but has no driver.
Warning: Wire $paramod$fa37c86f6ef8a85a222bbe1925a5f939cfc5b900\ibex_ex_block.\multdiv_result [15] is used but has no driver.
Warning: Wire $paramod$fa37c86f6ef8a85a222bbe1925a5f939cfc5b900\ibex_ex_block.\multdiv_result [14] is used but has no driver.
Warning: Wire $paramod$fa37c86f6ef8a85a222bbe1925a5f939cfc5b900\ibex_ex_block.\multdiv_result [13] is used but has no driver.
Warning: Wire $paramod$fa37c86f6ef8a85a222bbe1925a5f939cfc5b900\ibex_ex_block.\multdiv_result [12] is used but has no driver.
Warning: Wire $paramod$fa37c86f6ef8a85a222bbe1925a5f939cfc5b900\ibex_ex_block.\multdiv_result [11] is used but has no driver.
Warning: Wire $paramod$fa37c86f6ef8a85a222bbe1925a5f939cfc5b900\ibex_ex_block.\multdiv_result [10] is used but has no driver.
Warning: Wire $paramod$fa37c86f6ef8a85a222bbe1925a5f939cfc5b900\ibex_ex_block.\multdiv_result [9] is used but has no driver.
Warning: Wire $paramod$fa37c86f6ef8a85a222bbe1925a5f939cfc5b900\ibex_ex_block.\multdiv_result [8] is used but has no driver.
Warning: Wire $paramod$fa37c86f6ef8a85a222bbe1925a5f939cfc5b900\ibex_ex_block.\multdiv_result [7] is used but has no driver.
Warning: Wire $paramod$fa37c86f6ef8a85a222bbe1925a5f939cfc5b900\ibex_ex_block.\multdiv_result [6] is used but has no driver.
Warning: Wire $paramod$fa37c86f6ef8a85a222bbe1925a5f939cfc5b900\ibex_ex_block.\multdiv_result [5] is used but has no driver.
Warning: Wire $paramod$fa37c86f6ef8a85a222bbe1925a5f939cfc5b900\ibex_ex_block.\multdiv_result [4] is used but has no driver.
Warning: Wire $paramod$fa37c86f6ef8a85a222bbe1925a5f939cfc5b900\ibex_ex_block.\multdiv_result [3] is used but has no driver.
Warning: Wire $paramod$fa37c86f6ef8a85a222bbe1925a5f939cfc5b900\ibex_ex_block.\multdiv_result [2] is used but has no driver.
Warning: Wire $paramod$fa37c86f6ef8a85a222bbe1925a5f939cfc5b900\ibex_ex_block.\multdiv_result [1] is used but has no driver.
Warning: Wire $paramod$fa37c86f6ef8a85a222bbe1925a5f939cfc5b900\ibex_ex_block.\multdiv_result [0] is used but has no driver.
Warning: Wire $paramod$fa37c86f6ef8a85a222bbe1925a5f939cfc5b900\ibex_ex_block.\multdiv_alu_operand_a [32] is used but has no driver.
Warning: Wire $paramod$fa37c86f6ef8a85a222bbe1925a5f939cfc5b900\ibex_ex_block.\multdiv_alu_operand_a [31] is used but has no driver.
Warning: Wire $paramod$fa37c86f6ef8a85a222bbe1925a5f939cfc5b900\ibex_ex_block.\multdiv_alu_operand_a [30] is used but has no driver.
Warning: Wire $paramod$fa37c86f6ef8a85a222bbe1925a5f939cfc5b900\ibex_ex_block.\multdiv_alu_operand_a [29] is used but has no driver.
Warning: Wire $paramod$fa37c86f6ef8a85a222bbe1925a5f939cfc5b900\ibex_ex_block.\multdiv_alu_operand_a [28] is used but has no driver.
Warning: Wire $paramod$fa37c86f6ef8a85a222bbe1925a5f939cfc5b900\ibex_ex_block.\multdiv_alu_operand_a [27] is used but has no driver.
Warning: Wire $paramod$fa37c86f6ef8a85a222bbe1925a5f939cfc5b900\ibex_ex_block.\multdiv_alu_operand_a [26] is used but has no driver.
Warning: Wire $paramod$fa37c86f6ef8a85a222bbe1925a5f939cfc5b900\ibex_ex_block.\multdiv_alu_operand_a [25] is used but has no driver.
Warning: Wire $paramod$fa37c86f6ef8a85a222bbe1925a5f939cfc5b900\ibex_ex_block.\multdiv_alu_operand_a [24] is used but has no driver.
Warning: Wire $paramod$fa37c86f6ef8a85a222bbe1925a5f939cfc5b900\ibex_ex_block.\multdiv_alu_operand_a [23] is used but has no driver.
Warning: Wire $paramod$fa37c86f6ef8a85a222bbe1925a5f939cfc5b900\ibex_ex_block.\multdiv_alu_operand_a [22] is used but has no driver.
Warning: Wire $paramod$fa37c86f6ef8a85a222bbe1925a5f939cfc5b900\ibex_ex_block.\multdiv_alu_operand_a [21] is used but has no driver.
Warning: Wire $paramod$fa37c86f6ef8a85a222bbe1925a5f939cfc5b900\ibex_ex_block.\multdiv_alu_operand_a [20] is used but has no driver.
Warning: Wire $paramod$fa37c86f6ef8a85a222bbe1925a5f939cfc5b900\ibex_ex_block.\multdiv_alu_operand_a [19] is used but has no driver.
Warning: Wire $paramod$fa37c86f6ef8a85a222bbe1925a5f939cfc5b900\ibex_ex_block.\multdiv_alu_operand_a [18] is used but has no driver.
Warning: Wire $paramod$fa37c86f6ef8a85a222bbe1925a5f939cfc5b900\ibex_ex_block.\multdiv_alu_operand_a [17] is used but has no driver.
Warning: Wire $paramod$fa37c86f6ef8a85a222bbe1925a5f939cfc5b900\ibex_ex_block.\multdiv_alu_operand_a [16] is used but has no driver.
Warning: Wire $paramod$fa37c86f6ef8a85a222bbe1925a5f939cfc5b900\ibex_ex_block.\multdiv_alu_operand_a [15] is used but has no driver.
Warning: Wire $paramod$fa37c86f6ef8a85a222bbe1925a5f939cfc5b900\ibex_ex_block.\multdiv_alu_operand_a [14] is used but has no driver.
Warning: Wire $paramod$fa37c86f6ef8a85a222bbe1925a5f939cfc5b900\ibex_ex_block.\multdiv_alu_operand_a [13] is used but has no driver.
Warning: Wire $paramod$fa37c86f6ef8a85a222bbe1925a5f939cfc5b900\ibex_ex_block.\multdiv_alu_operand_a [12] is used but has no driver.
Warning: Wire $paramod$fa37c86f6ef8a85a222bbe1925a5f939cfc5b900\ibex_ex_block.\multdiv_alu_operand_a [11] is used but has no driver.
Warning: Wire $paramod$fa37c86f6ef8a85a222bbe1925a5f939cfc5b900\ibex_ex_block.\multdiv_alu_operand_a [10] is used but has no driver.
Warning: Wire $paramod$fa37c86f6ef8a85a222bbe1925a5f939cfc5b900\ibex_ex_block.\multdiv_alu_operand_a [9] is used but has no driver.
Warning: Wire $paramod$fa37c86f6ef8a85a222bbe1925a5f939cfc5b900\ibex_ex_block.\multdiv_alu_operand_a [8] is used but has no driver.
Warning: Wire $paramod$fa37c86f6ef8a85a222bbe1925a5f939cfc5b900\ibex_ex_block.\multdiv_alu_operand_a [7] is used but has no driver.
Warning: Wire $paramod$fa37c86f6ef8a85a222bbe1925a5f939cfc5b900\ibex_ex_block.\multdiv_alu_operand_a [6] is used but has no driver.
Warning: Wire $paramod$fa37c86f6ef8a85a222bbe1925a5f939cfc5b900\ibex_ex_block.\multdiv_alu_operand_a [5] is used but has no driver.
Warning: Wire $paramod$fa37c86f6ef8a85a222bbe1925a5f939cfc5b900\ibex_ex_block.\multdiv_alu_operand_a [4] is used but has no driver.
Warning: Wire $paramod$fa37c86f6ef8a85a222bbe1925a5f939cfc5b900\ibex_ex_block.\multdiv_alu_operand_a [3] is used but has no driver.
Warning: Wire $paramod$fa37c86f6ef8a85a222bbe1925a5f939cfc5b900\ibex_ex_block.\multdiv_alu_operand_a [2] is used but has no driver.
Warning: Wire $paramod$fa37c86f6ef8a85a222bbe1925a5f939cfc5b900\ibex_ex_block.\multdiv_alu_operand_a [1] is used but has no driver.
Warning: Wire $paramod$fa37c86f6ef8a85a222bbe1925a5f939cfc5b900\ibex_ex_block.\multdiv_alu_operand_a [0] is used but has no driver.
Warning: Wire $paramod$fa37c86f6ef8a85a222bbe1925a5f939cfc5b900\ibex_ex_block.\multdiv_alu_operand_b [32] is used but has no driver.
Warning: Wire $paramod$fa37c86f6ef8a85a222bbe1925a5f939cfc5b900\ibex_ex_block.\multdiv_alu_operand_b [31] is used but has no driver.
Warning: Wire $paramod$fa37c86f6ef8a85a222bbe1925a5f939cfc5b900\ibex_ex_block.\multdiv_alu_operand_b [30] is used but has no driver.
Warning: Wire $paramod$fa37c86f6ef8a85a222bbe1925a5f939cfc5b900\ibex_ex_block.\multdiv_alu_operand_b [29] is used but has no driver.
Warning: Wire $paramod$fa37c86f6ef8a85a222bbe1925a5f939cfc5b900\ibex_ex_block.\multdiv_alu_operand_b [28] is used but has no driver.
Warning: Wire $paramod$fa37c86f6ef8a85a222bbe1925a5f939cfc5b900\ibex_ex_block.\multdiv_alu_operand_b [27] is used but has no driver.
Warning: Wire $paramod$fa37c86f6ef8a85a222bbe1925a5f939cfc5b900\ibex_ex_block.\multdiv_alu_operand_b [26] is used but has no driver.
Warning: Wire $paramod$fa37c86f6ef8a85a222bbe1925a5f939cfc5b900\ibex_ex_block.\multdiv_alu_operand_b [25] is used but has no driver.
Warning: Wire $paramod$fa37c86f6ef8a85a222bbe1925a5f939cfc5b900\ibex_ex_block.\multdiv_alu_operand_b [24] is used but has no driver.
Warning: Wire $paramod$fa37c86f6ef8a85a222bbe1925a5f939cfc5b900\ibex_ex_block.\multdiv_alu_operand_b [23] is used but has no driver.
Warning: Wire $paramod$fa37c86f6ef8a85a222bbe1925a5f939cfc5b900\ibex_ex_block.\multdiv_alu_operand_b [22] is used but has no driver.
Warning: Wire $paramod$fa37c86f6ef8a85a222bbe1925a5f939cfc5b900\ibex_ex_block.\multdiv_alu_operand_b [21] is used but has no driver.
Warning: Wire $paramod$fa37c86f6ef8a85a222bbe1925a5f939cfc5b900\ibex_ex_block.\multdiv_alu_operand_b [20] is used but has no driver.
Warning: Wire $paramod$fa37c86f6ef8a85a222bbe1925a5f939cfc5b900\ibex_ex_block.\multdiv_alu_operand_b [19] is used but has no driver.
Warning: Wire $paramod$fa37c86f6ef8a85a222bbe1925a5f939cfc5b900\ibex_ex_block.\multdiv_alu_operand_b [18] is used but has no driver.
Warning: Wire $paramod$fa37c86f6ef8a85a222bbe1925a5f939cfc5b900\ibex_ex_block.\multdiv_alu_operand_b [17] is used but has no driver.
Warning: Wire $paramod$fa37c86f6ef8a85a222bbe1925a5f939cfc5b900\ibex_ex_block.\multdiv_alu_operand_b [16] is used but has no driver.
Warning: Wire $paramod$fa37c86f6ef8a85a222bbe1925a5f939cfc5b900\ibex_ex_block.\multdiv_alu_operand_b [15] is used but has no driver.
Warning: Wire $paramod$fa37c86f6ef8a85a222bbe1925a5f939cfc5b900\ibex_ex_block.\multdiv_alu_operand_b [14] is used but has no driver.
Warning: Wire $paramod$fa37c86f6ef8a85a222bbe1925a5f939cfc5b900\ibex_ex_block.\multdiv_alu_operand_b [13] is used but has no driver.
Warning: Wire $paramod$fa37c86f6ef8a85a222bbe1925a5f939cfc5b900\ibex_ex_block.\multdiv_alu_operand_b [12] is used but has no driver.
Warning: Wire $paramod$fa37c86f6ef8a85a222bbe1925a5f939cfc5b900\ibex_ex_block.\multdiv_alu_operand_b [11] is used but has no driver.
Warning: Wire $paramod$fa37c86f6ef8a85a222bbe1925a5f939cfc5b900\ibex_ex_block.\multdiv_alu_operand_b [10] is used but has no driver.
Warning: Wire $paramod$fa37c86f6ef8a85a222bbe1925a5f939cfc5b900\ibex_ex_block.\multdiv_alu_operand_b [9] is used but has no driver.
Warning: Wire $paramod$fa37c86f6ef8a85a222bbe1925a5f939cfc5b900\ibex_ex_block.\multdiv_alu_operand_b [8] is used but has no driver.
Warning: Wire $paramod$fa37c86f6ef8a85a222bbe1925a5f939cfc5b900\ibex_ex_block.\multdiv_alu_operand_b [7] is used but has no driver.
Warning: Wire $paramod$fa37c86f6ef8a85a222bbe1925a5f939cfc5b900\ibex_ex_block.\multdiv_alu_operand_b [6] is used but has no driver.
Warning: Wire $paramod$fa37c86f6ef8a85a222bbe1925a5f939cfc5b900\ibex_ex_block.\multdiv_alu_operand_b [5] is used but has no driver.
Warning: Wire $paramod$fa37c86f6ef8a85a222bbe1925a5f939cfc5b900\ibex_ex_block.\multdiv_alu_operand_b [4] is used but has no driver.
Warning: Wire $paramod$fa37c86f6ef8a85a222bbe1925a5f939cfc5b900\ibex_ex_block.\multdiv_alu_operand_b [3] is used but has no driver.
Warning: Wire $paramod$fa37c86f6ef8a85a222bbe1925a5f939cfc5b900\ibex_ex_block.\multdiv_alu_operand_b [2] is used but has no driver.
Warning: Wire $paramod$fa37c86f6ef8a85a222bbe1925a5f939cfc5b900\ibex_ex_block.\multdiv_alu_operand_b [1] is used but has no driver.
Warning: Wire $paramod$fa37c86f6ef8a85a222bbe1925a5f939cfc5b900\ibex_ex_block.\multdiv_alu_operand_b [0] is used but has no driver.
Warning: Wire $paramod$fa37c86f6ef8a85a222bbe1925a5f939cfc5b900\ibex_ex_block.\multdiv_valid is used but has no driver.
Checking module $paramod$a1f82ff8dd7f02ea405ce72f1e83a511ee16121c\ibex_load_store_unit...
Checking module $paramod\ibex_wb_stage\ResetAll=1'1\WritebackStage=1'1\DummyInstructions=1'0...
Checking module $paramod$5714e31d82f2b8816750797f158ebea69a089104\ibex_csr...
Checking module prim_generic_clock_gating...
Checking module $paramod\prim_generic_buf\Width=s32'00000000000000000000000000000100...
Checking module $paramod$9965f29857664148d24e0207d195fc610cce17ac\ibex_if_stage...
Checking module $paramod$40ece52504ff00c302be66a0111a4ec3d1608ab5\ibex_register_file_ff...
Checking module $paramod$c16eccae153ba9fb8fce8498c4f7e85e78010c3f\ibex_counter...
Checking module $paramod\ibex_fetch_fifo\NUM_REQS=32'00000000000000000000000000000010\ResetAll=1'1...
Checking module $paramod$38aa04165534c75a0a4935f073a2885eaa0a33f1\ibex_cs_registers...
Checking module $paramod$e55993a14b1fbc43320d549f521b710ed37596c6\ibex_csr...
Checking module $paramod$4f46e25470a27719ee9ca03cee1a0827eff766f7\ibex_csr...
Checking module $paramod$9a435d8f6db004a67362aa9a56f32ea481a74dbe\ibex_csr...
Checking module $paramod$410b37fbfbfa994790f1902c150d2be939cadb3b\ibex_csr...
Checking module $paramod$85ba01ab5a28334786aba5877c1fe04472f39fba\ibex_csr...
Checking module $paramod$34601000fe8707ce2501f5ed778e152043201712\ibex_csr...
Checking module $paramod\ibex_counter\CounterWidth=s32'00000000000000000000000001000000...
Found and reported 169 problems.
