┏━━━━━━━━━━━━━━━━━━━━━━┳━━━━━━━━━━┳━━━━━━━━━━┳━━━━━━━━━━┳━━━━━━━━━━┳━━━━━━━━━━━┳━━━━━━━━━━┳━━━━━━━━━━━┳━━━━━━━━━━┳━━━━━━━━━━━┳━━━━━━━━━━┳━━━━━━━━━━━┳━━━━━━━━━━┓
┃                      ┃ Hold     ┃ Reg to   ┃          ┃          ┃ of which  ┃ Setup    ┃           ┃          ┃           ┃ of which ┃           ┃          ┃
┃                      ┃ Worst    ┃ Reg      ┃          ┃ Hold Vio ┃ reg to    ┃ Worst    ┃ Reg to    ┃ Setup    ┃ Setup Vio ┃ reg to   ┃ Max Cap   ┃ Max Slew ┃
┃ Corner/Group         ┃ Slack    ┃ Paths    ┃ Hold TNS ┃ Count    ┃ reg       ┃ Slack    ┃ Reg Paths ┃ TNS      ┃ Count     ┃ reg      ┃ Violatio… ┃ Violati… ┃
┡━━━━━━━━━━━━━━━━━━━━━━╇━━━━━━━━━━╇━━━━━━━━━━╇━━━━━━━━━━╇━━━━━━━━━━╇━━━━━━━━━━━╇━━━━━━━━━━╇━━━━━━━━━━━╇━━━━━━━━━━╇━━━━━━━━━━━╇━━━━━━━━━━╇━━━━━━━━━━━╇━━━━━━━━━━┩
│ Overall              │ 0.0654   │ 0.0654   │ 0.0000   │ 0        │ 0         │ -41.3235 │ -19.7006  │ -90845.… │ 7239      │ 1479     │ 25        │ 6260     │
│ nom_tt_025C_1v80     │ 0.2390   │ 0.2390   │ 0.0000   │ 0        │ 0         │ -22.8418 │ -4.1839   │ -44903.… │ 2592      │ 674      │ 11        │ 3949     │
│ nom_ss_100C_1v60     │ 0.7233   │ 0.7233   │ 0.0000   │ 0        │ 0         │ -41.3235 │ -19.7006  │ -90845.… │ 2776      │ 805      │ 25        │ 6260     │
│ nom_ff_n40C_1v95     │ 0.0654   │ 0.0654   │ 0.0000   │ 0        │ 0         │ -14.3981 │ 1.6229    │ -26868.… │ 1871      │ 0        │ 10        │ 2979     │
└──────────────────────┴──────────┴──────────┴──────────┴──────────┴───────────┴──────────┴───────────┴──────────┴───────────┴──────────┴───────────┴──────────┘
