Reading timing models for corner nom_tt_025C_1v80…
Reading timing library for the 'nom_tt_025C_1v80' corner at '/pdk/volare/sky130/versions/0fe599b2afb6708d281543108caf8310912f54af/sky130A/libs.ref/sky130_fd_sc_hd/lib/sky130_fd_sc_hd__tt_025C_1v80.lib'…
Reading timing models for corner nom_ff_n40C_1v95…
Reading timing library for the 'nom_ff_n40C_1v95' corner at '/pdk/volare/sky130/versions/0fe599b2afb6708d281543108caf8310912f54af/sky130A/libs.ref/sky130_fd_sc_hd/lib/sky130_fd_sc_hd__ff_n40C_1v95.lib'…
Reading timing models for corner nom_ss_100C_1v60…
Reading timing library for the 'nom_ss_100C_1v60' corner at '/pdk/volare/sky130/versions/0fe599b2afb6708d281543108caf8310912f54af/sky130A/libs.ref/sky130_fd_sc_hd/lib/sky130_fd_sc_hd__ss_100C_1v60.lib'…
Reading OpenROAD database at '/work/runs/fathom-20260905T140607Z/34-openroad-cts/ibex_top.odb'…
Reading design constraints file at '/nix/store/0cgica8q52vjb9a7vbwaccncbajs33gx-python3-3.11.9-env/lib/python3.11/site-packages/openlane/scripts/base.sdc'…
[INFO] Using clock clk_i…
[INFO] Setting output delay to: 2.0
[INFO] Setting input delay to: 2.0
[INFO] Setting load to: 0.033442
[INFO] Setting clock uncertainty to: 0.25
[INFO] Setting clock transition to: 0.1499999999999999944488848768742172978818416595458984375
[INFO] Setting timing derate to: 5%
[INFO] Setting RC values…
[INFO RSZ-0094] Found 872 endpoints with setup violations.
[INFO RSZ-0099] Repairing 872 out of 872 (100.00%) violating endpoints...
   Iter   | Removed | Resized | Inserted | Cloned |  Pin  |    WNS   |   TNS      |  Viol  | Worst
          | Buffers |  Gates  | Buffers  |  Gates | Swaps |          |            | Endpts | Endpt
---------------------------------------------------------------------------------------------------
        0 |       0 |       0 |        0 |      0 |     0 |  -16.770 |   -11554.2 |    872 | _14786_/D
       10 |       0 |       8 |        0 |      0 |     1 |  -15.385 |   -10539.7 |    872 | _14947_/D
       20 |       0 |      18 |        0 |      0 |     1 |  -14.871 |   -10345.0 |    872 | _14417_/D
       30 |       0 |      24 |        4 |      0 |     3 |  -14.345 |    -9979.0 |    872 | _15146_/D
       40 |       0 |      33 |        4 |      0 |     4 |  -14.348 |   -10027.9 |    872 | _15009_/D
       50 |       0 |      43 |        4 |      0 |     4 |  -14.136 |    -9865.3 |    872 | _14786_/D
       60 |       0 |      51 |        8 |      0 |     5 |  -13.869 |    -9698.0 |    872 | _14786_/D
       70 |       0 |      58 |        8 |      0 |     8 |  -13.726 |    -9591.9 |    872 | _14786_/D
       80 |       0 |      66 |       13 |      0 |     8 |  -13.560 |    -9522.7 |    872 | _14786_/D
       90 |       0 |      73 |       13 |      1 |    10 |  -13.438 |    -9425.0 |    872 | _14786_/D
      100 |       0 |      83 |       13 |      1 |    10 |  -13.240 |    -9371.6 |    872 | _14786_/D
      110 |       0 |      87 |       23 |      3 |    10 |  -13.154 |    -9259.3 |    872 | _14777_/D
      120 |       0 |      96 |       23 |      3 |    11 |  -12.996 |    -9241.6 |    872 | _14738_/D
      130 |       0 |     106 |       23 |      3 |    11 |  -12.954 |    -9209.9 |    872 | _14786_/D
      140 |       0 |     112 |       23 |      3 |    15 |  -13.111 |    -9287.8 |    872 | _14786_/D
      150 |       0 |     120 |       23 |      3 |    17 |  -12.950 |    -9205.6 |    872 | _14748_/D
      160 |       0 |     129 |       23 |      3 |    18 |  -13.074 |    -9296.9 |    872 | _14786_/D
      170 |       0 |     135 |       25 |      4 |    20 |  -12.948 |    -9205.4 |    872 | _14786_/D
      180 |       0 |     141 |       27 |      5 |    22 |  -12.880 |    -9150.1 |    872 | _14786_/D
      190 |       0 |     149 |       27 |      6 |    23 |  -12.660 |    -9004.6 |    872 | _14947_/D
      200 |       0 |     159 |       27 |      6 |    23 |  -12.568 |    -8927.2 |    872 | _14786_/D
      210 |       0 |     167 |       27 |      6 |    25 |  -12.669 |    -8999.5 |    872 | _14786_/D
      220 |       0 |     175 |       27 |      8 |    25 |  -12.613 |    -8852.8 |    872 | _14782_/D
      230 |       0 |     185 |       27 |      8 |    25 |  -12.444 |    -8851.0 |    872 | _14749_/D
      240 |       0 |     193 |       29 |      8 |    26 |  -12.342 |    -8792.7 |    872 | _14760_/D
      250 |       0 |     202 |       29 |      9 |    26 |  -12.318 |    -8789.8 |    872 | _14974_/D
      260 |       0 |     212 |       29 |      9 |    26 |  -12.296 |    -8782.4 |    872 | _14749_/D
      270 |       0 |     221 |       29 |     10 |    26 |  -12.282 |    -8777.1 |    872 | _14749_/D
      280 |       0 |     230 |       29 |     11 |    26 |  -12.156 |    -8709.0 |    872 | _15260_/D
      290 |       0 |     237 |       29 |     13 |    27 |  -12.238 |    -8757.5 |    872 | _14738_/D
      300 |       0 |     243 |       29 |     14 |    30 |  -12.205 |    -8758.4 |    872 | _14744_/D
      310 |       0 |     250 |       31 |     15 |    31 |  -12.141 |    -8714.3 |    872 | _14735_/D
      320 |       0 |     257 |       33 |     16 |    32 |  -12.103 |    -8692.1 |    872 | _14727_/D
      330 |       0 |     267 |       33 |     16 |    32 |  -12.101 |    -8697.6 |    872 | _15229_/D
      340 |       0 |     275 |       33 |     17 |    33 |  -12.107 |    -8694.9 |    872 | _14412_/D
      350 |       0 |     279 |       37 |     17 |    37 |  -12.193 |    -8754.3 |    872 | _14416_/D
      360 |       0 |     286 |       40 |     17 |    39 |  -12.067 |    -8671.4 |    872 | _14421_/D
      370 |       0 |     295 |       40 |     18 |    39 |  -12.054 |    -8670.5 |    872 | _14727_/D
      380 |       0 |     304 |       40 |     19 |    39 |  -12.077 |    -8671.6 |    872 | _14424_/D
      390 |       0 |     313 |       40 |     20 |    39 |  -12.056 |    -8670.7 |    872 | _14398_/D
      398 |       0 |     320 |       40 |     20 |    39 |  -12.040 |    -8669.7 |    872 | _14749_/D
      400 |       0 |     321 |       40 |     20 |    39 |  -12.053 |    -8669.8 |    872 | _14786_/D
      401 |       0 |     321 |       40 |     20 |    39 |  -12.053 |    -8669.8 |    872 | _14786_/D
      404 |       0 |     322 |       40 |     20 |    39 |  -12.053 |    -8669.8 |    872 | _14786_/D
      407 |       0 |     323 |       40 |     20 |    39 |  -12.053 |    -8669.8 |    872 | _14786_/D
      410 |       0 |     325 |       40 |     20 |    39 |  -12.057 |    -8669.7 |    872 | _14786_/D
      410 |       0 |     324 |       40 |     20 |    39 |  -12.052 |    -8669.8 |    872 | _14786_/D
      412 |       0 |     325 |       40 |     20 |    39 |  -12.052 |    -8669.7 |    872 | _14786_/D
      415 |       0 |     327 |       40 |     20 |    39 |  -12.052 |    -8669.5 |    872 | _14786_/D
      418 |       0 |     329 |       40 |     20 |    39 |  -12.052 |    -8669.4 |    872 | _14786_/D
      420 |       0 |     330 |       40 |     20 |    39 |  -12.052 |    -8669.4 |    872 | _14786_/D
      421 |       0 |     331 |       40 |     20 |    39 |  -12.052 |    -8669.3 |    872 | _14786_/D
      422 |       0 |     331 |       40 |     20 |    39 |  -12.052 |    -8669.3 |    872 | _14786_/D
      423 |       0 |     331 |       40 |     20 |    39 |  -12.052 |    -8669.3 |    872 | _14786_/D
      424 |       0 |     331 |       40 |     20 |    39 |  -12.052 |    -8669.3 |    872 | _14786_/D
      425 |       0 |     331 |       40 |     20 |    39 |  -12.052 |    -8669.3 |    872 | _14786_/D
      426 |       0 |     331 |       40 |     20 |    39 |  -12.052 |    -8669.3 |    872 | _14786_/D
      427 |       0 |     331 |       40 |     20 |    39 |  -12.052 |    -8669.3 |    872 | _14786_/D
      428 |       0 |     331 |       40 |     20 |    39 |  -12.052 |    -8669.3 |    872 | _14786_/D
      429 |       0 |     331 |       40 |     20 |    39 |  -12.052 |    -8669.3 |    872 | _14786_/D
      430 |       0 |     331 |       40 |     20 |    39 |  -12.052 |    -8669.3 |    872 | _14786_/D
      430 |       0 |     331 |       40 |     20 |    39 |  -12.052 |    -8669.3 |    872 | _14786_/D
      431 |       0 |     331 |       40 |     20 |    39 |  -12.052 |    -8669.3 |    872 | _14786_/D
      440 |       0 |     335 |       40 |     22 |    41 |  -12.098 |    -8680.3 |    872 | _14974_/D
      446 |       0 |     337 |       40 |     20 |    39 |  -12.052 |    -8671.1 |    872 | _14786_/D
      447 |       0 |     337 |       40 |     20 |    39 |  -12.052 |    -8671.1 |    872 | _14786_/D
      450 |       0 |     338 |       40 |     21 |    39 |  -12.052 |    -8670.6 |    872 | _14786_/D
      454 |       0 |     340 |       40 |     21 |    39 |  -12.052 |    -8670.3 |    872 | _14786_/D
      458 |       0 |     341 |       40 |     21 |    39 |  -12.052 |    -8670.3 |    872 | _14786_/D
      459 |       0 |     341 |       40 |     21 |    39 |  -12.052 |    -8670.3 |    872 | _14786_/D
      460 |       0 |     341 |       40 |     21 |    39 |  -12.052 |    -8670.3 |    872 | _14786_/D
      460 |       0 |     341 |       40 |     21 |    39 |  -12.052 |    -8670.3 |    872 | _14786_/D
      464 |       0 |     342 |       40 |     21 |    39 |  -12.052 |    -8670.3 |    872 | _14786_/D
      468 |       0 |     343 |       40 |     21 |    39 |  -12.052 |    -8670.3 |    872 | _14786_/D
      470 |       0 |     343 |       40 |     22 |    39 |  -12.186 |    -8671.0 |    872 | _15140_/D
      476 |       0 |     349 |       40 |     22 |    39 |  -12.052 |    -8669.9 |    872 | _14786_/D
      479 |       0 |     350 |       40 |     22 |    40 |  -12.052 |    -8669.9 |    872 | _14786_/D
      480 |       0 |     350 |       40 |     22 |    40 |  -12.052 |    -8669.9 |    872 | _14786_/D
      484 |       0 |     353 |       40 |     23 |    40 |  -12.052 |    -8670.1 |    872 | _14786_/D
      490 |       0 |     357 |       40 |     24 |    40 |  -12.104 |    -8670.6 |    872 | _14451_/D
      490 |       0 |     354 |       40 |     23 |    40 |  -12.067 |    -8670.7 |    872 | _14448_/D
      496 |       0 |     356 |       40 |     23 |    40 |  -12.052 |    -8670.6 |    872 | _14786_/D
      500 |       0 |     358 |       40 |     24 |    40 |  -12.104 |    -8670.7 |    872 | _14451_/D
      501 |       0 |     357 |       40 |     23 |    40 |  -12.052 |    -8670.6 |    872 | _14786_/D
      509 |       0 |     362 |       40 |     25 |    40 |  -12.052 |    -8669.9 |    872 | _14786_/D
      510 |       0 |     362 |       40 |     25 |    40 |  -12.052 |    -8669.9 |    872 | _14786_/D
      512 |       0 |     364 |       40 |     25 |    40 |  -12.052 |    -8669.8 |    872 | _14786_/D
      515 |       0 |     366 |       40 |     25 |    40 |  -12.052 |    -8669.6 |    872 | _14786_/D
      520 |       0 |     370 |       40 |     25 |    40 |  -12.052 |    -8669.4 |    872 | _14786_/D
      521 |       0 |     370 |       40 |     25 |    41 |  -12.052 |    -8669.4 |    872 | _14786_/D
      522 |       0 |     370 |       40 |     25 |    41 |  -12.052 |    -8669.4 |    872 | _14786_/D
      526 |       0 |     372 |       40 |     25 |    42 |  -12.052 |    -8669.3 |    872 | _14786_/D
      530 |       0 |     374 |       40 |     26 |    42 |  -12.104 |    -8669.4 |    872 | _14451_/D
      530 |       0 |     373 |       40 |     25 |    42 |  -12.052 |    -8669.3 |    872 | _14786_/D
      533 |       0 |     375 |       40 |     25 |    42 |  -12.052 |    -8669.2 |    872 | _14786_/D
      540 |       0 |     379 |       40 |     26 |    43 |  -12.052 |    -8669.0 |    872 | _14786_/D
      540 |       0 |     379 |       40 |     26 |    43 |  -12.052 |    -8669.0 |    872 | _14786_/D
      543 |       0 |     380 |       40 |     26 |    43 |  -12.052 |    -8668.9 |    872 | _14786_/D
      550 |       0 |     385 |       40 |     27 |    43 |  -12.162 |    -8668.8 |    872 | _14764_/D
      551 |       0 |     382 |       40 |     26 |    43 |  -12.052 |    -8668.9 |    872 | _14786_/D
      556 |       0 |     386 |       40 |     26 |    43 |  -12.052 |    -8668.7 |    872 | _14786_/D
      560 |       0 |     388 |       40 |     27 |    43 |  -12.183 |    -8669.4 |    872 | _14764_/D
      563 |       0 |     388 |       40 |     26 |    43 |  -12.052 |    -8668.7 |    872 | _14786_/D
      570 |       0 |     394 |       40 |     26 |    43 |  -12.073 |    -8668.2 |    872 | _14786_/D
      580 |       0 |     402 |       40 |     28 |    43 |  -12.168 |    -8668.3 |    872 | _14400_/D
      587 |       0 |     402 |       40 |     26 |    43 |  -12.052 |    -8668.7 |    872 | _14786_/D
      590 |       0 |     404 |       40 |     26 |    43 |  -12.065 |    -8668.1 |    872 | _14786_/D
      595 |       0 |     404 |       40 |     26 |    43 |  -12.052 |    -8668.7 |    872 | _14786_/D
      600 |       0 |     407 |       40 |     27 |    43 |  -12.162 |    -8668.8 |    872 | _14764_/D
      602 |       0 |     406 |       40 |     26 |    43 |  -12.052 |    -8668.7 |    872 | _14786_/D
      610 |       0 |     412 |       40 |     27 |    43 |  -12.073 |    -8668.1 |    872 | _14786_/D
      615 |       0 |     413 |       40 |     26 |    43 |  -12.052 |    -8668.7 |    872 | _14786_/D
      620 |       0 |     417 |       40 |     26 |    43 |  -12.070 |    -8668.1 |    872 | _14786_/D
      630 |       0 |     425 |       40 |     28 |    43 |  -12.144 |    -8669.8 |    872 | _14764_/D
      639 |       0 |     427 |       40 |     26 |    43 |  -12.052 |    -8668.7 |    872 | _14786_/D
      640 |       0 |     427 |       40 |     26 |    43 |  -12.052 |    -8668.7 |    872 | _14786_/D
      650 |       0 |     436 |       40 |     27 |    43 |  -12.059 |    -8667.4 |    872 | _14786_/D
      652 |       0 |     434 |       40 |     26 |    43 |  -12.052 |    -8668.7 |    872 | _14786_/D
      655 |       0 |     435 |       40 |     26 |    43 |  -12.052 |    -8668.7 |    872 | _14786_/D
      658 |       0 |     436 |       40 |     26 |    43 |  -12.052 |    -8668.7 |    872 | _14786_/D
      660 |       0 |     437 |       40 |     26 |    43 |  -12.058 |    -8668.1 |    872 | _14786_/D
      670 |       0 |     446 |       40 |     27 |    43 |  -12.059 |    -8667.3 |    872 | _14786_/D
      671 |       0 |     443 |       40 |     26 |    43 |  -12.052 |    -8668.7 |    872 | _14786_/D
      674 |       0 |     444 |       40 |     26 |    43 |  -12.051 |    -8668.6 |    872 | _14786_/D
      680 |       0 |     448 |       40 |     27 |    43 |  -12.071 |    -8668.3 |    872 | _14786_/D
      687 |       0 |     451 |       40 |     26 |    43 |  -12.051 |    -8668.6 |    872 | _14786_/D
      690 |       0 |     453 |       40 |     26 |    43 |  -12.051 |    -8668.4 |    872 | _14786_/D
      696 |       0 |     459 |       40 |     26 |    43 |  -12.044 |    -8667.4 |    872 | _14786_/D
      699 |       0 |     461 |       40 |     26 |    43 |  -12.044 |    -8667.3 |    872 | _14786_/D
      700 |       0 |     461 |       40 |     26 |    43 |  -12.044 |    -8667.3 |    872 | _14786_/D
      704 |       0 |     463 |       40 |     26 |    43 |  -12.044 |    -8667.3 |    872 | _14786_/D
      710 |       0 |     467 |       40 |     27 |    43 |  -12.059 |    -8666.8 |    872 | _14727_/D
      715 |       0 |     466 |       40 |     26 |    43 |  -12.044 |    -8667.0 |    872 | _14786_/D
      718 |       0 |     468 |       40 |     26 |    43 |  -12.044 |    -8666.9 |    872 | _14786_/D
      720 |       0 |     469 |       40 |     26 |    43 |  -12.044 |    -8666.9 |    872 | _14786_/D
      722 |       0 |     470 |       40 |     26 |    44 |  -12.044 |    -8666.8 |    872 | _14786_/D
      725 |       0 |     472 |       40 |     26 |    44 |  -12.044 |    -8666.7 |    872 | _14786_/D
      730 |       0 |     476 |       40 |     26 |    44 |  -12.050 |    -8666.5 |    872 | _14786_/D
      737 |       0 |     476 |       42 |     26 |    44 |  -12.044 |    -8666.7 |    872 | _14786_/D
      740 |       0 |     478 |       42 |     26 |    44 |  -12.044 |    -8666.4 |    872 | _14786_/D
      750 |       0 |     485 |       42 |     28 |    45 |  -12.050 |    -8666.7 |    872 | _14749_/D
      752 |       0 |     481 |       42 |     26 |    45 |  -12.044 |    -8666.3 |    872 | _14786_/D
      760 |       0 |     486 |       42 |     28 |    45 |  -12.436 |    -8669.3 |    872 | _14400_/D
      764 |       0 |     485 |       44 |     26 |    45 |  -12.044 |    -8666.3 |    872 | _14786_/D
      770 |       0 |     488 |       44 |     27 |    46 |  -12.050 |    -8666.5 |    872 | _14749_/D
      774 |       0 |     485 |       44 |     26 |    46 |  -12.044 |    -8666.2 |    872 | _14786_/D
      780 |       0 |     489 |       44 |     27 |    46 |  -12.428 |    -8668.9 |    872 | _14400_/D
      786 |       0 |     489 |       46 |     26 |    46 |  -12.044 |    -8666.2 |    872 | _14786_/D
      790 |       0 |     492 |       46 |     26 |    46 |  -12.047 |    -8665.9 |    872 | _14786_/D
      797 |       0 |     493 |       48 |     26 |    46 |  -12.044 |    -8666.2 |    872 | _14786_/D
      800 |       0 |     495 |       48 |     26 |    46 |  -12.044 |    -8666.2 |    872 | _14786_/D
      805 |       0 |     496 |       50 |     26 |    46 |  -12.044 |    -8666.2 |    872 | _14786_/D
      808 |       0 |     498 |       50 |     26 |    46 |  -12.044 |    -8666.1 |    872 | _14786_/D
      810 |       0 |     499 |       50 |     26 |    46 |  -12.044 |    -8665.7 |    872 | _14786_/D
      817 |       0 |     505 |       50 |     27 |    46 |  -12.044 |    -8664.4 |    872 | _14786_/D
      820 |       0 |     507 |       50 |     27 |    46 |  -12.050 |    -8664.2 |    872 | _14786_/D
      830 |       0 |     516 |       50 |     28 |    46 |  -12.050 |    -8664.5 |    872 | _14786_/D
      831 |       0 |     513 |       50 |     27 |    46 |  -12.044 |    -8664.4 |    872 | _14786_/D
      834 |       0 |     515 |       50 |     27 |    46 |  -12.044 |    -8664.3 |    872 | _14786_/D
      838 |       0 |     516 |       50 |     27 |    46 |  -12.044 |    -8664.3 |    872 | _14786_/D
      840 |       0 |     517 |       50 |     27 |    46 |  -12.044 |    -8664.3 |    872 | _14786_/D
      841 |       0 |     518 |       50 |     27 |    46 |  -12.044 |    -8664.2 |    872 | _14786_/D
      850 |       0 |     525 |       50 |     28 |    46 |  -12.044 |    -8664.5 |    872 | _14786_/D
      853 |       0 |     528 |       50 |     28 |    46 |  -12.044 |    -8664.4 |    872 | _14786_/D
      857 |       0 |     529 |       50 |     28 |    46 |  -12.044 |    -8664.4 |    872 | _14786_/D
      860 |       0 |     531 |       50 |     28 |    46 |  -12.044 |    -8664.2 |    872 | _14786_/D
      860 |       0 |     531 |       50 |     28 |    46 |  -12.044 |    -8664.2 |    872 | _14786_/D
      863 |       0 |     533 |       50 |     28 |    46 |  -12.044 |    -8664.1 |    872 | _14786_/D
      866 |       0 |     535 |       50 |     28 |    46 |  -12.044 |    -8664.0 |    872 | _14786_/D
      869 |       0 |     536 |       50 |     28 |    46 |  -12.044 |    -8663.9 |    872 | _14786_/D
      870 |       0 |     536 |       50 |     28 |    46 |  -12.044 |    -8663.9 |    872 | _14786_/D
      872 |       0 |     537 |       50 |     28 |    46 |  -12.044 |    -8663.9 |    872 | _14786_/D
      875 |       0 |     539 |       50 |     28 |    46 |  -12.044 |    -8663.8 |    872 | _14786_/D
      878 |       0 |     540 |       50 |     28 |    46 |  -12.044 |    -8663.7 |    872 | _14786_/D
      880 |       0 |     541 |       50 |     28 |    46 |  -12.070 |    -8673.7 |    872 | _14786_/D
      883 |       0 |     541 |       50 |     28 |    46 |  -12.044 |    -8663.7 |    872 | _14786_/D
      890 |       0 |     546 |       50 |     28 |    47 |  -12.044 |    -8663.6 |    872 | _14786_/D
      891 |       0 |     546 |       50 |     28 |    47 |  -12.044 |    -8663.6 |    872 | _14786_/D
      892 |       0 |     546 |       50 |     28 |    47 |  -12.044 |    -8663.6 |    872 | _14786_/D
      895 |       0 |     548 |       50 |     28 |    47 |  -12.044 |    -8663.6 |    872 | _14786_/D
      898 |       0 |     550 |       50 |     28 |    47 |  -12.044 |    -8663.5 |    872 | _14786_/D
      900 |       0 |     550 |       50 |     28 |    48 |  -12.044 |    -8663.4 |    872 | _14786_/D
      902 |       0 |     551 |       50 |     28 |    48 |  -12.044 |    -8663.4 |    872 | _14786_/D
      910 |       0 |     557 |       50 |     28 |    49 |  -12.070 |    -8678.5 |    872 | _14786_/D
      911 |       0 |     554 |       50 |     28 |    48 |  -12.044 |    -8663.4 |    872 | _14786_/D
      918 |       0 |     560 |       50 |     28 |    48 |  -12.044 |    -8662.8 |    872 | _14786_/D
      920 |       0 |     561 |       50 |     28 |    48 |  -12.044 |    -8662.6 |    872 | _14786_/D
      921 |       0 |     562 |       50 |     28 |    48 |  -12.044 |    -8662.6 |    872 | _14786_/D
      929 |       0 |     566 |       50 |     28 |    48 |  -12.044 |    -8662.5 |    872 | _14786_/D
      930 |       0 |     566 |       50 |     28 |    48 |  -12.044 |    -8662.5 |    872 | _14786_/D
      932 |       0 |     568 |       50 |     28 |    48 |  -12.044 |    -8662.4 |    872 | _14786_/D
      937 |       0 |     569 |       50 |     28 |    48 |  -12.044 |    -8662.4 |    872 | _14786_/D
      940 |       0 |     571 |       50 |     28 |    48 |  -12.044 |    -8662.2 |    872 | _14786_/D
      940 |       0 |     571 |       50 |     28 |    48 |  -12.044 |    -8662.2 |    872 | _14786_/D
      943 |       0 |     573 |       50 |     28 |    48 |  -12.044 |    -8662.1 |    872 | _14786_/D
      948 |       0 |     574 |       50 |     28 |    48 |  -12.044 |    -8662.1 |    872 | _14786_/D
      950 |       0 |     575 |       50 |     28 |    48 |  -12.044 |    -8662.0 |    872 | _14786_/D
      951 |       0 |     576 |       50 |     28 |    48 |  -12.044 |    -8662.0 |    872 | _14786_/D
      956 |       0 |     577 |       50 |     28 |    48 |  -12.044 |    -8662.0 |    872 | _14786_/D
      960 |       0 |     578 |       50 |     30 |    48 |  -12.073 |    -8663.0 |    872 | _15277_/D
      961 |       0 |     578 |       50 |     28 |    48 |  -12.044 |    -8662.0 |    872 | _14786_/D
      970 |       0 |     584 |       50 |     30 |    48 |  -12.044 |    -8662.6 |    872 | _14786_/D
      972 |       0 |     586 |       50 |     30 |    48 |  -12.044 |    -8662.4 |    872 | _14786_/D
      975 |       0 |     588 |       50 |     30 |    48 |  -12.044 |    -8662.3 |    872 | _14786_/D
      978 |       0 |     590 |       50 |     30 |    48 |  -12.044 |    -8662.1 |    872 | _14786_/D
      980 |       0 |     591 |       50 |     30 |    48 |  -12.044 |    -8662.0 |    872 | _14786_/D
      981 |       0 |     592 |       50 |     30 |    48 |  -12.044 |    -8662.0 |    872 | _14786_/D
      984 |       0 |     594 |       50 |     30 |    48 |  -12.044 |    -8661.8 |    872 | _14786_/D
      986 |       0 |     594 |       50 |     30 |    49 |  -12.044 |    -8661.8 |    872 | _14786_/D
      988 |       0 |     594 |       50 |     30 |    50 |  -12.044 |    -8661.7 |    872 | _14786_/D
      990 |       0 |     594 |       50 |     30 |    51 |  -12.044 |    -8661.6 |    872 | _14786_/D
      990 |       0 |     594 |       50 |     30 |    51 |  -12.044 |    -8661.6 |    872 | _14786_/D
      993 |       0 |     594 |       50 |     30 |    52 |  -12.044 |    -8661.6 |    872 | _14786_/D
     1000 |       0 |     600 |       50 |     30 |    52 |  -12.051 |    -8660.8 |    872 | _14749_/D
     1002 |       0 |     599 |       50 |     30 |    52 |  -12.044 |    -8661.0 |    872 | _14786_/D
     1010 |       0 |     605 |       50 |     30 |    53 |  -12.051 |    -8660.8 |    872 | _14749_/D
     1010 |       0 |     602 |       50 |     30 |    52 |  -12.044 |    -8661.0 |    872 | _14786_/D
     1014 |       0 |     603 |       50 |     30 |    52 |  -12.044 |    -8661.0 |    872 | _14786_/D
     1018 |       0 |     604 |       50 |     30 |    52 |  -12.044 |    -8661.0 |    872 | _14786_/D
     1020 |       0 |     605 |       50 |     30 |    52 |  -12.047 |    -8660.8 |    872 | _14749_/D
     1026 |       0 |     607 |       50 |     30 |    52 |  -12.044 |    -8661.0 |    872 | _14786_/D
     1030 |       0 |     610 |       50 |     30 |    52 |  -12.044 |    -8660.8 |    872 | _14786_/D
     1033 |       0 |     610 |       50 |     31 |    54 |  -12.044 |    -8660.7 |    872 | _14786_/D
     1036 |       0 |     612 |       50 |     31 |    54 |  -12.044 |    -8660.6 |    872 | _14786_/D
     1039 |       0 |     614 |       50 |     31 |    54 |  -12.044 |    -8660.5 |    872 | _14786_/D
     1040 |       0 |     614 |       50 |     31 |    54 |  -12.044 |    -8660.5 |    872 | _14786_/D
     1042 |       0 |     616 |       50 |     31 |    54 |  -12.044 |    -8660.4 |    872 | _14786_/D
     1045 |       0 |     618 |       50 |     31 |    54 |  -12.044 |    -8660.3 |    872 | _14786_/D
     1047 |       0 |     618 |       50 |     31 |    54 |  -12.044 |    -8660.3 |    872 | _14786_/D
     1050 |       0 |     619 |       50 |     32 |    54 |  -12.044 |    -8660.4 |    872 | _14786_/D
     1052 |       0 |     621 |       50 |     32 |    54 |  -12.044 |    -8660.3 |    872 | _14786_/D
     1056 |       0 |     624 |       50 |     32 |    54 |  -12.044 |    -8660.1 |    872 | _14786_/D
     1060 |       0 |     627 |       50 |     32 |    54 |  -12.044 |    -8659.9 |    872 | _14786_/D
     1063 |       0 |     628 |       50 |     32 |    54 |  -12.044 |    -8659.8 |    872 | _14786_/D
     1070 |       0 |     634 |       50 |     32 |    54 |  -12.044 |    -8659.5 |    872 | _14786_/D
     1073 |       0 |     636 |       50 |     32 |    55 |  -12.044 |    -8659.6 |    872 | _14786_/D
     1080 |       0 |     642 |       50 |     32 |    55 |  -12.044 |    -8656.1 |    872 | _14786_/D
     1090 |       0 |     650 |       50 |     34 |    55 |  -12.044 |    -8654.8 |    872 | _14786_/D
     1090 |       0 |     650 |       50 |     34 |    55 |  -12.044 |    -8654.8 |    872 | _14786_/D
     1093 |       0 |     652 |       50 |     34 |    55 |  -12.044 |    -8654.7 |    872 | _14786_/D
     1095 |       0 |     652 |       50 |     34 |    55 |  -12.044 |    -8654.7 |    872 | _14786_/D
     1098 |       0 |     654 |       50 |     34 |    55 |  -12.044 |    -8654.6 |    872 | _14786_/D
     1100 |       0 |     654 |       50 |     34 |    56 |  -12.044 |    -8654.6 |    872 | _14786_/D
     1100 |       0 |     654 |       50 |     34 |    55 |  -12.044 |    -8654.6 |    872 | _14786_/D
     1104 |       0 |     656 |       50 |     34 |    56 |  -12.044 |    -8654.6 |    872 | _14786_/D
     1106 |       0 |     656 |       50 |     34 |    56 |  -12.044 |    -8654.6 |    872 | _14786_/D
     1110 |       0 |     656 |       50 |     36 |    57 |  -12.044 |    -8654.4 |    872 | _14786_/D
     1110 |       0 |     656 |       50 |     36 |    57 |  -12.044 |    -8654.4 |    872 | _14786_/D
     1113 |       0 |     656 |       50 |     36 |    57 |  -12.044 |    -8654.4 |    872 | _14786_/D
     1115 |       0 |     656 |       50 |     36 |    57 |  -12.044 |    -8654.4 |    872 | _14786_/D
     1120 |       0 |     660 |       50 |     36 |    57 |  -12.044 |    -8654.2 |    872 | _14786_/D
     1122 |       0 |     661 |       50 |     36 |    58 |  -12.044 |    -8654.1 |    872 | _14786_/D
     1130 |       0 |     667 |       50 |     36 |    59 |  -12.044 |    -8652.6 |    872 | _14786_/D
     1130 |       0 |     667 |       50 |     36 |    58 |  -12.044 |    -8652.6 |    872 | _14786_/D
     1132 |       0 |     667 |       50 |     36 |    58 |  -12.044 |    -8652.6 |    872 | _14786_/D
     1134 |       0 |     667 |       50 |     36 |    58 |  -12.044 |    -8652.6 |    872 | _14786_/D
     1136 |       0 |     667 |       50 |     36 |    58 |  -12.044 |    -8652.6 |    872 | _14786_/D
     1140 |       0 |     670 |       50 |     36 |    58 |  -12.048 |    -8652.7 |    872 | _14448_/D
     1141 |       0 |     669 |       50 |     36 |    58 |  -12.044 |    -8652.5 |    872 | _14786_/D
     1144 |       0 |     671 |       50 |     36 |    58 |  -12.044 |    -8652.4 |    872 | _14786_/D
     1150 |       0 |     676 |       50 |     36 |    58 |  -12.044 |    -8651.7 |    872 | _14786_/D
     1151 |       0 |     677 |       50 |     36 |    58 |  -12.044 |    -8651.7 |    872 | _14786_/D
     1159 |       0 |     680 |       50 |     36 |    58 |  -12.044 |    -8651.7 |    872 | _14786_/D
     1160 |       0 |     680 |       50 |     36 |    58 |  -12.044 |    -8651.7 |    872 | _14786_/D
     1162 |       0 |     682 |       50 |     36 |    58 |  -12.044 |    -8651.6 |    872 | _14786_/D
     1165 |       0 |     683 |       50 |     36 |    59 |  -12.044 |    -8651.6 |    872 | _14786_/D
     1168 |       0 |     685 |       50 |     36 |    59 |  -12.044 |    -8651.4 |    872 | _14786_/D
     1170 |       0 |     686 |       50 |     36 |    59 |  -12.044 |    -8651.3 |    872 | _14786_/D
     1171 |       0 |     687 |       50 |     36 |    59 |  -12.044 |    -8651.3 |    872 | _14786_/D
     1174 |       0 |     689 |       50 |     36 |    59 |  -12.044 |    -8651.2 |    872 | _14786_/D
     1177 |       0 |     691 |       50 |     36 |    59 |  -12.044 |    -8651.0 |    872 | _14786_/D
     1180 |       0 |     693 |       50 |     36 |    59 |  -12.044 |    -8650.3 |    872 | _14786_/D
     1186 |       0 |     696 |       50 |     36 |    59 |  -12.044 |    -8650.3 |    872 | _14786_/D
     1190 |       0 |     697 |       50 |     38 |    59 |  -12.069 |    -8651.4 |    872 | _15243_/D
     1191 |       0 |     697 |       50 |     36 |    59 |  -12.044 |    -8650.3 |    872 | _14786_/D
     1199 |       0 |     700 |       50 |     36 |    59 |  -12.044 |    -8650.3 |    872 | _14786_/D
     1200 |       0 |     700 |       50 |     36 |    59 |  -12.044 |    -8650.3 |    872 | _14786_/D
     1204 |       0 |     701 |       50 |     36 |    59 |  -12.044 |    -8650.3 |    872 | _14786_/D
     1210 |       0 |     705 |       50 |     37 |    59 |  -12.054 |    -8650.5 |    872 | _14786_/D
     1213 |       0 |     707 |       50 |     38 |    59 |  -12.043 |    -8649.4 |    872 | _14749_/D
     1218 |       0 |     708 |       50 |     38 |    59 |  -12.043 |    -8649.4 |    872 | _14749_/D
     1220 |       0 |     708 |       50 |     39 |    59 |  -12.084 |    -8650.1 |    872 | _15243_/D
     1223 |       0 |     709 |       50 |     38 |    59 |  -12.043 |    -8649.4 |    872 | _14749_/D
     1226 |       0 |     710 |       50 |     38 |    59 |  -12.043 |    -8649.4 |    872 | _14749_/D
     1229 |       0 |     711 |       50 |     38 |    60 |  -12.043 |    -8649.3 |    872 | _14749_/D
     1230 |       0 |     711 |       50 |     38 |    60 |  -12.043 |    -8649.3 |    872 | _14749_/D
     1237 |       0 |     715 |       50 |     39 |    60 |  -12.043 |    -8649.4 |    872 | _14749_/D
     1240 |       0 |     716 |       50 |     40 |    60 |  -12.167 |    -8650.6 |    872 | _15243_/D
     1248 |       0 |     723 |       50 |     41 |    60 |  -12.043 |    -8649.9 |    872 | _14749_/D
     1250 |       0 |     724 |       50 |     41 |    60 |  -12.043 |    -8649.7 |    872 | _14749_/D
     1251 |       0 |     725 |       50 |     41 |    60 |  -12.043 |    -8649.7 |    872 | _14749_/D
     1254 |       0 |     727 |       50 |     41 |    60 |  -12.043 |    -8649.6 |    872 | _14749_/D
     1257 |       0 |     729 |       50 |     41 |    60 |  -12.043 |    -8649.4 |    872 | _14749_/D
     1260 |       0 |     731 |       50 |     41 |    60 |  -12.060 |    -8650.5 |    872 | _14786_/D
     1264 |       0 |     733 |       50 |     41 |    60 |  -12.060 |    -8650.6 |    872 | _14786_/D
     1270 |       0 |     738 |       50 |     41 |    60 |  -12.064 |    -8650.5 |    872 | _14786_/D
     1271 |       0 |     737 |       50 |     41 |    60 |  -12.060 |    -8650.5 |    872 | _14786_/D
     1274 |       0 |     739 |       50 |     41 |    60 |  -12.060 |    -8650.3 |    872 | _14786_/D
     1280 |       0 |     744 |       50 |     41 |    60 |  -12.060 |    -8646.8 |    872 | _14786_/D
     1283 |       0 |     746 |       50 |     42 |    60 |  -12.060 |    -8648.2 |    872 | _14786_/D
     1290 |       0 |     751 |       50 |     43 |    60 |  -12.060 |    -8648.0 |    872 | _14786_/D
     1290 |       0 |     751 |       50 |     43 |    60 |  -12.060 |    -8648.0 |    872 | _14786_/D
     1297 |       0 |     755 |       50 |     43 |    61 |  -12.060 |    -8648.0 |    872 | _14786_/D
     1300 |       0 |     757 |       50 |     43 |    61 |  -12.060 |    -8647.8 |    872 | _14786_/D
     1300 |       0 |     757 |       50 |     43 |    61 |  -12.060 |    -8647.8 |    872 | _14786_/D
     1310 |       0 |     766 |       50 |     43 |    61 |  -12.060 |    -8646.9 |    872 | _14786_/D
     1316 |       0 |     769 |       50 |     43 |    62 |  -12.060 |    -8646.9 |    872 | _14786_/D
     1319 |       0 |     771 |       50 |     43 |    62 |  -12.060 |    -8646.8 |    872 | _14786_/D
     1320 |       0 |     771 |       50 |     43 |    62 |  -12.060 |    -8646.8 |    872 | _14786_/D
     1322 |       0 |     773 |       50 |     43 |    62 |  -12.060 |    -8646.7 |    872 | _14786_/D
     1325 |       0 |     775 |       50 |     43 |    62 |  -12.060 |    -8646.6 |    872 | _14786_/D
     1328 |       0 |     777 |       50 |     43 |    62 |  -12.060 |    -8646.4 |    872 | _14786_/D
     1330 |       0 |     778 |       50 |     43 |    62 |  -12.060 |    -8646.4 |    872 | _14786_/D
     1335 |       0 |     782 |       50 |     43 |    63 |  -12.060 |    -8646.4 |    872 | _14786_/D
     1338 |       0 |     784 |       50 |     43 |    63 |  -12.060 |    -8646.3 |    872 | _14786_/D
     1340 |       0 |     785 |       50 |     43 |    63 |  -12.060 |    -8646.1 |    872 | _14786_/D
     1348 |       0 |     790 |       50 |     44 |    65 |  -12.060 |    -8646.7 |    872 | _14786_/D
     1350 |       0 |     791 |       50 |     44 |    65 |  -12.060 |    -8646.7 |    872 | _14786_/D
     1351 |       0 |     792 |       50 |     44 |    65 |  -12.060 |    -8646.7 |    872 | _14786_/D
     1353 |       0 |     792 |       50 |     44 |    65 |  -12.060 |    -8646.7 |    872 | _14786_/D
     1356 |       0 |     794 |       50 |     44 |    65 |  -12.060 |    -8646.6 |    872 | _14786_/D
     1360 |       0 |     797 |       50 |     44 |    65 |  -12.060 |    -8646.5 |    872 | _14786_/D
     1365 |       0 |     799 |       50 |     44 |    65 |  -12.060 |    -8646.4 |    872 | _14786_/D
     1368 |       0 |     800 |       50 |     44 |    65 |  -12.060 |    -8646.4 |    872 | _14786_/D
     1370 |       0 |     801 |       50 |     44 |    65 |  -12.060 |    -8646.4 |    872 | _14786_/D
     1371 |       0 |     801 |       50 |     44 |    65 |  -12.060 |    -8646.4 |    872 | _14786_/D
     1373 |       0 |     801 |       50 |     44 |    65 |  -12.060 |    -8646.4 |    872 | _14786_/D
     1376 |       0 |     802 |       50 |     44 |    65 |  -12.060 |    -8646.3 |    872 | _14786_/D
     1379 |       0 |     804 |       50 |     44 |    65 |  -12.060 |    -8646.2 |    872 | _14786_/D
     1380 |       0 |     804 |       50 |     44 |    65 |  -12.060 |    -8646.2 |    872 | _14786_/D
     1383 |       0 |     805 |       50 |     44 |    65 |  -12.060 |    -8646.2 |    872 | _14786_/D
     1386 |       0 |     807 |       50 |     44 |    65 |  -12.060 |    -8646.2 |    872 | _14786_/D
     1390 |       0 |     810 |       50 |     44 |    65 |  -12.060 |    -8646.0 |    872 | _14786_/D
     1391 |       0 |     811 |       50 |     44 |    65 |  -12.060 |    -8645.2 |    872 | _14786_/D
     1394 |       0 |     813 |       50 |     44 |    65 |  -12.060 |    -8645.2 |    872 | _14786_/D
     1397 |       0 |     813 |       50 |     44 |    66 |  -12.060 |    -8645.2 |    872 | _14786_/D
     1400 |       0 |     815 |       50 |     44 |    66 |  -12.060 |    -8644.7 |    872 | _14786_/D
     1404 |       0 |     819 |       50 |     44 |    66 |  -12.060 |    -8644.3 |    872 | _14786_/D
     1410 |       0 |     824 |       50 |     44 |    66 |  -12.060 |    -8643.9 |    872 | _14786_/D
     1412 |       0 |     824 |       50 |     44 |    66 |  -12.060 |    -8643.9 |    872 | _14786_/D
     1418 |       0 |     825 |       50 |     44 |    66 |  -12.060 |    -8643.9 |    872 | _14786_/D
     1420 |       0 |     825 |       50 |     44 |    67 |  -12.060 |    -8643.8 |    872 | _14786_/D
     1420 |       0 |     825 |       50 |     44 |    67 |  -12.060 |    -8643.8 |    872 | _14786_/D
     1422 |       0 |     825 |       50 |     44 |    68 |  -12.060 |    -8643.7 |    872 | _14786_/D
     1430 |       0 |     830 |       50 |     45 |    69 |  -12.097 |    -8645.4 |    872 | _14749_/D
     1431 |       0 |     829 |       50 |     44 |    69 |  -12.060 |    -8643.7 |    872 | _14786_/D
     1435 |       0 |     830 |       50 |     44 |    70 |  -12.060 |    -8643.7 |    872 | _14786_/D
     1438 |       0 |     832 |       50 |     44 |    70 |  -12.060 |    -8643.6 |    872 | _14786_/D
     1440 |       0 |     832 |       50 |     44 |    71 |  -12.060 |    -8643.5 |    872 | _14786_/D
     1442 |       0 |     833 |       50 |     44 |    71 |  -12.060 |    -8643.5 |    872 | _14786_/D
     1450 |       0 |     840 |       50 |     44 |    71 |  -12.060 |    -8643.1 |    872 | _14786_/D
     1450 |       0 |     840 |       50 |     44 |    71 |  -12.060 |    -8643.1 |    872 | _14786_/D
     1454 |       0 |     843 |       50 |     44 |    71 |  -12.060 |    -8643.1 |    872 | _14786_/D
     1457 |       0 |     845 |       50 |     44 |    71 |  -12.060 |    -8643.0 |    872 | _14786_/D
     1460 |       0 |     847 |       50 |     44 |    71 |  -12.060 |    -8642.8 |    872 | _14786_/D
     1460 |       0 |     847 |       50 |     44 |    71 |  -12.060 |    -8642.8 |    872 | _14786_/D
     1463 |       0 |     848 |       50 |     44 |    72 |  -12.060 |    -8642.8 |    872 | _14786_/D
     1469 |       0 |     852 |       50 |     44 |    73 |  -12.060 |    -8642.5 |    872 | _14786_/D
     1470 |       0 |     852 |       50 |     44 |    73 |  -12.060 |    -8642.5 |    872 | _14786_/D
     1476 |       0 |     857 |       50 |     45 |    73 |  -12.060 |    -8643.2 |    872 | _14786_/D
     1479 |       0 |     859 |       50 |     45 |    73 |  -12.060 |    -8643.0 |    872 | _14786_/D
     1480 |       0 |     859 |       50 |     45 |    73 |  -12.060 |    -8643.0 |    872 | _14786_/D
     1482 |       0 |     861 |       50 |     45 |    73 |  -12.060 |    -8642.9 |    872 | _14786_/D
     1485 |       0 |     863 |       50 |     45 |    73 |  -12.060 |    -8642.7 |    872 | _14786_/D
     1488 |       0 |     865 |       50 |     45 |    73 |  -12.060 |    -8642.6 |    872 | _14786_/D
     1490 |       0 |     866 |       50 |     45 |    73 |  -12.060 |    -8642.9 |    872 | _14786_/D
     1498 |       0 |     874 |       50 |     45 |    73 |  -12.060 |    -8641.8 |    872 | _14786_/D
     1500 |       0 |     875 |       50 |     45 |    73 |  -12.060 |    -8641.6 |    872 | _14786_/D
     1501 |       0 |     876 |       50 |     45 |    73 |  -12.060 |    -8641.6 |    872 | _14786_/D
     1504 |       0 |     876 |       50 |     45 |    73 |  -12.060 |    -8641.6 |    872 | _14786_/D
     1507 |       0 |     878 |       50 |     45 |    73 |  -12.060 |    -8641.5 |    872 | _14786_/D
     1510 |       0 |     880 |       50 |     45 |    73 |  -12.060 |    -8641.3 |    872 | _14786_/D
     1510 |       0 |     880 |       50 |     45 |    73 |  -12.060 |    -8641.3 |    872 | _14786_/D
     1513 |       0 |     882 |       50 |     45 |    73 |  -12.060 |    -8641.2 |    872 | _14786_/D
     1520 |       0 |     887 |       50 |     45 |    74 |  -12.097 |    -8642.9 |    872 | _14749_/D
     1520 |       0 |     884 |       50 |     45 |    73 |  -12.060 |    -8641.2 |    872 | _14786_/D
     1523 |       0 |     885 |       50 |     45 |    74 |  -12.060 |    -8641.1 |    872 | _14786_/D
     1526 |       0 |     887 |       50 |     45 |    74 |  -12.060 |    -8641.1 |    872 | _14786_/D
     1528 |       0 |     887 |       50 |     45 |    75 |  -12.060 |    -8641.1 |    872 | _14786_/D
     1530 |       0 |     887 |       50 |     45 |    76 |  -12.060 |    -8641.0 |    872 | _14786_/D
     1530 |       0 |     887 |       50 |     45 |    76 |  -12.060 |    -8641.0 |    872 | _14786_/D
     1540 |       0 |     896 |       50 |     45 |    76 |  -12.060 |    -8645.0 |    872 | _14786_/D
     1549 |       0 |     902 |       50 |     46 |    78 |  -12.060 |    -8643.9 |    872 | _14786_/D
     1550 |       0 |     902 |       50 |     46 |    78 |  -12.060 |    -8643.9 |    872 | _14786_/D
     1552 |       0 |     904 |       50 |     46 |    78 |  -12.060 |    -8643.8 |    872 | _14786_/D
     1558 |       0 |     905 |       50 |     46 |    78 |  -12.060 |    -8643.9 |    872 | _14786_/D
     1560 |       0 |     906 |       50 |     46 |    78 |  -12.060 |    -8643.9 |    872 | _14786_/D
     1561 |       0 |     907 |       50 |     46 |    78 |  -12.060 |    -8643.8 |    872 | _14786_/D
     1564 |       0 |     909 |       50 |     46 |    78 |  -12.060 |    -8643.6 |    872 | _14786_/D
     1570 |       0 |     914 |       50 |     46 |    78 |  -12.060 |    -8642.1 |    872 | _14786_/D
     1573 |       0 |     917 |       50 |     46 |    78 |  -12.060 |    -8642.0 |    872 | _14786_/D
     1580 |       0 |     922 |       50 |     47 |    78 |  -12.086 |    -8651.7 |    872 | _14786_/D
     1582 |       0 |     921 |       50 |     47 |    78 |  -12.060 |    -8641.6 |    872 | _14786_/D
     1585 |       0 |     923 |       50 |     47 |    78 |  -12.060 |    -8641.5 |    872 | _14786_/D
     1590 |       0 |     927 |       50 |     47 |    78 |  -12.086 |    -8651.5 |    872 | _14786_/D
     1591 |       0 |     924 |       50 |     47 |    78 |  -12.060 |    -8641.5 |    872 | _14786_/D
     1594 |       0 |     926 |       50 |     47 |    78 |  -12.060 |    -8641.4 |    872 | _14786_/D
     1600 |       0 |     930 |       50 |     48 |    78 |  -12.060 |    -8639.6 |    872 | _14786_/D
     1600 |       0 |     930 |       50 |     48 |    78 |  -12.060 |    -8639.6 |    872 | _14786_/D
     1605 |       0 |     931 |       50 |     48 |    78 |  -12.060 |    -8639.6 |    872 | _14786_/D
     1610 |       0 |     935 |       50 |     48 |    78 |  -12.060 |    -8639.2 |    872 | _14786_/D
     1617 |       0 |     941 |       50 |     49 |    78 |  -12.060 |    -8638.2 |    872 | _14786_/D
     1620 |       0 |     943 |       50 |     49 |    78 |  -12.060 |    -8638.1 |    872 | _14786_/D
     1620 |       0 |     943 |       50 |     49 |    78 |  -12.060 |    -8638.1 |    872 | _14786_/D
     1623 |       0 |     945 |       50 |     49 |    78 |  -12.060 |    -8638.0 |    872 | _14786_/D
     1626 |       0 |     947 |       50 |     49 |    78 |  -12.060 |    -8637.8 |    872 | _14786_/D
     1629 |       0 |     949 |       50 |     49 |    78 |  -12.060 |    -8637.7 |    872 | _14786_/D
     1630 |       0 |     949 |       50 |     49 |    78 |  -12.060 |    -8637.7 |    872 | _14786_/D
     1633 |       0 |     951 |       50 |     49 |    79 |  -12.060 |    -8638.1 |    872 | _14786_/D
     1636 |       0 |     953 |       50 |     49 |    79 |  -12.060 |    -8638.0 |    872 | _14786_/D
     1640 |       0 |     956 |       50 |     49 |    79 |  -12.073 |    -8636.5 |    872 | _14786_/D
     1650 |       0 |     958 |       54 |     49 |    85 |  -12.073 |    -8636.0 |    872 | _14786_/D
     1660 |       0 |     960 |       56 |     49 |    92 |  -12.074 |    -8633.4 |    872 | _14786_/D
     1666 |       0 |     954 |       54 |     49 |    79 |  -12.060 |    -8638.0 |    872 | _14786_/D
     1669 |       0 |     956 |       54 |     49 |    79 |  -12.060 |    -8637.9 |    872 | _14786_/D
     1670 |       0 |     956 |       54 |     49 |    79 |  -12.060 |    -8637.9 |    872 | _14786_/D
     1672 |       0 |     958 |       54 |     49 |    79 |  -12.060 |    -8637.7 |    872 | _14786_/D
     1675 |       0 |     960 |       54 |     49 |    79 |  -12.060 |    -8637.6 |    872 | _14786_/D
     1678 |       0 |     962 |       54 |     49 |    79 |  -12.060 |    -8637.5 |    872 | _14786_/D
     1680 |       0 |     963 |       54 |     49 |    79 |  -12.060 |    -8637.3 |    872 | _14786_/D
     1685 |       0 |     968 |       54 |     49 |    79 |  -12.060 |    -8637.1 |    872 | _14786_/D
     1690 |       0 |     971 |       54 |     50 |    79 |  -12.060 |    -8638.2 |    872 | _14786_/D
     1692 |       0 |     973 |       54 |     50 |    79 |  -12.060 |    -8638.1 |    872 | _14786_/D
     1695 |       0 |     975 |       54 |     50 |    79 |  -12.060 |    -8638.0 |    872 | _14786_/D
     1699 |       0 |     978 |       54 |     50 |    79 |  -12.060 |    -8638.1 |    872 | _14786_/D
     1700 |       0 |     978 |       54 |     50 |    79 |  -12.060 |    -8638.1 |    872 | _14786_/D
     1700 |       0 |     978 |       54 |     50 |    79 |  -12.060 |    -8638.1 |    872 | _14786_/D
    1700* |       0 |     978 |       54 |     50 |    79 |  -12.060 |    -8638.1 |    872 | _14786_/D
    1701* |       0 |     978 |       54 |     50 |    79 |  -12.060 |    -8638.1 |    872 | _14786_/D
    1702* |       0 |     978 |       54 |     50 |    79 |  -12.060 |    -8638.1 |    872 | _14786_/D
    1703* |       0 |     978 |       54 |     50 |    79 |  -12.060 |    -8638.1 |    872 | _14786_/D
    1704* |       0 |     978 |       54 |     50 |    79 |  -12.060 |    -8638.1 |    872 | _14786_/D
    1705* |       0 |     978 |       54 |     50 |    79 |  -12.060 |    -8638.1 |    872 | _14786_/D
    1706* |       0 |     978 |       54 |     50 |    79 |  -12.060 |    -8638.1 |    872 | _14786_/D
    1708* |       0 |     979 |       54 |     50 |    79 |  -12.060 |    -8638.0 |    872 | _14786_/D
    1709* |       0 |     979 |       54 |     50 |    79 |  -12.060 |    -8638.0 |    872 | _14786_/D
    1710* |       0 |     979 |       54 |     50 |    79 |  -12.060 |    -8638.0 |    872 | _14786_/D
    1710* |       0 |     979 |       54 |     50 |    79 |  -12.060 |    -8638.0 |    872 | _14786_/D
    1711* |       0 |     979 |       54 |     50 |    79 |  -12.065 |    -8638.2 |    872 | _14448_/D
    1712* |       0 |     979 |       54 |     50 |    79 |  -12.065 |    -8638.2 |    872 | _14448_/D
    1713* |       0 |     979 |       54 |     50 |    79 |  -12.065 |    -8638.2 |    872 | _14448_/D
    1714* |       0 |     979 |       54 |     50 |    79 |  -12.065 |    -8638.2 |    872 | _14448_/D
    1715* |       0 |     979 |       54 |     50 |    79 |  -12.065 |    -8638.2 |    872 | _14448_/D
    1716* |       0 |     979 |       54 |     50 |    79 |  -12.065 |    -8638.2 |    872 | _14448_/D
    1717* |       0 |     979 |       54 |     50 |    79 |  -12.065 |    -8638.2 |    872 | _14448_/D
    1718* |       0 |     979 |       54 |     50 |    79 |  -12.065 |    -8638.2 |    872 | _14448_/D
    1719* |       0 |     979 |       54 |     50 |    79 |  -12.065 |    -8638.2 |    872 | _14448_/D
    1720* |       0 |     979 |       54 |     50 |    79 |  -12.065 |    -8638.2 |    872 | _14448_/D
    1720* |       0 |     979 |       54 |     50 |    79 |  -12.065 |    -8638.2 |    872 | _14448_/D
    1721* |       0 |     979 |       54 |     50 |    79 |  -12.065 |    -8638.2 |    872 | _14448_/D
    1722* |       0 |     979 |       54 |     50 |    79 |  -12.065 |    -8638.2 |    872 | _14448_/D
    1723* |       0 |     979 |       54 |     50 |    79 |  -12.065 |    -8638.2 |    872 | _14448_/D
    1724* |       0 |     979 |       54 |     50 |    79 |  -12.065 |    -8638.2 |    872 | _14448_/D
    1725* |       0 |     979 |       54 |     50 |    79 |  -12.065 |    -8638.2 |    872 | _14448_/D
    1726* |       0 |     979 |       54 |     50 |    79 |  -12.065 |    -8638.2 |    872 | _14448_/D
    1727* |       0 |     979 |       54 |     50 |    79 |  -12.065 |    -8638.2 |    872 | _14448_/D
    1728* |       0 |     979 |       54 |     50 |    79 |  -12.065 |    -8638.2 |    872 | _14448_/D
    1729* |       0 |     979 |       54 |     50 |    79 |  -12.065 |    -8638.2 |    872 | _14448_/D
    1730* |       0 |     979 |       54 |     50 |    79 |  -12.065 |    -8638.2 |    872 | _14448_/D
    1730* |       0 |     979 |       54 |     50 |    79 |  -12.065 |    -8638.2 |    872 | _14448_/D
    1731* |       0 |     979 |       54 |     50 |    79 |  -12.065 |    -8638.2 |    872 | _14448_/D
    1732* |       0 |     979 |       54 |     50 |    79 |  -12.065 |    -8638.2 |    872 | _14448_/D
    1733* |       0 |     979 |       54 |     50 |    79 |  -12.065 |    -8638.2 |    872 | _14448_/D
    1734* |       0 |     979 |       54 |     50 |    79 |  -12.065 |    -8638.2 |    872 | _14448_/D
    1735* |       0 |     979 |       54 |     50 |    79 |  -12.065 |    -8638.2 |    872 | _14448_/D
    1736* |       0 |     979 |       54 |     50 |    79 |  -12.065 |    -8638.2 |    872 | _14448_/D
    1737* |       0 |     979 |       54 |     50 |    79 |  -12.065 |    -8638.2 |    872 | _14448_/D
    1738* |       0 |     979 |       54 |     50 |    79 |  -12.065 |    -8638.3 |    872 | _14448_/D
    1739* |       0 |     979 |       54 |     50 |    79 |  -12.065 |    -8638.3 |    872 | _14448_/D
    1740* |       0 |     979 |       54 |     50 |    79 |  -12.065 |    -8638.3 |    872 | _14448_/D
    1740* |       0 |     979 |       54 |     50 |    79 |  -12.065 |    -8638.3 |    872 | _14448_/D
    1741* |       0 |     979 |       54 |     50 |    79 |  -12.065 |    -8638.3 |    872 | _14448_/D
    1742* |       0 |     979 |       54 |     50 |    79 |  -12.065 |    -8638.3 |    872 | _14448_/D
    1743* |       0 |     979 |       54 |     50 |    79 |  -12.065 |    -8638.3 |    872 | _14448_/D
    1744* |       0 |     979 |       54 |     50 |    79 |  -12.065 |    -8638.3 |    872 | _14448_/D
    1745* |       0 |     979 |       54 |     50 |    79 |  -12.065 |    -8638.3 |    872 | _14448_/D
    1746* |       0 |     979 |       54 |     50 |    79 |  -12.065 |    -8638.3 |    872 | _14448_/D
    1747* |       0 |     979 |       54 |     50 |    79 |  -12.065 |    -8638.3 |    872 | _14448_/D
    1748* |       0 |     979 |       54 |     50 |    79 |  -12.065 |    -8638.3 |    872 | _14448_/D
    1749* |       0 |     979 |       54 |     50 |    79 |  -12.065 |    -8638.3 |    872 | _14448_/D
    1750* |       0 |     979 |       54 |     50 |    79 |  -12.065 |    -8638.3 |    872 | _14448_/D
    1750* |       0 |     979 |       54 |     50 |    79 |  -12.065 |    -8638.3 |    872 | _14448_/D
    1751* |       0 |     979 |       54 |     50 |    79 |  -12.065 |    -8638.3 |    872 | _14448_/D
    1752* |       0 |     979 |       54 |     50 |    79 |  -12.065 |    -8638.4 |    872 | _14448_/D
    1753* |       0 |     979 |       54 |     50 |    79 |  -12.065 |    -8638.4 |    872 | _14448_/D
    1754* |       0 |     979 |       54 |     50 |    79 |  -12.065 |    -8638.4 |    872 | _14448_/D
    1755* |       0 |     979 |       54 |     50 |    79 |  -12.065 |    -8638.4 |    872 | _14448_/D
    1756* |       0 |     979 |       54 |     50 |    79 |  -12.065 |    -8638.4 |    872 | _14448_/D
    1757* |       0 |     979 |       54 |     50 |    79 |  -12.065 |    -8638.4 |    872 | _14448_/D
    1758* |       0 |     979 |       54 |     50 |    79 |  -12.065 |    -8638.4 |    872 | _14448_/D
    1759* |       0 |     979 |       54 |     50 |    79 |  -12.065 |    -8638.4 |    872 | _14448_/D
    1760* |       0 |     979 |       54 |     50 |    79 |  -12.065 |    -8638.4 |    872 | _14448_/D
    1760* |       0 |     979 |       54 |     50 |    79 |  -12.065 |    -8638.4 |    872 | _14448_/D
    1761* |       0 |     979 |       54 |     50 |    79 |  -12.065 |    -8638.4 |    872 | _14448_/D
    1762* |       0 |     979 |       54 |     50 |    79 |  -12.065 |    -8638.4 |    872 | _14448_/D
    1763* |       0 |     979 |       54 |     50 |    79 |  -12.065 |    -8638.4 |    872 | _14448_/D
    1764* |       0 |     979 |       54 |     50 |    79 |  -12.065 |    -8638.4 |    872 | _14448_/D
    1765* |       0 |     979 |       54 |     50 |    79 |  -12.065 |    -8638.4 |    872 | _14448_/D
    1766* |       0 |     979 |       54 |     50 |    79 |  -12.065 |    -8638.4 |    872 | _14448_/D
    1767* |       0 |     979 |       54 |     50 |    79 |  -12.065 |    -8638.4 |    872 | _14448_/D
    1768* |       0 |     979 |       54 |     50 |    79 |  -12.065 |    -8638.4 |    872 | _14448_/D
    1769* |       0 |     979 |       54 |     50 |    79 |  -12.065 |    -8638.4 |    872 | _14448_/D
    1770* |       0 |     979 |       54 |     50 |    79 |  -12.065 |    -8638.4 |    872 | _14448_/D
    1770* |       0 |     979 |       54 |     50 |    79 |  -12.065 |    -8638.4 |    872 | _14448_/D
    1771* |       0 |     979 |       54 |     50 |    79 |  -12.065 |    -8638.4 |    872 | _14448_/D
    1772* |       0 |     979 |       54 |     50 |    79 |  -12.065 |    -8638.4 |    872 | _14448_/D
    1773* |       0 |     979 |       54 |     50 |    79 |  -12.065 |    -8638.4 |    872 | _14448_/D
    1774* |       0 |     979 |       54 |     50 |    79 |  -12.065 |    -8638.4 |    872 | _14448_/D
    1775* |       0 |     979 |       54 |     50 |    79 |  -12.065 |    -8638.4 |    872 | _14448_/D
    1776* |       0 |     979 |       54 |     50 |    79 |  -12.065 |    -8638.4 |    872 | _14448_/D
    1777* |       0 |     979 |       54 |     50 |    79 |  -12.065 |    -8638.4 |    872 | _14448_/D
    1778* |       0 |     979 |       54 |     50 |    79 |  -12.065 |    -8638.4 |    872 | _14448_/D
    1779* |       0 |     979 |       54 |     50 |    79 |  -12.065 |    -8638.4 |    872 | _14448_/D
    1780* |       0 |     979 |       54 |     50 |    79 |  -12.065 |    -8638.4 |    872 | _14448_/D
    1780* |       0 |     979 |       54 |     50 |    79 |  -12.065 |    -8638.4 |    872 | _14448_/D
    1781* |       0 |     979 |       54 |     50 |    79 |  -12.065 |    -8638.4 |    872 | _14448_/D
    1782* |       0 |     979 |       54 |     50 |    79 |  -12.065 |    -8638.4 |    872 | _14448_/D
    1783* |       0 |     979 |       54 |     50 |    79 |  -12.065 |    -8638.4 |    872 | _14448_/D
    1784* |       0 |     979 |       54 |     50 |    79 |  -12.065 |    -8638.4 |    872 | _14448_/D
    1785* |       0 |     979 |       54 |     50 |    79 |  -12.065 |    -8638.4 |    872 | _14448_/D
    1786* |       0 |     979 |       54 |     50 |    79 |  -12.065 |    -8638.4 |    872 | _14448_/D
    1787* |       0 |     979 |       54 |     50 |    79 |  -12.065 |    -8638.4 |    872 | _14448_/D
    1788* |       0 |     979 |       54 |     50 |    79 |  -12.065 |    -8638.4 |    872 | _14448_/D
    1789* |       0 |     979 |       54 |     50 |    79 |  -12.065 |    -8638.4 |    872 | _14448_/D
    1790* |       0 |     979 |       54 |     50 |    79 |  -12.065 |    -8638.4 |    872 | _14448_/D
    1790* |       0 |     979 |       54 |     50 |    79 |  -12.065 |    -8638.4 |    872 | _14448_/D
    1791* |       0 |     979 |       54 |     50 |    79 |  -12.065 |    -8638.4 |    872 | _14448_/D
    1792* |       0 |     979 |       54 |     50 |    79 |  -12.065 |    -8638.4 |    872 | _14448_/D
    1793* |       0 |     979 |       54 |     50 |    79 |  -12.065 |    -8638.4 |    872 | _14448_/D
    1794* |       0 |     979 |       54 |     50 |    79 |  -12.065 |    -8638.4 |    872 | _14448_/D
    1795* |       0 |     979 |       54 |     50 |    79 |  -12.065 |    -8638.4 |    872 | _14448_/D
    1796* |       0 |     979 |       54 |     50 |    79 |  -12.065 |    -8638.4 |    872 | _14448_/D
    1797* |       0 |     979 |       54 |     50 |    79 |  -12.065 |    -8638.4 |    872 | _14448_/D
    1798* |       0 |     979 |       54 |     50 |    79 |  -12.065 |    -8638.4 |    872 | _14448_/D
    1799* |       0 |     979 |       54 |     50 |    79 |  -12.065 |    -8638.4 |    872 | _14448_/D
    1800* |       0 |     979 |       54 |     50 |    79 |  -12.065 |    -8638.4 |    872 | _14448_/D
    1801* |       0 |     979 |       54 |     50 |    79 |  -12.065 |    -8638.4 |    872 | _14448_/D
    1802* |       0 |     979 |       54 |     50 |    79 |  -12.065 |    -8638.4 |    872 | _14448_/D
    1803* |       0 |     979 |       54 |     50 |    79 |  -12.065 |    -8638.4 |    872 | _14448_/D
    1804* |       0 |     979 |       54 |     50 |    79 |  -12.065 |    -8638.4 |    872 | _14448_/D
    1805* |       0 |     979 |       54 |     50 |    79 |  -12.065 |    -8638.4 |    872 | _14448_/D
    1806* |       0 |     979 |       54 |     50 |    79 |  -12.065 |    -8638.4 |    872 | _14448_/D
    1807* |       0 |     979 |       54 |     50 |    79 |  -12.065 |    -8638.4 |    872 | _14448_/D
    1808* |       0 |     979 |       54 |     50 |    79 |  -12.065 |    -8638.4 |    872 | _14448_/D
    1809* |       0 |     979 |       54 |     50 |    79 |  -12.065 |    -8638.4 |    872 | _14448_/D
    1810* |       0 |     979 |       54 |     50 |    79 |  -12.065 |    -8638.4 |    872 | _14448_/D
    1810* |       0 |     979 |       54 |     50 |    79 |  -12.065 |    -8638.4 |    872 | _14448_/D
    1811* |       0 |     979 |       54 |     50 |    79 |  -12.065 |    -8638.4 |    872 | _14448_/D
    1812* |       0 |     979 |       54 |     50 |    79 |  -12.065 |    -8638.4 |    872 | _14448_/D
    1813* |       0 |     979 |       54 |     50 |    79 |  -12.065 |    -8638.4 |    872 | _14448_/D
    1814* |       0 |     979 |       54 |     50 |    79 |  -12.065 |    -8638.4 |    872 | _14448_/D
    1815* |       0 |     979 |       54 |     50 |    79 |  -12.065 |    -8638.4 |    872 | _14448_/D
    1816* |       0 |     979 |       54 |     50 |    79 |  -12.065 |    -8638.4 |    872 | _14448_/D
    1817* |       0 |     979 |       54 |     50 |    79 |  -12.065 |    -8638.4 |    872 | _14448_/D
    1818* |       0 |     979 |       54 |     50 |    79 |  -12.065 |    -8638.4 |    872 | _14448_/D
    1819* |       0 |     979 |       54 |     50 |    79 |  -12.065 |    -8638.4 |    872 | _14448_/D
    1820* |       0 |     979 |       54 |     50 |    79 |  -12.065 |    -8638.4 |    872 | _14448_/D
    1820* |       0 |     979 |       54 |     50 |    79 |  -12.065 |    -8638.4 |    872 | _14448_/D
    1821* |       0 |     979 |       54 |     50 |    79 |  -12.065 |    -8638.4 |    872 | _14448_/D
    1822* |       0 |     979 |       54 |     50 |    79 |  -12.065 |    -8638.4 |    872 | _14448_/D
    1823* |       0 |     979 |       54 |     50 |    79 |  -12.065 |    -8638.4 |    872 | _14448_/D
    1824* |       0 |     979 |       54 |     50 |    79 |  -12.065 |    -8638.4 |    872 | _14448_/D
    1825* |       0 |     979 |       54 |     50 |    79 |  -12.065 |    -8638.4 |    872 | _14448_/D
    1826* |       0 |     979 |       54 |     50 |    79 |  -12.065 |    -8638.4 |    872 | _14448_/D
    1827* |       0 |     979 |       54 |     50 |    79 |  -12.065 |    -8638.4 |    872 | _14448_/D
    1828* |       0 |     979 |       54 |     50 |    79 |  -12.065 |    -8638.4 |    872 | _14448_/D
    1829* |       0 |     979 |       54 |     50 |    79 |  -12.065 |    -8638.4 |    872 | _14448_/D
    1830* |       0 |     979 |       54 |     50 |    79 |  -12.065 |    -8638.4 |    872 | _14448_/D
    1830* |       0 |     979 |       54 |     50 |    79 |  -12.065 |    -8638.4 |    872 | _14448_/D
    1831* |       0 |     979 |       54 |     50 |    79 |  -12.065 |    -8638.4 |    872 | _14448_/D
    1832* |       0 |     979 |       54 |     50 |    79 |  -12.065 |    -8638.4 |    872 | _14448_/D
    1833* |       0 |     979 |       54 |     50 |    79 |  -12.065 |    -8638.4 |    872 | _14448_/D
    1834* |       0 |     979 |       54 |     50 |    79 |  -12.065 |    -8638.4 |    872 | _14448_/D
    1835* |       0 |     979 |       54 |     50 |    79 |  -12.065 |    -8638.4 |    872 | _14448_/D
    1836* |       0 |     979 |       54 |     50 |    79 |  -12.065 |    -8638.4 |    872 | _14448_/D
    1837* |       0 |     979 |       54 |     50 |    79 |  -12.065 |    -8638.4 |    872 | _14448_/D
    1838* |       0 |     979 |       54 |     50 |    79 |  -12.065 |    -8638.4 |    872 | _14448_/D
    1839* |       0 |     979 |       54 |     50 |    79 |  -12.065 |    -8638.4 |    872 | _14448_/D
    1840* |       0 |     979 |       54 |     50 |    79 |  -12.065 |    -8638.4 |    872 | _14448_/D
    1840* |       0 |     979 |       54 |     50 |    79 |  -12.065 |    -8638.4 |    872 | _14448_/D
    1841* |       0 |     979 |       54 |     50 |    79 |  -12.065 |    -8638.4 |    872 | _14448_/D
    1842* |       0 |     979 |       54 |     50 |    79 |  -12.065 |    -8638.4 |    872 | _14448_/D
    1843* |       0 |     979 |       54 |     50 |    79 |  -12.065 |    -8638.4 |    872 | _14448_/D
    1844* |       0 |     979 |       54 |     50 |    79 |  -12.065 |    -8638.4 |    872 | _14448_/D
    1845* |       0 |     979 |       54 |     50 |    79 |  -12.065 |    -8638.4 |    872 | _14448_/D
    1846* |       0 |     979 |       54 |     50 |    79 |  -12.065 |    -8638.4 |    872 | _14448_/D
    1847* |       0 |     979 |       54 |     50 |    79 |  -12.065 |    -8638.4 |    872 | _14448_/D
    1848* |       0 |     979 |       54 |     50 |    79 |  -12.065 |    -8638.4 |    872 | _14448_/D
    1849* |       0 |     979 |       54 |     50 |    79 |  -12.065 |    -8638.4 |    872 | _14448_/D
    1850* |       0 |     979 |       54 |     50 |    79 |  -12.065 |    -8638.4 |    872 | _14448_/D
    1850* |       0 |     979 |       54 |     50 |    79 |  -12.065 |    -8638.4 |    872 | _14448_/D
    1851* |       0 |     979 |       54 |     50 |    79 |  -12.065 |    -8638.4 |    872 | _14448_/D
    1852* |       0 |     979 |       54 |     50 |    79 |  -12.065 |    -8638.4 |    872 | _14448_/D
    1853* |       0 |     979 |       54 |     50 |    79 |  -12.065 |    -8638.4 |    872 | _14448_/D
    1854* |       0 |     979 |       54 |     50 |    79 |  -12.065 |    -8638.4 |    872 | _14448_/D
    1855* |       0 |     979 |       54 |     50 |    79 |  -12.065 |    -8638.4 |    872 | _14448_/D
    1856* |       0 |     979 |       54 |     50 |    79 |  -12.065 |    -8638.4 |    872 | _14448_/D
    1857* |       0 |     979 |       54 |     50 |    79 |  -12.065 |    -8638.4 |    872 | _14448_/D
    1858* |       0 |     979 |       54 |     50 |    79 |  -12.065 |    -8638.4 |    872 | _14448_/D
    1859* |       0 |     979 |       54 |     50 |    79 |  -12.065 |    -8638.4 |    872 | _14448_/D
    1860* |       0 |     979 |       54 |     50 |    79 |  -12.065 |    -8638.4 |    872 | _14448_/D
    1860* |       0 |     979 |       54 |     50 |    79 |  -12.065 |    -8638.4 |    872 | _14448_/D
    1861* |       0 |     979 |       54 |     50 |    79 |  -12.065 |    -8638.4 |    872 | _14448_/D
    1862* |       0 |     979 |       54 |     50 |    79 |  -12.065 |    -8638.4 |    872 | _14448_/D
    1863* |       0 |     979 |       54 |     50 |    79 |  -12.065 |    -8638.4 |    872 | _14448_/D
    1864* |       0 |     979 |       54 |     50 |    79 |  -12.065 |    -8638.4 |    872 | _14448_/D
    1865* |       0 |     979 |       54 |     50 |    79 |  -12.065 |    -8638.4 |    872 | _14448_/D
    1866* |       0 |     979 |       54 |     50 |    79 |  -12.065 |    -8638.4 |    872 | _14448_/D
    1867* |       0 |     979 |       54 |     50 |    79 |  -12.065 |    -8638.4 |    872 | _14448_/D
    1868* |       0 |     979 |       54 |     50 |    79 |  -12.065 |    -8638.4 |    872 | _14448_/D
    1869* |       0 |     979 |       54 |     50 |    79 |  -12.065 |    -8638.4 |    872 | _14448_/D
    1870* |       0 |     979 |       54 |     50 |    79 |  -12.065 |    -8638.4 |    872 | _14448_/D
    1870* |       0 |     979 |       54 |     50 |    79 |  -12.065 |    -8638.4 |    872 | _14448_/D
    1871* |       0 |     979 |       54 |     50 |    79 |  -12.065 |    -8638.4 |    872 | _14448_/D
    1872* |       0 |     979 |       54 |     50 |    79 |  -12.065 |    -8638.4 |    872 | _14448_/D
    1873* |       0 |     979 |       54 |     50 |    79 |  -12.065 |    -8638.4 |    872 | _14448_/D
    1874* |       0 |     979 |       54 |     50 |    79 |  -12.065 |    -8638.4 |    872 | _14448_/D
    1875* |       0 |     979 |       54 |     50 |    79 |  -12.065 |    -8638.4 |    872 | _14448_/D
    1876* |       0 |     979 |       54 |     50 |    79 |  -12.065 |    -8638.4 |    872 | _14448_/D
    1877* |       0 |     979 |       54 |     50 |    79 |  -12.065 |    -8638.4 |    872 | _14448_/D
    1878* |       0 |     979 |       54 |     50 |    79 |  -12.065 |    -8638.4 |    872 | _14448_/D
    1879* |       0 |     979 |       54 |     50 |    79 |  -12.065 |    -8638.4 |    872 | _14448_/D
    1880* |       0 |     979 |       54 |     50 |    79 |  -12.065 |    -8638.4 |    872 | _14448_/D
    1880* |       0 |     979 |       54 |     50 |    79 |  -12.065 |    -8638.4 |    872 | _14448_/D
    1881* |       0 |     979 |       54 |     50 |    79 |  -12.065 |    -8638.4 |    872 | _14448_/D
    1882* |       0 |     979 |       54 |     50 |    79 |  -12.065 |    -8638.4 |    872 | _14448_/D
    1883* |       0 |     979 |       54 |     50 |    79 |  -12.065 |    -8638.4 |    872 | _14448_/D
    1884* |       0 |     979 |       54 |     50 |    79 |  -12.065 |    -8638.4 |    872 | _14448_/D
    1885* |       0 |     979 |       54 |     50 |    79 |  -12.065 |    -8638.4 |    872 | _14448_/D
    1886* |       0 |     979 |       54 |     50 |    79 |  -12.065 |    -8638.4 |    872 | _14448_/D
    1887* |       0 |     979 |       54 |     50 |    79 |  -12.065 |    -8638.4 |    872 | _14448_/D
    1888* |       0 |     979 |       54 |     50 |    79 |  -12.065 |    -8638.4 |    872 | _14448_/D
    1889* |       0 |     979 |       54 |     50 |    79 |  -12.065 |    -8638.4 |    872 | _14448_/D
    1890* |       0 |     979 |       54 |     50 |    79 |  -12.065 |    -8638.4 |    872 | _14448_/D
    1890* |       0 |     979 |       54 |     50 |    79 |  -12.065 |    -8638.4 |    872 | _14448_/D
    1891* |       0 |     979 |       54 |     50 |    79 |  -12.065 |    -8638.4 |    872 | _14448_/D
    1892* |       0 |     979 |       54 |     50 |    79 |  -12.065 |    -8638.4 |    872 | _14448_/D
    1893* |       0 |     979 |       54 |     50 |    79 |  -12.065 |    -8638.4 |    872 | _14448_/D
    1894* |       0 |     979 |       54 |     50 |    79 |  -12.065 |    -8638.4 |    872 | _14448_/D
    1895* |       0 |     979 |       54 |     50 |    79 |  -12.065 |    -8638.4 |    872 | _14448_/D
    1896* |       0 |     979 |       54 |     50 |    79 |  -12.065 |    -8638.4 |    872 | _14448_/D
    1897* |       0 |     979 |       54 |     50 |    79 |  -12.065 |    -8638.4 |    872 | _14448_/D
    1898* |       0 |     979 |       54 |     50 |    79 |  -12.065 |    -8638.4 |    872 | _14448_/D
    1899* |       0 |     979 |       54 |     50 |    79 |  -12.065 |    -8638.4 |    872 | _14448_/D
    1900* |       0 |     979 |       54 |     50 |    79 |  -12.065 |    -8638.4 |    872 | _14448_/D
    final |       0 |     979 |       54 |     50 |    79 |  -12.065 |    -8638.4 |    872 | _14448_/D
---------------------------------------------------------------------------------------------------
[INFO RSZ-0040] Inserted 23 buffers.
[INFO RSZ-0041] Resized 979 instances.
[INFO RSZ-0043] Swapped pins on 79 instances.
[INFO RSZ-0049] Cloned 50 instances.
[WARNING RSZ-0062] Unable to repair all setup violations.
[INFO RSZ-0046] Found 2575 endpoints with hold violations.
Iteration | Resized | Buffers | Cloned Gates |   WNS   |   TNS   | Endpoint
---------------------------------------------------------------------------
        0 |       0 |       0 |            0 |  -0.702 | -179.933 | _15064_/D
    final |       0 |    1501 |            0 |   0.100 |   0.000 | _16098_/D
---------------------------------------------------------------------------
[INFO RSZ-0032] Inserted 1501 hold buffers.
Placement Analysis
---------------------------------
total displacement       7879.0 u
average displacement        0.3 u
max displacement           11.6 u
original HPWL          723978.9 u
legalized HPWL         739425.0 u
delta HPWL                    2 %

[INFO DPL-0020] Mirrored 5422 instances
[INFO DPL-0021] HPWL before          739425.0 u
[INFO DPL-0022] HPWL after           726807.9 u
[INFO DPL-0023] HPWL delta               -1.7 %
[INFO] Setting RC values…
Setting global connections for newly added cells…
[INFO] Setting global connections...
Updating metrics…
Cell type report:                       Count       Area
  Fill cell                               602    2259.67
  Tap cell                               9544   11941.45
  Buffer                                   30     123.87
  Clock buffer                            441    6209.71
  Timing Repair Buffer                   3391   29733.52
  Inverter                                114     440.42
  Clock inverter                          211    2755.14
  Clock gate cell                           1      17.52
  Sequential cell                        1871   47555.61
  Multi-Input combinational cell         7311   67748.73
  Total                                 23516  168785.63
Writing OpenROAD database to '/work/runs/fathom-20260905T140607Z/36-openroad-resizertimingpostcts/ibex_top.odb'…
Writing netlist to '/work/runs/fathom-20260905T140607Z/36-openroad-resizertimingpostcts/ibex_top.nl.v'…
Writing powered netlist to '/work/runs/fathom-20260905T140607Z/36-openroad-resizertimingpostcts/ibex_top.pnl.v'…
Writing layout to '/work/runs/fathom-20260905T140607Z/36-openroad-resizertimingpostcts/ibex_top.def'…
Writing timing constraints to '/work/runs/fathom-20260905T140607Z/36-openroad-resizertimingpostcts/ibex_top.sdc'…
