Reading OpenROAD database at '/work/runs/fathom-20260905T140607Z/20-openroad-generatepdn/ibex_top.odb'…
Reading library file at '/pdk/volare/sky130/versions/0fe599b2afb6708d281543108caf8310912f54af/sky130A/libs.ref/sky130_fd_sc_hd/lib/sky130_fd_sc_hd__tt_025C_1v80.lib'…
Reading design constraints file at '/nix/store/0cgica8q52vjb9a7vbwaccncbajs33gx-python3-3.11.9-env/lib/python3.11/site-packages/openlane/scripts/base.sdc'…
[INFO] Using clock clk_i…
[INFO] Setting output delay to: 2.0
[INFO] Setting input delay to: 2.0
[INFO] Setting load to: 0.033442
[INFO] Setting clock uncertainty to: 0.25
[INFO] Setting clock transition to: 0.1499999999999999944488848768742172978818416595458984375
[INFO] Setting timing derate to: 5%
+ global_placement -density 0.3 -skip_io -pad_right 0 -pad_left 0 -init_wirelength_coef 0.25
[INFO GPL-0002] DBU: 1000
[INFO GPL-0003] SiteSize: (  0.460  2.720 ) um
[INFO GPL-0004] CoreBBox: (  5.520 10.880 ) ( 826.160 829.600 ) um
[INFO GPL-0006] NumInstances:             19473
[INFO GPL-0007] NumPlaceInstances:         9327
[INFO GPL-0008] NumFixedInstances:        10146
[INFO GPL-0009] NumDummyInstances:            0
[INFO GPL-0010] NumNets:                   9827
[INFO GPL-0011] NumPins:                  38832
[INFO GPL-0012] DieBBox:  (  0.000  0.000 ) ( 831.755 842.475 ) um
[INFO GPL-0013] CoreBBox: (  5.520 10.880 ) ( 826.160 829.600 ) um
[INFO GPL-0016] CoreArea:            671874.381 um^2
[INFO GPL-0017] NonPlaceInstsArea:    14201.120 um^2
[INFO GPL-0018] PlaceInstsArea:      121243.782 um^2
[INFO GPL-0019] Util:                    18.435 %
[INFO GPL-0020] StdInstsArea:        121243.782 um^2
[INFO GPL-0021] MacroInstsArea:           0.000 um^2
[INFO GPL-0031] FillerInit:NumGCells:     15305
[INFO GPL-0032] FillerInit:NumGNets:       9827
[INFO GPL-0033] FillerInit:NumGPins:      38832
[INFO GPL-0023] TargetDensity:            0.300
[INFO GPL-0024] AvrgPlaceInstArea:       12.999 um^2
[INFO GPL-0025] IdealBinArea:            43.331 um^2
[INFO GPL-0026] IdealBinCnt:              15505
[INFO GPL-0027] TotalBinArea:        671874.381 um^2
[INFO GPL-0028] BinCnt:        64     64
[INFO GPL-0029] BinSize: ( 12.823 12.793 )
[INFO GPL-0030] NumBins: 4096
[NesterovSolve] Iter:    1 overflow: 0.998 HPWL: 30328964
[NesterovSolve] Iter:   10 overflow: 0.998 HPWL: 19290870
[NesterovSolve] Iter:   20 overflow: 0.998 HPWL: 19160383
[NesterovSolve] Iter:   30 overflow: 0.998 HPWL: 19116974
[NesterovSolve] Iter:   40 overflow: 0.998 HPWL: 19104880
[NesterovSolve] Iter:   50 overflow: 0.997 HPWL: 19098662
[NesterovSolve] Iter:   60 overflow: 0.997 HPWL: 19099327
[NesterovSolve] Iter:   70 overflow: 0.997 HPWL: 19110986
[NesterovSolve] Iter:   80 overflow: 0.997 HPWL: 19136423
[NesterovSolve] Iter:   90 overflow: 0.997 HPWL: 19184036
[NesterovSolve] Iter:  100 overflow: 0.997 HPWL: 19284691
[NesterovSolve] Iter:  110 overflow: 0.997 HPWL: 19536026
[NesterovSolve] Iter:  120 overflow: 0.996 HPWL: 20399371
[NesterovSolve] Iter:  130 overflow: 0.991 HPWL: 24013421
[NesterovSolve] Iter:  140 overflow: 0.985 HPWL: 32761076
[NesterovSolve] Iter:  150 overflow: 0.980 HPWL: 44911009
[NesterovSolve] Iter:  160 overflow: 0.972 HPWL: 59011937
[NesterovSolve] Iter:  170 overflow: 0.965 HPWL: 74483696
[NesterovSolve] Iter:  180 overflow: 0.949 HPWL: 91603297
[NesterovSolve] Iter:  190 overflow: 0.933 HPWL: 109173677
[NesterovSolve] Iter:  200 overflow: 0.918 HPWL: 127559582
[NesterovSolve] Iter:  210 overflow: 0.894 HPWL: 151303462
[NesterovSolve] Iter:  220 overflow: 0.863 HPWL: 177857843
[NesterovSolve] Iter:  230 overflow: 0.828 HPWL: 202245322
[NesterovSolve] Iter:  240 overflow: 0.793 HPWL: 224845005
[NesterovSolve] Iter:  250 overflow: 0.755 HPWL: 246501696
[NesterovSolve] Iter:  260 overflow: 0.711 HPWL: 268785251
[NesterovSolve] Iter:  270 overflow: 0.666 HPWL: 289666503
[NesterovSolve] Iter:  280 overflow: 0.620 HPWL: 306567232
[NesterovSolve] Iter:  290 overflow: 0.570 HPWL: 321902941
[NesterovSolve] Iter:  300 overflow: 0.520 HPWL: 335323149
[NesterovSolve] Iter:  310 overflow: 0.469 HPWL: 345920938
[NesterovSolve] Iter:  320 overflow: 0.421 HPWL: 352120783
[NesterovSolve] Iter:  330 overflow: 0.377 HPWL: 356464329
[NesterovSolve] Iter:  340 overflow: 0.332 HPWL: 361505142
[NesterovSolve] Iter:  350 overflow: 0.298 HPWL: 363538611
[NesterovSolve] Iter:  360 overflow: 0.264 HPWL: 365963061
[NesterovSolve] Iter:  370 overflow: 0.226 HPWL: 367790584
[NesterovSolve] Iter:  380 overflow: 0.194 HPWL: 368997721
[NesterovSolve] Iter:  390 overflow: 0.164 HPWL: 370642205
[NesterovSolve] Iter:  400 overflow: 0.138 HPWL: 371690099
[NesterovSolve] Iter:  410 overflow: 0.114 HPWL: 372839442
[NesterovSolve] Finished with Overflow: 0.099436
[INFO] Setting RC values…
Setting global connections for newly added cells…
[INFO] Setting global connections...
Updating metrics…
Cell type report:                       Count       Area
  Fill cell                               602    2259.67
  Tap cell                               9544   11941.45
  Buffer                                   30     150.14
  Inverter                                114     427.91
  Clock gate cell                           1      17.52
  Sequential cell                        1871   49160.90
  Multi-Input combinational cell         7311   71487.31
  Total                                 19473  135444.90
Writing OpenROAD database to '/work/runs/fathom-20260905T140607Z/23-openroad-globalplacementskipio/ibex_top.odb'…
Writing netlist to '/work/runs/fathom-20260905T140607Z/23-openroad-globalplacementskipio/ibex_top.nl.v'…
Writing powered netlist to '/work/runs/fathom-20260905T140607Z/23-openroad-globalplacementskipio/ibex_top.pnl.v'…
Writing layout to '/work/runs/fathom-20260905T140607Z/23-openroad-globalplacementskipio/ibex_top.def'…
Writing timing constraints to '/work/runs/fathom-20260905T140607Z/23-openroad-globalplacementskipio/ibex_top.sdc'…
