Reading OpenROAD database at '/work/runs/fathom-20260905T140607Z/31-openroad-repairdesignpostgpl/ibex_top.odb'…
Reading library file at '/pdk/volare/sky130/versions/0fe599b2afb6708d281543108caf8310912f54af/sky130A/libs.ref/sky130_fd_sc_hd/lib/sky130_fd_sc_hd__tt_025C_1v80.lib'…
Reading design constraints file at '/nix/store/0cgica8q52vjb9a7vbwaccncbajs33gx-python3-3.11.9-env/lib/python3.11/site-packages/openlane/scripts/base.sdc'…
[INFO] Using clock clk_i…
[INFO] Setting output delay to: 2.0
[INFO] Setting input delay to: 2.0
[INFO] Setting load to: 0.033442
[INFO] Setting clock uncertainty to: 0.25
[INFO] Setting clock transition to: 0.1499999999999999944488848768742172978818416595458984375
[INFO] Setting timing derate to: 5%
Placement Analysis
---------------------------------
total displacement          0.0 u
average displacement        0.0 u
max displacement            0.0 u
original HPWL          685709.2 u
legalized HPWL         693403.8 u
delta HPWL                    1 %

[INFO DPL-0020] Mirrored 3826 instances
[INFO DPL-0021] HPWL before          693403.8 u
[INFO DPL-0022] HPWL after           685709.2 u
[INFO DPL-0023] HPWL delta               -1.1 %
Setting global connections for newly added cells…
[INFO] Setting global connections...
Updating metrics…
Cell type report:                       Count       Area
  Fill cell                               602    2259.67
  Tap cell                               9544   11941.45
  Buffer                                   30     123.87
  Timing Repair Buffer                   1817   13191.40
  Inverter                                114     427.91
  Clock gate cell                           1      17.52
  Sequential cell                        1871   47555.61
  Multi-Input combinational cell         7311   66686.46
  Total                                 21290  142203.88
Writing OpenROAD database to '/work/runs/fathom-20260905T140607Z/33-openroad-detailedplacement/ibex_top.odb'…
Writing netlist to '/work/runs/fathom-20260905T140607Z/33-openroad-detailedplacement/ibex_top.nl.v'…
Writing powered netlist to '/work/runs/fathom-20260905T140607Z/33-openroad-detailedplacement/ibex_top.pnl.v'…
Writing layout to '/work/runs/fathom-20260905T140607Z/33-openroad-detailedplacement/ibex_top.def'…
Writing timing constraints to '/work/runs/fathom-20260905T140607Z/33-openroad-detailedplacement/ibex_top.sdc'…
