Clock: clk_i
Sources: clk_i 
Generated: no
Virtual: no
Propagated: no
Period: 10.000000

===========================================================================
report_clock_properties
============================================================================
Clock                   Period          Waveform
----------------------------------------------------
clk_i                10.000000    0.000000  5.000000

===========================================================================
report_clock_latency
============================================================================
Clock clk_i
rise -> rise
    min     max
0.000000 0.000000 source latency
0.021593         network latency _14382_/CLK
        23.888620 network latency _14383_/CLK
---------------
0.021593 23.888620 latency
        23.867027 skew

fall -> fall
    min     max
0.000000 0.000000 source latency
0.009237         network latency _14382_/CLK
        10.955951 network latency _14383_/CLK
---------------
0.009237 10.955951 latency
        10.946714 skew



===========================================================================
report_clock_min_period
============================================================================
clk_i period_min = 14.18 fmax = 70.50
