Reading OpenROAD database at '/work/runs/fathom-20260905T140607Z/23-openroad-globalplacementskipio/ibex_top.odb'…
Reading library file at '/pdk/volare/sky130/versions/0fe599b2afb6708d281543108caf8310912f54af/sky130A/libs.ref/sky130_fd_sc_hd/lib/sky130_fd_sc_hd__tt_025C_1v80.lib'…
Reading design constraints file at '/nix/store/0cgica8q52vjb9a7vbwaccncbajs33gx-python3-3.11.9-env/lib/python3.11/site-packages/openlane/scripts/base.sdc'…
[INFO] Using clock clk_i…
[INFO] Setting output delay to: 2.0
[INFO] Setting input delay to: 2.0
[INFO] Setting load to: 0.033442
[INFO] Setting clock uncertainty to: 0.25
[INFO] Setting clock transition to: 0.1499999999999999944488848768742172978818416595458984375
[INFO] Setting timing derate to: 5%
[INFO] place_pins args: -min_distance 3
Found 0 macro blocks.
[INFO PPL-0010] Tentative 0 to set up sections.
[INFO PPL-0001] Number of slots           1014
[INFO PPL-0002] Number of I/O             928
[INFO PPL-0003] Number of I/O w/sink      586
[INFO PPL-0004] Number of I/O w/o sink    342
[INFO PPL-0005] Slots per section         200
[INFO PPL-0006] Slots increase factor     0.01
[INFO PPL-0008] Successfully assigned pins to sections.
[INFO PPL-0012] I/O nets HPWL: 156154.08 um.
Setting global connections for newly added cells…
[INFO] Setting global connections...
Updating metrics…
Cell type report:                       Count       Area
  Fill cell                               602    2259.67
  Tap cell                               9544   11941.45
  Buffer                                   30     150.14
  Inverter                                114     427.91
  Clock gate cell                           1      17.52
  Sequential cell                        1871   49160.90
  Multi-Input combinational cell         7311   71487.31
  Total                                 19473  135444.90
Writing OpenROAD database to '/work/runs/fathom-20260905T140607Z/24-openroad-ioplacement/ibex_top.odb'…
Writing netlist to '/work/runs/fathom-20260905T140607Z/24-openroad-ioplacement/ibex_top.nl.v'…
Writing powered netlist to '/work/runs/fathom-20260905T140607Z/24-openroad-ioplacement/ibex_top.pnl.v'…
Writing layout to '/work/runs/fathom-20260905T140607Z/24-openroad-ioplacement/ibex_top.def'…
Writing timing constraints to '/work/runs/fathom-20260905T140607Z/24-openroad-ioplacement/ibex_top.sdc'…
