Clock: clk_i
Sources: clk_i 
Generated: no
Virtual: no
Propagated: no
Period: 10.000000

===========================================================================
report_clock_properties
============================================================================
Clock                   Period          Waveform
----------------------------------------------------
clk_i                10.000000    0.000000  5.000000

===========================================================================
report_clock_latency
============================================================================
Clock clk_i
rise -> rise
    min     max
0.000000 0.000000 source latency
0.031199         network latency _14382_/CLK
        35.672215 network latency _14383_/CLK
---------------
0.031199 35.672215 latency
        35.641014 skew

fall -> fall
    min     max
0.000000 0.000000 source latency
0.017180         network latency _14382_/CLK
        19.340456 network latency _14383_/CLK
---------------
0.017180 19.340456 latency
        19.323278 skew



===========================================================================
report_clock_min_period
============================================================================
clk_i period_min = 29.70 fmax = 33.67
