Clock: clk_i
Sources: clk_i 
Generated: no
Virtual: no
Propagated: no
Period: 10.000000

===========================================================================
report_clock_properties
============================================================================
Clock                   Period          Waveform
----------------------------------------------------
clk_i                10.000000    0.000000  5.000000

===========================================================================
report_clock_latency
============================================================================
Clock clk_i
rise -> rise
    min     max
0.000000 0.000000 source latency
0.016292         network latency _14382_/CLK
        18.801233 network latency _14383_/CLK
---------------
0.016292 18.801233 latency
        18.784943 skew

fall -> fall
    min     max
0.000000 0.000000 source latency
0.005202         network latency _14382_/CLK
        7.989448 network latency _14383_/CLK
---------------
0.005202 7.989448 latency
        7.984245 skew



===========================================================================
report_clock_min_period
============================================================================
clk_i period_min = 8.55 fmax = 116.99
