Starting…
Running 'Verilator.Lint' at 'runs/fathom-20260905T140607Z/01-verilator-lint'…
Logging subprocess to [repr.filename]'runs/fathom-20260905T140607Z/01-verilator-lint/verilator-lint.log'[/repr.filename]…
Running 'Checker.LintTimingConstructs' at 'runs/fathom-20260905T140607Z/02-checker-linttimingconstructs'…
Check for Lint Timing Errors clear.
Running 'Checker.LintErrors' at 'runs/fathom-20260905T140607Z/03-checker-linterrors'…
Check for Lint errors clear.
Running 'Checker.LintWarnings' at 'runs/fathom-20260905T140607Z/04-checker-lintwarnings'…
236 Lint warnings found.
Running 'Yosys.JsonHeader' at 'runs/fathom-20260905T140607Z/05-yosys-jsonheader'…
Logging subprocess to [repr.filename]'runs/fathom-20260905T140607Z/05-yosys-jsonheader/yosys-jsonheader.log'[/repr.filename]…
Running 'Yosys.Synthesis' at 'runs/fathom-20260905T140607Z/06-yosys-synthesis'…
Logging subprocess to [repr.filename]'runs/fathom-20260905T140607Z/06-yosys-synthesis/yosys-synthesis.log'[/repr.filename]…
Parsing synthesis checks…
Running 'Checker.YosysUnmappedCells' at 'runs/fathom-20260905T140607Z/07-checker-yosysunmappedcells'…
Check for Unmapped Yosys instances clear.
Running 'Checker.YosysSynthChecks' at 'runs/fathom-20260905T140607Z/08-checker-yosyssynthchecks'…
169 Yosys check errors found.
Running 'Checker.NetlistAssignStatements' at 'runs/fathom-20260905T140607Z/09-checker-netlistassignstatements'…
Running 'OpenROAD.CheckSDCFiles' at 'runs/fathom-20260905T140607Z/10-openroad-checksdcfiles'…
'PNR_SDC_FILE' is not defined. Using generic fallback SDC for OpenROAD PnR steps.
'SIGNOFF_SDC_FILE' is not defined. Using generic fallback SDC for OpenROAD PnR steps.
Running 'OpenROAD.CheckMacroInstances' at 'runs/fathom-20260905T140607Z/11-openroad-checkmacroinstances'…
No macros found, skipping instance check…
Running 'OpenROAD.STAPrePNR' at 'runs/fathom-20260905T140607Z/12-openroad-staprepnr'…
Starting STA for the nom_tt_025C_1v80 timing corner…
Starting STA for the nom_ss_100C_1v60 timing corner…
Starting STA for the nom_ff_n40C_1v95 timing corner…
Skipping corner min_tt_025C_1v80 for STA (identical to nom_tt_025C_1v80 at this stage)…
Skipping corner min_ss_100C_1v60 for STA (identical to nom_ss_100C_1v60 at this stage)…
Skipping corner min_ff_n40C_1v95 for STA (identical to nom_ff_n40C_1v95 at this stage)…
Logging subprocess to [repr.filename]'runs/fathom-20260905T140607Z/12-openroad-staprepnr/nom_tt_025C_1v80/sta.log'[/repr.filename]…
Skipping corner max_tt_025C_1v80 for STA (identical to nom_tt_025C_1v80 at this stage)…
Skipping corner max_ss_100C_1v60 for STA (identical to nom_ss_100C_1v60 at this stage)…
Logging subprocess to [repr.filename]'runs/fathom-20260905T140607Z/12-openroad-staprepnr/nom_ss_100C_1v60/sta.log'[/repr.filename]…
Logging subprocess to [repr.filename]'runs/fathom-20260905T140607Z/12-openroad-staprepnr/nom_ff_n40C_1v95/sta.log'[/repr.filename]…
Skipping corner max_ff_n40C_1v95 for STA (identical to nom_ff_n40C_1v95 at this stage)…
Finished STA for the nom_ff_n40C_1v95 timing corner.
Finished STA for the nom_ss_100C_1v60 timing corner.
Finished STA for the nom_tt_025C_1v80 timing corner.
Running 'OpenROAD.Floorplan' at 'runs/fathom-20260905T140607Z/13-openroad-floorplan'…
Logging subprocess to [repr.filename]'runs/fathom-20260905T140607Z/13-openroad-floorplan/openroad-floorplan.log'[/repr.filename]…
Running 'Odb.CheckMacroAntennaProperties' at 'runs/fathom-20260905T140607Z/14-odb-checkmacroantennaproperties'…
No cells provided, skipping…
Running 'Odb.SetPowerConnections' at 'runs/fathom-20260905T140607Z/15-odb-setpowerconnections'…
Logging subprocess to [repr.filename]'runs/fathom-20260905T140607Z/15-odb-setpowerconnections/odb-setpowerconnections.log'[/repr.filename]…
Running 'Odb.ManualMacroPlacement' at 'runs/fathom-20260905T140607Z/16-odb-manualmacroplacement'…
No instances found, skipping 'Odb.ManualMacroPlacement'…
Running 'OpenROAD.CutRows' at 'runs/fathom-20260905T140607Z/17-openroad-cutrows'…
Logging subprocess to [repr.filename]'runs/fathom-20260905T140607Z/17-openroad-cutrows/openroad-cutrows.log'[/repr.filename]…
Running 'OpenROAD.TapEndcapInsertion' at 'runs/fathom-20260905T140607Z/18-openroad-tapendcapinsertion'…
Logging subprocess to [repr.filename]'runs/fathom-20260905T140607Z/18-openroad-tapendcapinsertion/openroad-tapendcapinsertion.log'[/repr.filename]…
Running 'Odb.AddPDNObstructions' at 'runs/fathom-20260905T140607Z/19-odb-addpdnobstructions'…
'PDN_OBSTRUCTIONS' is not defined. Skipping 'Odb.AddPDNObstructions'…
Running 'OpenROAD.GeneratePDN' at 'runs/fathom-20260905T140607Z/20-openroad-generatepdn'…
'FP_PDN_CFG' not explicitly set, setting it to /nix/store/0cgica8q52vjb9a7vbwaccncbajs33gx-python3-3.11.9-env/lib/python3.11/site-packages/openlane/scripts/openroad/common/pdn_cfg.tcl…
Logging subprocess to [repr.filename]'runs/fathom-20260905T140607Z/20-openroad-generatepdn/openroad-generatepdn.log'[/repr.filename]…
Running 'Odb.RemovePDNObstructions' at 'runs/fathom-20260905T140607Z/21-odb-removepdnobstructions'…
'PDN_OBSTRUCTIONS' is not defined. Skipping 'Odb.RemovePDNObstructions'…
Running 'Odb.AddRoutingObstructions' at 'runs/fathom-20260905T140607Z/22-odb-addroutingobstructions'…
'ROUTING_OBSTRUCTIONS' is not defined. Skipping 'Odb.AddRoutingObstructions'…
Running 'OpenROAD.GlobalPlacementSkipIO' at 'runs/fathom-20260905T140607Z/23-openroad-globalplacementskipio'…
Logging subprocess to [repr.filename]'runs/fathom-20260905T140607Z/23-openroad-globalplacementskipio/openroad-globalplacementskipio.log'[/repr.filename]…
Running 'OpenROAD.IOPlacement' at 'runs/fathom-20260905T140607Z/24-openroad-ioplacement'…
Logging subprocess to [repr.filename]'runs/fathom-20260905T140607Z/24-openroad-ioplacement/openroad-ioplacement.log'[/repr.filename]…
Running 'Odb.CustomIOPlacement' at 'runs/fathom-20260905T140607Z/25-odb-customioplacement'…
No custom floorplan file configured, skipping…
Running 'Odb.ApplyDEFTemplate' at 'runs/fathom-20260905T140607Z/26-odb-applydeftemplate'…
No DEF template provided, skipping…
Running 'OpenROAD.GlobalPlacement' at 'runs/fathom-20260905T140607Z/27-openroad-globalplacement'…
Logging subprocess to [repr.filename]'runs/fathom-20260905T140607Z/27-openroad-globalplacement/openroad-globalplacement.log'[/repr.filename]…
Running 'Odb.WriteVerilogHeader' at 'runs/fathom-20260905T140607Z/28-odb-writeverilogheader'…
Logging subprocess to [repr.filename]'runs/fathom-20260905T140607Z/28-odb-writeverilogheader/odb-writeverilogheader.log'[/repr.filename]…
Running 'Checker.PowerGridViolations' at 'runs/fathom-20260905T140607Z/29-checker-powergridviolations'…
Check for power grid violations (as reported by OpenROAD PSM- you may ignore these if LVS passes) clear.
Running 'OpenROAD.STAMidPNR' at 'runs/fathom-20260905T140607Z/30-openroad-stamidpnr'…
Logging subprocess to [repr.filename]'runs/fathom-20260905T140607Z/30-openroad-stamidpnr/openroad-stamidpnr.log'[/repr.filename]…
[GRT-0097] No global routing found for nets.
Running 'OpenROAD.RepairDesignPostGPL' at 'runs/fathom-20260905T140607Z/31-openroad-repairdesignpostgpl'…
Logging subprocess to [repr.filename]'runs/fathom-20260905T140607Z/31-openroad-repairdesignpostgpl/openroad-repairdesignpostgpl.log'[/repr.filename]…
Running 'Odb.ManualGlobalPlacement' at 'runs/fathom-20260905T140607Z/32-odb-manualglobalplacement'…
'MANUAL_GLOBAL_PLACEMENTS' not set, skipping…
Running 'OpenROAD.DetailedPlacement' at 'runs/fathom-20260905T140607Z/33-openroad-detailedplacement'…
Logging subprocess to [repr.filename]'runs/fathom-20260905T140607Z/33-openroad-detailedplacement/openroad-detailedplacement.log'[/repr.filename]…
Running 'OpenROAD.CTS' at 'runs/fathom-20260905T140607Z/34-openroad-cts'…
Logging subprocess to [repr.filename]'runs/fathom-20260905T140607Z/34-openroad-cts/openroad-cts.log'[/repr.filename]…
Running 'OpenROAD.STAMidPNR-1' at 'runs/fathom-20260905T140607Z/35-openroad-stamidpnr-1'…
Logging subprocess to [repr.filename]'runs/fathom-20260905T140607Z/35-openroad-stamidpnr-1/openroad-stamidpnr-1.log'[/repr.filename]…
[GRT-0097] No global routing found for nets.
Running 'OpenROAD.ResizerTimingPostCTS' at 'runs/fathom-20260905T140607Z/36-openroad-resizertimingpostcts'…
Logging subprocess to [repr.filename]'runs/fathom-20260905T140607Z/36-openroad-resizertimingpostcts/openroad-resizertimingpostcts.log'[/repr.filename]…
[RSZ-0062] Unable to repair all setup violations.
