Clock: clk_i
Sources: clk_i 
Generated: no
Virtual: yes
Propagated: no
Period: 10.000000

===========================================================================
report_clock_properties
============================================================================
Clock                   Period          Waveform
----------------------------------------------------
clk_i                10.000000    0.000000  5.000000

===========================================================================
report_clock_latency
============================================================================
Clock clk_i
rise -> rise
    min     max
0.000000 0.000000 source latency
0.318678         network latency _14382_/CLK
        1.727690 network latency _14702_/CLK
---------------
0.318678 1.727690 latency
        1.409012 skew

fall -> fall
    min     max
0.000000 0.000000 source latency
0.303414         network latency _14382_/CLK
        1.476729 network latency _15030_/CLK
---------------
0.303414 1.476729 latency
        1.173315 skew



===========================================================================
report_clock_min_period
============================================================================
clk_i period_min = 13.14 fmax = 76.10
