
===========================================================================
 report_power
============================================================================
======================= nom_tt_025C_1v80 Corner ===================================

Group                    Internal    Switching      Leakage        Total
                            Power        Power        Power        Power (Watts)
------------------------------------------------------------------------
Sequential           9.619373e-03 1.902124e-03 2.470360e-08 1.152152e-02  18.7%
Combinational        1.584593e-02 2.523246e-02 4.276563e-08 4.107843e-02  66.8%
Clock                5.554777e-03 3.331156e-03 6.475553e-09 8.885940e-03  14.5%
Macro                0.000000e+00 0.000000e+00 0.000000e+00 0.000000e+00   0.0%
Pad                  0.000000e+00 0.000000e+00 0.000000e+00 0.000000e+00   0.0%
------------------------------------------------------------------------
Total                3.102001e-02 3.046586e-02 7.394485e-08 6.148595e-02 100.0%
                            50.5%        49.5%         0.0%
Writing metric power__internal__total: 0.031020009890198708
Writing metric power__switching__total: 0.030465861782431602
Writing metric power__leakage__total: 7.39448466902104e-8
Writing metric power__total: 0.06148594617843628

