
===========================================================================
Violator List
============================================================================
[setup reg-reg] _15093_/Q -> _14786_/D : -3.140113
[setup reg-reg] _15093_/Q -> _14784_/D : -3.082866
[setup reg-reg] _15093_/Q -> _14785_/D : -3.080647
[setup reg-reg] _15093_/Q -> _14789_/D : -3.078761
[setup reg-reg] _15093_/Q -> _14783_/D : -3.078083
[setup reg-reg] _15093_/Q -> _14782_/D : -3.078044
[setup reg-reg] _15093_/Q -> _14788_/D : -3.075748
[setup reg-reg] _15093_/Q -> _14417_/D : -3.075536
[setup reg-reg] _15093_/Q -> _14781_/D : -3.073445
[setup reg-reg] _15093_/Q -> _14780_/D : -3.072511
[setup reg-reg] _15093_/Q -> _14411_/D : -3.070026
[setup reg-reg] _15093_/Q -> _14419_/D : -3.066765
[setup reg-reg] _15093_/Q -> _14413_/D : -3.066664
[setup reg-reg] _15093_/Q -> _14414_/D : -3.060511
[setup reg-reg] _15093_/Q -> _14415_/D : -3.057096
[setup reg-reg] _15093_/Q -> _14412_/D : -3.049930
[setup reg-reg] _15093_/Q -> _14416_/D : -3.048801
[setup reg-reg] _15093_/Q -> _14410_/D : -3.021709
[setup reg-reg] _15093_/Q -> _14408_/D : -3.017736
[setup reg-reg] _15093_/Q -> _14422_/D : -3.013594
[setup reg-reg] _15093_/Q -> _14420_/D : -3.009473
[setup reg-reg] _15093_/Q -> _14421_/D : -3.008598
[setup reg-reg] _15093_/Q -> _15146_/D : -2.998486
[setup reg-reg] _15093_/Q -> _15143_/D : -2.995281
[setup reg-reg] _15093_/Q -> _15142_/D : -2.993145
[setup reg-reg] _15093_/Q -> _15139_/D : -2.990598
[setup reg-reg] _15093_/Q -> _14418_/D : -2.988943
[setup reg-reg] _15093_/Q -> _15075_/D : -2.987838
[setup reg-reg] _15093_/Q -> _15140_/D : -2.987334
[setup reg-out] _15093_/Q -> instr_addr_o[30] : -2.975436
[setup reg-reg] _15093_/Q -> _14749_/D : -2.903516
[setup reg-reg] _15093_/Q -> _14429_/D : -2.892966
[setup reg-reg] _15093_/Q -> _14430_/D : -2.891715
[setup reg-reg] _15093_/Q -> _15009_/D : -2.889538
[setup reg-reg] _15093_/Q -> _14424_/D : -2.889237
[setup reg-reg] _15093_/Q -> _14448_/D : -2.887549
[setup reg-reg] _15093_/Q -> _14449_/D : -2.886947
[setup reg-reg] _15093_/Q -> _14450_/D : -2.882708
[setup reg-reg] _15093_/Q -> _14447_/D : -2.876368
[setup reg-reg] _15093_/Q -> _14787_/D : -2.875918
[setup reg-reg] _15093_/Q -> _14427_/D : -2.872686
[setup reg-reg] _15093_/Q -> _14426_/D : -2.872564
[setup reg-reg] _15093_/Q -> _14760_/D : -2.868141
[setup reg-reg] _15093_/Q -> _15071_/D : -2.867218
[setup reg-reg] _15093_/Q -> _14766_/D : -2.865955
[setup reg-reg] _15093_/Q -> _15074_/D : -2.865816
[setup reg-reg] _15093_/Q -> _14768_/D : -2.865628
[setup reg-reg] _15093_/Q -> _14767_/D : -2.865594
[setup reg-reg] _15093_/Q -> _14445_/D : -2.865308
[setup reg-reg] _15093_/Q -> _14761_/D : -2.864662
[setup reg-reg] _15093_/Q -> _15079_/D : -2.862893
[setup reg-reg] _15093_/Q -> _14765_/D : -2.862071
[setup reg-reg] _15093_/Q -> _14764_/D : -2.862042
[setup reg-reg] _15093_/Q -> _14763_/D : -2.859036
[setup reg-reg] _15093_/Q -> _14779_/D : -2.856100
[setup reg-reg] _15093_/Q -> _14778_/D : -2.855454
[setup reg-reg] _15093_/Q -> _14762_/D : -2.855007
[setup reg-reg] _15093_/Q -> _14776_/D : -2.854489
[setup reg-reg] _15093_/Q -> _14769_/D : -2.853999
[setup reg-reg] _15093_/Q -> _15076_/D : -2.851318
[setup reg-reg] _15093_/Q -> _14777_/D : -2.850216
[setup reg-reg] _15093_/Q -> _14774_/D : -2.846456
[setup reg-reg] _15093_/Q -> _14790_/D : -2.843469
[setup reg-reg] _15093_/Q -> _14791_/D : -2.838319
[setup reg-reg] _15093_/Q -> _14744_/D : -2.835912
[setup reg-reg] _15093_/Q -> _14453_/D : -2.834440
[setup reg-reg] _15093_/Q -> _14444_/D : -2.834241
[setup reg-reg] _15093_/Q -> _14775_/D : -2.834071
[setup reg-reg] _15093_/Q -> _14726_/D : -2.829521
[setup reg-reg] _15093_/Q -> _14727_/D : -2.828950
[setup reg-reg] _15093_/Q -> _14451_/D : -2.811111
[setup reg-reg] _15093_/Q -> _15088_/D : -2.809473
[setup reg-reg] _15093_/Q -> _14398_/D : -2.807250
[setup reg-reg] _15093_/Q -> _14396_/D : -2.806392
[setup reg-reg] _15093_/Q -> _14409_/D : -2.805710
[setup reg-reg] _15093_/Q -> _14395_/D : -2.804868
[setup reg-reg] _15093_/Q -> _14397_/D : -2.804544
[setup reg-reg] _15093_/Q -> _14394_/D : -2.804250
[setup reg-reg] _15093_/Q -> _14400_/D : -2.800643
[setup reg-reg] _15093_/Q -> _14392_/D : -2.800075
[setup reg-reg] _15093_/Q -> _14407_/D : -2.799887
[setup reg-reg] _15093_/Q -> _14406_/D : -2.799506
[setup reg-reg] _15093_/Q -> _14399_/D : -2.797874
[setup reg-reg] _15093_/Q -> _14393_/D : -2.797261
[setup reg-reg] _15093_/Q -> _14405_/D : -2.795892
[setup reg-out] _15093_/Q -> instr_addr_o[28] : -2.793714
[setup reg-reg] _15093_/Q -> _14404_/D : -2.793559
[setup reg-reg] _15093_/Q -> _15147_/D : -2.790838
[setup reg-reg] _15093_/Q -> _15093_/D : -2.790606
[setup reg-reg] _15093_/Q -> _15098_/D : -2.789698
[setup reg-reg] _15093_/Q -> _15086_/D : -2.787814
[setup reg-reg] _15093_/Q -> _15085_/D : -2.786838
[setup reg-reg] _15093_/Q -> _14454_/D : -2.780292
[setup reg-reg] _15093_/Q -> _15084_/D : -2.765174
[setup reg-reg] _15093_/Q -> _15145_/D : -2.763328
[setup reg-reg] _15093_/Q -> _14739_/D : -2.739513
[setup reg-reg] _15093_/Q -> _14743_/D : -2.737146
[setup reg-reg] _15093_/Q -> _14740_/D : -2.736442
[setup reg-reg] _15093_/Q -> _15070_/D : -2.726327
[setup reg-reg] _15093_/Q -> _15015_/D : -2.721357
[setup reg-reg] _15093_/Q -> _15012_/D : -2.720824
[setup reg-reg] _15093_/Q -> _14745_/D : -2.717783
[setup reg-reg] _15093_/Q -> _15005_/D : -2.717338
[setup reg-reg] _15093_/Q -> _15008_/D : -2.715911
[setup reg-reg] _15093_/Q -> _14747_/D : -2.713220
[setup reg-reg] _15093_/Q -> _15011_/D : -2.712966
[setup reg-reg] _15093_/Q -> _14736_/D : -2.712887
[setup reg-reg] _15093_/Q -> _15010_/D : -2.711323
[setup reg-reg] _15093_/Q -> _15013_/D : -2.710865
[setup reg-reg] _15093_/Q -> _15006_/D : -2.710478
[setup reg-reg] _15093_/Q -> _14742_/D : -2.710440
[setup reg-reg] _15093_/Q -> _14737_/D : -2.710091
[setup reg-reg] _15093_/Q -> _14746_/D : -2.698393
[setup reg-reg] _15093_/Q -> _14741_/D : -2.695651
[setup reg-reg] _15093_/Q -> _14748_/D : -2.683970
[setup reg-reg] _15093_/Q -> _14750_/D : -2.681053
[setup reg-reg] _15093_/Q -> _15087_/D : -2.671774
[setup reg-reg] _15093_/Q -> _15078_/D : -2.666571
[setup reg-reg] _15093_/Q -> _14728_/D : -2.649432
[setup reg-reg] _15093_/Q -> _14974_/D : -2.649207
[setup reg-reg] _15093_/Q -> _15007_/D : -2.649126
[setup reg-reg] _15093_/Q -> _14971_/D : -2.645763
[setup reg-reg] _15093_/Q -> _15274_/D : -2.645194
[setup reg-reg] _15093_/Q -> _15279_/D : -2.645194
[setup reg-reg] _15093_/Q -> _15273_/D : -2.644571
[setup reg-reg] _15093_/Q -> _14432_/D : -2.644311
[setup reg-reg] _15093_/Q -> _15276_/D : -2.644215
[setup reg-reg] _15093_/Q -> _15263_/D : -2.643260
[setup reg-reg] _15093_/Q -> _15277_/D : -2.642897
[setup reg-reg] _15093_/Q -> _14433_/D : -2.642397
[setup reg-reg] _15093_/Q -> _15275_/D : -2.642342
[setup reg-reg] _15093_/Q -> _15257_/D : -2.641185
[setup reg-reg] _15093_/Q -> _14724_/D : -2.640296
[setup reg-reg] _15093_/Q -> _15278_/D : -2.640258
[setup reg-reg] _15093_/Q -> _14722_/D : -2.639131
[setup reg-reg] _15093_/Q -> _14441_/D : -2.635762
[setup reg-reg] _15093_/Q -> _15262_/D : -2.634888
[setup reg-reg] _15093_/Q -> _15260_/D : -2.633528
[setup reg-reg] _15093_/Q -> _14442_/D : -2.633105
[setup reg-reg] _15093_/Q -> _15255_/D : -2.631484
[setup reg-reg] _15093_/Q -> _15261_/D : -2.631298
[setup reg-reg] _15093_/Q -> _15271_/D : -2.630331
[setup reg-reg] _15093_/Q -> _14425_/D : -2.629784
[setup reg-reg] _15093_/Q -> _14428_/D : -2.629632
[setup reg-reg] _15093_/Q -> _15254_/D : -2.629391
[setup reg-reg] _15093_/Q -> _15270_/D : -2.629033
[setup reg-reg] _15093_/Q -> _14437_/D : -2.628783
[setup reg-reg] _15093_/Q -> _14436_/D : -2.628653
[setup reg-reg] _15093_/Q -> _14434_/D : -2.627404
[setup reg-reg] _15093_/Q -> _14438_/D : -2.627256
[setup reg-reg] _15093_/Q -> _14440_/D : -2.624954
[setup reg-reg] _15093_/Q -> _14721_/D : -2.624889
[setup reg-reg] _15093_/Q -> _14439_/D : -2.618533
[setup reg-reg] _15093_/Q -> _14431_/D : -2.617474
[setup reg-reg] _15093_/Q -> _14773_/D : -2.615412
[setup reg-reg] _15093_/Q -> _15014_/D : -2.615268
[setup reg-reg] _15093_/Q -> _14770_/D : -2.611836
[setup reg-reg] _15093_/Q -> _14752_/D : -2.611385
[setup reg-reg] _15093_/Q -> _14729_/D : -2.610507
[setup reg-reg] _15093_/Q -> _14771_/D : -2.605558
[setup reg-reg] _15093_/Q -> _14772_/D : -2.604533
[setup reg-reg] _15093_/Q -> _14725_/D : -2.600078
[setup reg-reg] _15093_/Q -> _14446_/D : -2.596871
[setup reg-reg] _15093_/Q -> _14723_/D : -2.596780
[setup reg-reg] _15093_/Q -> _14738_/D : -2.596174
[setup reg-reg] _15093_/Q -> _14751_/D : -2.592575
[setup reg-out] _15093_/Q -> instr_addr_o[31] : -2.587132
[setup reg-reg] _15093_/Q -> _15137_/D : -2.586477
[setup reg-reg] _15093_/Q -> _14455_/D : -2.584249
[setup reg-reg] _15093_/Q -> _14735_/D : -2.583554
[setup reg-reg] _15093_/Q -> _15126_/D : -2.579614
[setup reg-reg] _15093_/Q -> _14452_/D : -2.578367
[setup reg-reg] _15093_/Q -> _14969_/D : -2.576023
[setup reg-reg] _15093_/Q -> _15264_/D : -2.574572
[setup reg-reg] _15093_/Q -> _14972_/D : -2.574385
[setup reg-reg] _15093_/Q -> _15151_/D : -2.570640
[setup reg-reg] _15093_/Q -> _14970_/D : -2.570229
[setup reg-reg] _15093_/Q -> _15138_/D : -2.570206
[setup reg-reg] _15093_/Q -> _14973_/D : -2.569298
[setup reg-reg] _15093_/Q -> _15150_/D : -2.568176
[setup reg-reg] _15093_/Q -> _15149_/D : -2.567596
[setup reg-reg] _15093_/Q -> _14732_/D : -2.567462
[setup reg-reg] _15093_/Q -> _14401_/D : -2.567251
[setup reg-reg] _15093_/Q -> _14402_/D : -2.564542
[setup reg-reg] _15093_/Q -> _14403_/D : -2.564252
[setup reg-reg] _15093_/Q -> _15227_/D : -2.562317
[setup reg-reg] _15093_/Q -> _14423_/D : -2.561963
[setup reg-reg] _15093_/Q -> _15229_/D : -2.561828
[setup reg-reg] _15093_/Q -> _15223_/D : -2.561593
[setup reg-reg] _15093_/Q -> _14443_/D : -2.561331
[setup reg-reg] _15093_/Q -> _15123_/D : -2.561103
[setup reg-reg] _15093_/Q -> _15242_/D : -2.561090
[setup reg-reg] _15093_/Q -> _15092_/D : -2.560915
[setup reg-reg] _15093_/Q -> _15239_/D : -2.560596
[setup reg-reg] _15093_/Q -> _15089_/D : -2.560380
[setup reg-reg] _15093_/Q -> _15226_/D : -2.558099
[setup reg-reg] _15093_/Q -> _15243_/D : -2.556423
[setup reg-reg] _15093_/Q -> _15245_/D : -2.556004
[setup reg-reg] _15093_/Q -> _15244_/D : -2.554891
[setup reg-reg] _15093_/Q -> _15240_/D : -2.554084
[setup reg-reg] _15093_/Q -> _15220_/D : -2.553884
[setup reg-out] _15093_/Q -> instr_addr_o[26] : -2.553467
[setup reg-reg] _15093_/Q -> _15236_/D : -2.551634
[setup reg-reg] _15093_/Q -> _15228_/D : -2.550886
[setup reg-reg] _15093_/Q -> _15221_/D : -2.550146
[setup reg-reg] _15093_/Q -> _15097_/D : -2.550019
[setup reg-reg] _15093_/Q -> _15237_/D : -2.549909
[setup reg-reg] _15093_/Q -> _15241_/D : -2.549806
[setup reg-reg] _15093_/Q -> _15077_/D : -2.546069
[setup reg-reg] _15093_/Q -> _15133_/D : -2.545138
[setup reg-reg] _15093_/Q -> _15144_/D : -2.545063
[setup reg-reg] _15093_/Q -> _15131_/D : -2.536465
[setup reg-reg] _15093_/Q -> _15090_/D : -2.532437
[setup reg-reg] _15093_/Q -> _15080_/D : -2.524939
[setup reg-reg] _15093_/Q -> _15072_/D : -2.523913
[setup reg-reg] _15093_/Q -> _15096_/D : -2.520171
[setup reg-reg] _15093_/Q -> _15069_/D : -2.519524
[setup reg-out] _15093_/Q -> instr_addr_o[29] : -2.508531
[setup reg-reg] _15093_/Q -> _14733_/D : -2.506735
[setup reg-reg] _15093_/Q -> _14734_/D : -2.503804
[setup reg-reg] _15093_/Q -> _14730_/D : -2.500151
[setup reg-reg] _15093_/Q -> _14731_/D : -2.499622
[setup reg-reg] _15093_/Q -> _14947_/D : -2.476522
[setup reg-reg] _15093_/Q -> _15094_/D : -2.469703
[setup reg-out] _15093_/Q -> instr_addr_o[18] : -2.466320
[setup reg-reg] _15093_/Q -> _14988_/D : -2.465750
[setup reg-reg] _15093_/Q -> _14987_/D : -2.464949
[setup reg-reg] _15093_/Q -> _15016_/D : -2.462907
[setup reg-reg] _15093_/Q -> _14994_/D : -2.461612
[setup reg-reg] _15093_/Q -> _14996_/D : -2.460827
[setup reg-reg] _15093_/Q -> _14989_/D : -2.459821
[setup reg-reg] _15093_/Q -> _14993_/D : -2.459442
[setup reg-reg] _15093_/Q -> _14990_/D : -2.458823
[setup reg-reg] _15093_/Q -> _15004_/D : -2.458737
[setup reg-reg] _15093_/Q -> _14991_/D : -2.458247
[setup reg-reg] _15093_/Q -> _14992_/D : -2.456081
[setup reg-reg] _15093_/Q -> _15017_/D : -2.454814
[setup reg-reg] _15093_/Q -> _15002_/D : -2.451443
[setup reg-reg] _15093_/Q -> _15081_/D : -2.450198
[setup reg-reg] _15093_/Q -> _15100_/D : -2.450066
[setup reg-reg] _15093_/Q -> _14950_/D : -2.447677
[setup reg-reg] _15093_/Q -> _14953_/D : -2.446655
[setup reg-reg] _15093_/Q -> _15003_/D : -2.442241
[setup reg-reg] _15093_/Q -> _14999_/D : -2.441436
[setup reg-reg] _15093_/Q -> _15001_/D : -2.440701
[setup reg-reg] _15093_/Q -> _15259_/D : -2.437991
[setup reg-reg] _15093_/Q -> _15258_/D : -2.437163
[setup reg-reg] _15093_/Q -> _15256_/D : -2.437137
[setup reg-reg] _15093_/Q -> _15082_/D : -2.436660
[setup reg-reg] _15093_/Q -> _15000_/D : -2.436535
[setup reg-reg] _15093_/Q -> _14951_/D : -2.436430
[setup reg-reg] _15093_/Q -> _15280_/D : -2.436375
[setup reg-reg] _15093_/Q -> _14998_/D : -2.435525
[setup reg-reg] _15093_/Q -> _15272_/D : -2.435416
[setup reg-reg] _15093_/Q -> _15281_/D : -2.429773
[setup reg-reg] _15093_/Q -> _15118_/D : -2.427963
[setup reg-reg] _15093_/Q -> _15265_/D : -2.427427
[setup reg-reg] _15093_/Q -> _15266_/D : -2.427406
[setup reg-reg] _15093_/Q -> _15282_/D : -2.426871
[setup reg-reg] _15093_/Q -> _14968_/D : -2.426828
[setup reg-reg] _15093_/Q -> _15253_/D : -2.426512
[setup reg-reg] _15093_/Q -> _15283_/D : -2.426256
[setup reg-reg] _15093_/Q -> _15135_/D : -2.424812
[setup reg-reg] _15093_/Q -> _15252_/D : -2.424772
[setup reg-reg] _15093_/Q -> _15250_/D : -2.418465
[setup reg-reg] _15093_/Q -> _15268_/D : -2.418293
[setup reg-reg] _15093_/Q -> _15128_/D : -2.417533
[setup reg-reg] _15093_/Q -> _15122_/D : -2.415792
[setup reg-reg] _15093_/Q -> _15124_/D : -2.415776
[setup reg-reg] _15093_/Q -> _15121_/D : -2.413793
[setup reg-reg] _15093_/Q -> _15267_/D : -2.413364
[setup reg-reg] _15093_/Q -> _15132_/D : -2.412362
[setup reg-reg] _15093_/Q -> _15120_/D : -2.411470
[setup reg-reg] _15093_/Q -> _15127_/D : -2.409373
[setup reg-reg] _15093_/Q -> _15129_/D : -2.408580
[setup reg-reg] _15093_/Q -> _15125_/D : -2.408523
[setup reg-reg] _15093_/Q -> _15130_/D : -2.407718
[setup reg-reg] _15093_/Q -> _14635_/D : -2.406893
[setup reg-reg] _15093_/Q -> _15119_/D : -2.401487
[setup reg-reg] _15093_/Q -> _14965_/D : -2.399831
[setup reg-out] _15093_/Q -> instr_addr_o[25] : -2.394019
[setup reg-reg] _15093_/Q -> _14640_/D : -2.392132
[setup reg-reg] _15093_/Q -> _14637_/D : -2.391807
[setup reg-reg] _15093_/Q -> _14435_/D : -2.389540
[setup reg-reg] _15093_/Q -> _14638_/D : -2.382223
[setup reg-out] _15093_/Q -> instr_addr_o[20] : -2.374782
[setup reg-out] _15093_/Q -> instr_addr_o[16] : -2.373843
[setup reg-reg] _15093_/Q -> _14629_/D : -2.370759
[setup reg-out] _15093_/Q -> instr_addr_o[22] : -2.368224
[setup reg-reg] _15093_/Q -> _14632_/D : -2.363090
[setup reg-reg] _15093_/Q -> _15225_/D : -2.362842
[setup reg-reg] _15093_/Q -> _14952_/D : -2.361465
[setup reg-reg] _15093_/Q -> _15224_/D : -2.361428
[setup reg-reg] _15093_/Q -> _14946_/D : -2.360531
[setup reg-reg] _15093_/Q -> _15222_/D : -2.359822
[setup reg-reg] _15093_/Q -> _15238_/D : -2.356924
[setup reg-reg] _15093_/Q -> _15231_/D : -2.356884
[setup reg-reg] _15093_/Q -> _15246_/D : -2.356002
[setup reg-reg] _15093_/Q -> _15230_/D : -2.355353
[setup reg-reg] _15093_/Q -> _15232_/D : -2.350647
[setup reg-reg] _15093_/Q -> _15233_/D : -2.350250
[setup reg-reg] _15093_/Q -> _15219_/D : -2.348704
[setup reg-reg] _15093_/Q -> _15249_/D : -2.348302
[setup reg-reg] _15093_/Q -> _15247_/D : -2.347965
[setup reg-reg] _15093_/Q -> _14975_/D : -2.347814
[setup reg-reg] _15093_/Q -> _14954_/D : -2.347098
[setup reg-reg] _15093_/Q -> _15248_/D : -2.346737
[setup reg-reg] _15093_/Q -> _15218_/D : -2.344735
[setup reg-reg] _15093_/Q -> _14967_/D : -2.339495
[setup reg-reg] _15093_/Q -> _15234_/D : -2.336666
[setup reg-reg] _15093_/Q -> _15095_/D : -2.335916
[setup reg-reg] _15093_/Q -> _15235_/D : -2.334878
[setup reg-reg] _15093_/Q -> _15141_/D : -2.333015
[setup reg-reg] _15093_/Q -> _14636_/D : -2.323491
[setup reg-out] _15093_/Q -> instr_addr_o[24] : -2.321258
[setup reg-reg] _15093_/Q -> _14634_/D : -2.320983
[setup reg-reg] _15093_/Q -> _14633_/D : -2.318990
[setup reg-reg] _15093_/Q -> _14672_/D : -2.313343
[setup reg-reg] _15093_/Q -> _15101_/D : -2.306536
[setup reg-reg] _15093_/Q -> _14630_/D : -2.304212
[setup reg-reg] _15093_/Q -> _14877_/D : -2.303116
[setup reg-reg] _15093_/Q -> _14879_/D : -2.302789
[setup reg-reg] _15093_/Q -> _14874_/D : -2.302499
[setup reg-reg] _15093_/Q -> _14875_/D : -2.301992
[setup reg-reg] _15093_/Q -> _14878_/D : -2.301448
[setup reg-reg] _15093_/Q -> _14876_/D : -2.299067
[setup reg-out] _15093_/Q -> instr_addr_o[27] : -2.297347
[setup reg-reg] _15093_/Q -> _14872_/D : -2.297080
[setup reg-reg] _15093_/Q -> _14667_/D : -2.296682
[setup reg-reg] _15093_/Q -> _14665_/D : -2.296149
[setup reg-reg] _15093_/Q -> _14871_/D : -2.295486
[setup reg-reg] _15093_/Q -> _14670_/D : -2.295310
[setup reg-reg] _15093_/Q -> _14873_/D : -2.295166
[setup reg-reg] _15093_/Q -> _14663_/D : -2.293180
[setup reg-reg] _15093_/Q -> _14664_/D : -2.293100
[setup reg-reg] _15093_/Q -> _14668_/D : -2.292874
[setup reg-reg] _15093_/Q -> _14671_/D : -2.292187
[setup reg-reg] _15093_/Q -> _14666_/D : -2.289109
[setup reg-reg] _15093_/Q -> _14673_/D : -2.287449
[setup reg-reg] _15093_/Q -> _14867_/D : -2.286487
[setup reg-reg] _15093_/Q -> _14883_/D : -2.284798
[setup reg-reg] _15093_/Q -> _14882_/D : -2.284280
[setup reg-reg] _15093_/Q -> _14870_/D : -2.281435
[setup reg-reg] _15093_/Q -> _14869_/D : -2.280753
[setup reg-reg] _15093_/Q -> _14551_/D : -2.273942
[setup reg-reg] _15093_/Q -> _14549_/D : -2.273112
[setup reg-reg] _15093_/Q -> _14544_/D : -2.273007
[setup reg-reg] _15093_/Q -> _14550_/D : -2.272535
[setup reg-reg] _15093_/Q -> _14548_/D : -2.271739
[setup reg-reg] _15093_/Q -> _14880_/D : -2.267262
[setup reg-reg] _15093_/Q -> _14545_/D : -2.263194
[setup reg-reg] _15093_/Q -> _14546_/D : -2.262444
[setup reg-reg] _15093_/Q -> _14977_/D : -2.260452
[setup reg-reg] _15093_/Q -> _14979_/D : -2.260015
[setup reg-reg] _15093_/Q -> _14547_/D : -2.259797
[setup reg-reg] _15093_/Q -> _14543_/D : -2.259687
[setup reg-reg] _15093_/Q -> _14881_/D : -2.255151
[setup reg-reg] _15093_/Q -> _14552_/D : -2.247659
[setup reg-reg] _15093_/Q -> _14995_/D : -2.216989
[setup reg-reg] _15093_/Q -> _14949_/D : -2.216749
[setup reg-reg] _15093_/Q -> _15269_/D : -2.212719
[setup reg-reg] _15093_/Q -> _14955_/D : -2.210318
[setup reg-reg] _15093_/Q -> _14997_/D : -2.203408
[setup reg-reg] _15093_/Q -> _14978_/D : -2.198061
[setup reg-reg] _15093_/Q -> _14966_/D : -2.196781
[setup reg-reg] _15093_/Q -> _14641_/D : -2.189145
[setup reg-out] _15093_/Q -> instr_addr_o[21] : -2.188121
[setup reg-reg] _15093_/Q -> _14628_/D : -2.185801
[setup reg-reg] _15093_/Q -> _14956_/D : -2.184248
[setup reg-reg] _15093_/Q -> _14976_/D : -2.181003
[setup reg-reg] _15093_/Q -> _15136_/D : -2.172461
[setup reg-out] _15093_/Q -> instr_addr_o[17] : -2.163753
[setup reg-reg] _15093_/Q -> _15115_/D : -2.160422
[setup reg-reg] _15093_/Q -> _15110_/D : -2.156833
[setup reg-reg] _15093_/Q -> _14631_/D : -2.155040
[setup reg-reg] _15093_/Q -> _15107_/D : -2.154884
[setup reg-reg] _15093_/Q -> _15117_/D : -2.152496
[setup reg-reg] _15093_/Q -> _15106_/D : -2.152055
[setup reg-reg] _15093_/Q -> _15116_/D : -2.146123
[setup reg-reg] _15093_/Q -> _15114_/D : -2.145420
[setup reg-reg] _15093_/Q -> _14627_/D : -2.142658
[setup reg-reg] _15093_/Q -> _14639_/D : -2.142392
[setup reg-reg] _15093_/Q -> _15109_/D : -2.140694
[setup reg-reg] _15093_/Q -> _15108_/D : -2.139735
[setup reg-reg] _15093_/Q -> _15251_/D : -2.135686
[setup reg-reg] _15093_/Q -> _15103_/D : -2.134947
[setup reg-reg] _15093_/Q -> _15104_/D : -2.134640
[setup reg-reg] _15093_/Q -> _14828_/D : -2.134137
[setup reg-reg] _15093_/Q -> _14817_/D : -2.133891
[setup reg-reg] _15093_/Q -> _15105_/D : -2.132540
[setup reg-reg] _15093_/Q -> _14852_/D : -2.123220
[setup reg-reg] _15093_/Q -> _14854_/D : -2.121160
[setup reg-reg] _15093_/Q -> _14849_/D : -2.120183
[setup reg-reg] _15093_/Q -> _14851_/D : -2.119827
[setup reg-reg] _15093_/Q -> _14850_/D : -2.119644
[setup reg-reg] _15093_/Q -> _14853_/D : -2.119270
[setup reg-reg] _15093_/Q -> _14574_/D : -2.119245
[setup reg-reg] _15093_/Q -> _14576_/D : -2.119205
[setup reg-reg] _15093_/Q -> _14575_/D : -2.118699
[setup reg-reg] _15093_/Q -> _14709_/D : -2.115669
[setup reg-reg] _15093_/Q -> _14582_/D : -2.114385
[setup reg-reg] _15093_/Q -> _14578_/D : -2.113855
[setup reg-reg] _15093_/Q -> _14945_/D : -2.113590
[setup reg-reg] _15093_/Q -> _14579_/D : -2.113483
[setup reg-reg] _15093_/Q -> _14708_/D : -2.113025
[setup reg-reg] _15093_/Q -> _14581_/D : -2.112465
[setup reg-reg] _15093_/Q -> _14580_/D : -2.110018
[setup reg-reg] _15093_/Q -> _14601_/D : -2.109738
[setup reg-reg] _15093_/Q -> _14583_/D : -2.108945
[setup reg-reg] _15093_/Q -> _14585_/D : -2.107359
[setup reg-reg] _15093_/Q -> _14820_/D : -2.107269
[setup reg-reg] _15093_/Q -> _14716_/D : -2.106665
[setup reg-reg] _15093_/Q -> _14713_/D : -2.106487
[setup reg-reg] _15093_/Q -> _14714_/D : -2.105757
[setup reg-reg] _15093_/Q -> _14706_/D : -2.105707
[setup reg-reg] _15093_/Q -> _14712_/D : -2.104843
[setup reg-reg] _15093_/Q -> _14596_/D : -2.103577
[setup reg-reg] _15093_/Q -> _14710_/D : -2.103462
[setup reg-reg] _15093_/Q -> _14705_/D : -2.103224
[setup reg-reg] _15093_/Q -> _14593_/D : -2.103112
[setup reg-reg] _15093_/Q -> _14597_/D : -2.102642
[setup reg-reg] _15093_/Q -> _14646_/D : -2.101840
[setup reg-reg] _15093_/Q -> _14594_/D : -2.100759
[setup reg-reg] _15093_/Q -> _14598_/D : -2.099820
[setup reg-reg] _15093_/Q -> _14599_/D : -2.098785
[setup reg-reg] _15093_/Q -> _14592_/D : -2.098470
[setup reg-reg] _15093_/Q -> _14600_/D : -2.097998
[setup reg-reg] _15093_/Q -> _14645_/D : -2.097766
[setup reg-reg] _15093_/Q -> _14595_/D : -2.093749
[setup reg-out] _15093_/Q -> instr_addr_o[14] : -2.092421
[setup reg-reg] _15093_/Q -> _14655_/D : -2.092117
[setup reg-reg] _15093_/Q -> _14653_/D : -2.091760
[setup reg-reg] _15093_/Q -> _14647_/D : -2.090790
[setup reg-reg] _15093_/Q -> _14717_/D : -2.090565
[setup reg-reg] _15093_/Q -> _14652_/D : -2.089734
[setup reg-reg] _15093_/Q -> _14649_/D : -2.089033
[setup reg-reg] _15093_/Q -> _14650_/D : -2.089011
[setup reg-reg] _15093_/Q -> _14651_/D : -2.087775
[setup reg-reg] _15093_/Q -> _14648_/D : -2.087249
[setup reg-reg] _15093_/Q -> _14846_/D : -2.084894
[setup reg-reg] _15093_/Q -> _14837_/D : -2.082016
[setup reg-reg] _15093_/Q -> _14669_/D : -2.079209
[setup reg-reg] _15093_/Q -> _14861_/D : -2.077340
[setup reg-reg] _15093_/Q -> _14674_/D : -2.072277
[setup reg-reg] _15093_/Q -> _14862_/D : -2.070116
[setup reg-reg] _15093_/Q -> _15073_/D : -2.069791
[setup reg-reg] _15093_/Q -> _14863_/D : -2.069785
[setup reg-reg] _15093_/Q -> _14660_/D : -2.068398
[setup reg-reg] _15093_/Q -> _14676_/D : -2.067902
[setup reg-out] _15093_/Q -> instr_addr_o[23] : -2.066495
[setup reg-reg] _15093_/Q -> _14675_/D : -2.066074
[setup reg-reg] _15093_/Q -> _14659_/D : -2.064127
[setup reg-reg] _15093_/Q -> _14542_/D : -2.062599
[setup reg-reg] _15093_/Q -> _14884_/D : -2.061588
[setup reg-reg] _15093_/Q -> _15091_/D : -2.060801
[setup reg-reg] _15093_/Q -> _14661_/D : -2.059732
[setup reg-reg] _15093_/Q -> _14662_/D : -2.058580
[setup reg-reg] _15093_/Q -> _14865_/D : -2.058306
[setup reg-reg] _15093_/Q -> _14864_/D : -2.056301
[setup reg-reg] _15093_/Q -> _14868_/D : -2.054695
[setup reg-reg] _15093_/Q -> _14866_/D : -2.051705
[setup reg-reg] _15093_/Q -> _14554_/D : -2.048965
[setup reg-reg] _15093_/Q -> _15112_/D : -2.048551
[setup reg-reg] _15093_/Q -> _14616_/D : -2.048173
[setup reg-reg] _15093_/Q -> _14531_/D : -2.047838
[setup reg-reg] _15093_/Q -> _14608_/D : -2.047442
[setup reg-reg] _15093_/Q -> _14533_/D : -2.047181
[setup reg-reg] _15093_/Q -> _14530_/D : -2.045652
[setup reg-reg] _15093_/Q -> _14526_/D : -2.045392
[setup reg-reg] _15093_/Q -> _14528_/D : -2.043818
[setup reg-reg] _15093_/Q -> _14538_/D : -2.043748
[setup reg-reg] _15093_/Q -> _14540_/D : -2.043564
[setup reg-reg] _15093_/Q -> _14527_/D : -2.043148
[setup reg-reg] _15093_/Q -> _14553_/D : -2.043023
[setup reg-reg] _15093_/Q -> _14843_/D : -2.042356
[setup reg-reg] _15093_/Q -> _14534_/D : -2.042308
[setup reg-reg] _15093_/Q -> _14525_/D : -2.042210
[setup reg-reg] _15093_/Q -> _14529_/D : -2.041922
[setup reg-reg] _15093_/Q -> _14615_/D : -2.040663
[setup reg-reg] _15093_/Q -> _14541_/D : -2.039116
[setup reg-reg] _15093_/Q -> _14555_/D : -2.038460
[setup reg-reg] _15093_/Q -> _14617_/D : -2.036194
[setup reg-reg] _15093_/Q -> _14618_/D : -2.034639
[setup reg-reg] _15093_/Q -> _14847_/D : -2.034287
[setup reg-reg] _15093_/Q -> _14840_/D : -2.032904
[setup reg-reg] _15093_/Q -> _14536_/D : -2.032380
[setup reg-reg] _15093_/Q -> _14539_/D : -2.030938
[setup reg-reg] _15093_/Q -> _14621_/D : -2.030394
[setup reg-out] _15093_/Q -> data_addr_o[30] : -2.025736
[setup reg-reg] _15093_/Q -> _14844_/D : -2.022159
[setup reg-out] _15093_/Q -> instr_addr_o[19] : -2.002254
[setup reg-reg] _15093_/Q -> _14623_/D : -2.001691
[setup reg-out] _15093_/Q -> data_addr_o[31] : -2.001007
[setup reg-reg] _15093_/Q -> _14562_/D : -1.989769
[setup reg-reg] _15093_/Q -> _14559_/D : -1.988869
[setup reg-reg] _15093_/Q -> _14625_/D : -1.988379
[setup reg-reg] _15093_/Q -> _14563_/D : -1.987778
[setup reg-reg] _15093_/Q -> _14561_/D : -1.987535
[setup reg-reg] _15093_/Q -> _14558_/D : -1.987000
[setup reg-reg] _15093_/Q -> _14567_/D : -1.985929
[setup reg-reg] _15093_/Q -> _15099_/D : -1.985388
[setup reg-reg] _15093_/Q -> _14565_/D : -1.982421
[setup reg-reg] _15093_/Q -> _14944_/D : -1.979010
[setup reg-out] _15093_/Q -> data_addr_o[29] : -1.977921
[setup reg-reg] _15093_/Q -> _14456_/D : -1.976397
[setup reg-reg] _15093_/Q -> _14570_/D : -1.974460
[setup reg-reg] _15093_/Q -> _14613_/D : -1.973200
[setup reg-reg] _15093_/Q -> _14557_/D : -1.971648
[setup reg-reg] _15093_/Q -> _14614_/D : -1.967393
[setup reg-reg] _15093_/Q -> _15102_/D : -1.967359
[setup reg-reg] _15093_/Q -> _14611_/D : -1.966529
[setup reg-reg] _15093_/Q -> _14568_/D : -1.964914
[setup reg-reg] _15093_/Q -> _14624_/D : -1.959976
[setup reg-reg] _15093_/Q -> _14612_/D : -1.958802
[setup reg-reg] _15093_/Q -> _14838_/D : -1.949072
[setup reg-reg] _15093_/Q -> _14962_/D : -1.948529
[setup reg-reg] _15093_/Q -> _14848_/D : -1.938992
[setup reg-reg] _15093_/Q -> _14957_/D : -1.938867
[setup reg-reg] _15093_/Q -> _14845_/D : -1.936966
[setup reg-reg] _15093_/Q -> _14855_/D : -1.935335
[setup reg-reg] _15093_/Q -> _16252_/D : -1.933201
[setup reg-reg] _15093_/Q -> _14457_/D : -1.931894
[setup reg-reg] _15093_/Q -> _14834_/D : -1.920278
[setup reg-reg] _15093_/Q -> _14642_/D : -1.910176
[setup reg-reg] _15093_/Q -> _14687_/D : -1.909259
[setup reg-reg] _15093_/Q -> _15111_/D : -1.908560
[setup reg-reg] _15093_/Q -> _14822_/D : -1.908495
[setup reg-reg] _15093_/Q -> _14835_/D : -1.907057
[setup reg-reg] _15093_/Q -> _14964_/D : -1.906491
[setup reg-reg] _15093_/Q -> _14832_/D : -1.906258
[setup reg-reg] _15093_/Q -> _14689_/D : -1.905266
[setup reg-reg] _15093_/Q -> _14609_/D : -1.904697
[setup reg-reg] _15093_/Q -> _14831_/D : -1.904597
[setup reg-reg] _15093_/Q -> _14836_/D : -1.904507
[setup reg-reg] _15093_/Q -> _14692_/D : -1.903865
[setup reg-reg] _15093_/Q -> _14963_/D : -1.903540
[setup reg-reg] _15093_/Q -> _14958_/D : -1.902985
[setup reg-reg] _15093_/Q -> _14626_/D : -1.902601
[setup reg-out] _15093_/Q -> instr_addr_o[12] : -1.901719
[setup reg-out] _15093_/Q -> data_addr_o[26] : -1.901540
[setup reg-reg] _15093_/Q -> _14688_/D : -1.900641
[setup reg-reg] _15093_/Q -> _14607_/D : -1.899245
[setup reg-reg] _15093_/Q -> _14690_/D : -1.898375
[setup reg-reg] _15093_/Q -> _14697_/D : -1.898084
[setup reg-reg] _15093_/Q -> _14691_/D : -1.897340
[setup reg-reg] _15093_/Q -> _14693_/D : -1.897187
[setup reg-reg] _15093_/Q -> _15113_/D : -1.895704
[setup reg-reg] _15093_/Q -> _14694_/D : -1.895135
[setup reg-reg] _15093_/Q -> _14695_/D : -1.893617
[setup reg-reg] _15093_/Q -> _14711_/D : -1.891718
[setup reg-reg] _15093_/Q -> _14707_/D : -1.890985
[setup reg-reg] _15093_/Q -> _14961_/D : -1.890794
[setup reg-reg] _15093_/Q -> _14960_/D : -1.890079
[setup reg-reg] _15093_/Q -> _15083_/D : -1.887307
[setup reg-reg] _15093_/Q -> _14619_/D : -1.886170
[setup reg-reg] _15093_/Q -> _14959_/D : -1.885980
[setup reg-reg] _15093_/Q -> _14703_/D : -1.883968
[setup reg-reg] _15093_/Q -> _15068_/D : -1.882715
[setup reg-reg] _15093_/Q -> _14701_/D : -1.880009
[setup reg-reg] _15093_/Q -> _14718_/D : -1.877824
[setup reg-reg] _15093_/Q -> _14584_/D : -1.875557
[setup reg-reg] _15093_/Q -> _14654_/D : -1.874608
[setup reg-reg] _15093_/Q -> _14704_/D : -1.874248
[setup reg-reg] _15093_/Q -> _14715_/D : -1.873772
[setup reg-reg] _15093_/Q -> _14577_/D : -1.873665
[setup reg-reg] _15093_/Q -> _14842_/D : -1.871987
[setup reg-reg] _15093_/Q -> _14702_/D : -1.871984
[setup reg-reg] _15093_/Q -> _15148_/D : -1.869726
[setup reg-out] _15093_/Q -> data_addr_o[28] : -1.865296
[setup reg-reg] _15093_/Q -> _14586_/D : -1.863274
[setup reg-reg] _15093_/Q -> _14605_/D : -1.862806
[setup reg-reg] _15093_/Q -> _14587_/D : -1.862373
[setup reg-reg] _15093_/Q -> _14604_/D : -1.862293
[setup reg-reg] _15093_/Q -> _14657_/D : -1.861796
[setup reg-reg] _15093_/Q -> _14656_/D : -1.861737
[setup reg-reg] _15093_/Q -> _14591_/D : -1.860239
[setup reg-reg] _15093_/Q -> _14590_/D : -1.859813
[setup reg-reg] _15093_/Q -> _14602_/D : -1.859605
[setup reg-reg] _15093_/Q -> _14658_/D : -1.857908
[setup reg-reg] _15093_/Q -> _14588_/D : -1.857625
[setup reg-reg] _15093_/Q -> _14603_/D : -1.857092
[setup reg-reg] _15093_/Q -> _14589_/D : -1.854716
[setup reg-reg] _15093_/Q -> _15067_/D : -1.851409
[setup reg-reg] _15093_/Q -> _14753_/D : -1.834622
[setup reg-reg] _15093_/Q -> _14532_/D : -1.832956
[setup reg-reg] _15093_/Q -> _15043_/D : -1.827020
[setup reg-reg] _15093_/Q -> _14792_/D : -1.826468
[setup reg-reg] _15093_/Q -> _14610_/D : -1.824179
[setup reg-reg] _15093_/Q -> _14756_/D : -1.820073
[setup reg-reg] _15093_/Q -> _14755_/D : -1.819318
[setup reg-reg] _15093_/Q -> _14535_/D : -1.818439
[setup reg-reg] _15093_/Q -> _14537_/D : -1.818256
[setup reg-reg] _15093_/Q -> _14757_/D : -1.817200
[setup reg-reg] _15093_/Q -> _14754_/D : -1.816974
[setup reg-reg] _15093_/Q -> _14759_/D : -1.815557
[setup reg-out] _15093_/Q -> data_addr_o[22] : -1.809217
[setup reg-reg] _15093_/Q -> _14758_/D : -1.796981
[setup reg-out] _15093_/Q -> instr_addr_o[15] : -1.785984
[setup reg-reg] _15093_/Q -> _14385_/D : -1.784231
[setup reg-reg] _15093_/Q -> _14564_/D : -1.781215
[setup reg-reg] _15093_/Q -> _14566_/D : -1.781082
[setup reg-out] _15093_/Q -> data_addr_o[18] : -1.780923
[setup reg-reg] _15093_/Q -> _14560_/D : -1.780810
[setup reg-reg] _15093_/Q -> _14569_/D : -1.780086
[setup reg-reg] _15093_/Q -> _14622_/D : -1.775653
[setup reg-reg] _15093_/Q -> _14620_/D : -1.775543
[setup reg-reg] _15093_/Q -> _14606_/D : -1.766382
[setup reg-reg] _15093_/Q -> _14841_/D : -1.764771
[setup reg-reg] _15093_/Q -> _14839_/D : -1.763940
[setup reg-reg] _15093_/Q -> _14556_/D : -1.761294
[setup reg-reg] _15093_/Q -> _14833_/D : -1.758659
[setup reg-reg] _15093_/Q -> _14829_/D : -1.741904
[setup reg-reg] _15093_/Q -> _14943_/D : -1.739252
[setup reg-reg] _15093_/Q -> _15018_/D : -1.724512
[setup reg-out] _15093_/Q -> instr_addr_o[10] : -1.720967
[setup reg-reg] _15093_/Q -> _14818_/D : -1.715552
[setup reg-reg] _15093_/Q -> _14821_/D : -1.715303
[setup reg-reg] _15093_/Q -> _14830_/D : -1.713048
[setup reg-reg] _15093_/Q -> _14825_/D : -1.712781
[setup reg-reg] _15093_/Q -> _14826_/D : -1.711164
[setup reg-reg] _15093_/Q -> _15019_/D : -1.710672
[setup reg-reg] _15093_/Q -> _14827_/D : -1.710356
[setup reg-reg] _15093_/Q -> _15020_/D : -1.710050
[setup reg-reg] _15093_/Q -> _16218_/D : -1.709221
[setup reg-reg] _15093_/Q -> _14824_/D : -1.708921
[setup reg-reg] _15093_/Q -> _14819_/D : -1.708830
[setup reg-reg] _15093_/Q -> _16219_/D : -1.708741
[setup reg-reg] _15093_/Q -> _15024_/D : -1.705738
[setup reg-reg] _15093_/Q -> _15025_/D : -1.705486
[setup reg-reg] _15093_/Q -> _15022_/D : -1.705228
[setup reg-reg] _15093_/Q -> _15023_/D : -1.705156
[setup reg-reg] _15093_/Q -> _15027_/D : -1.704750
[setup reg-out] _15093_/Q -> instr_addr_o[11] : -1.704542
[setup reg-reg] _15093_/Q -> _15021_/D : -1.704194
[setup reg-out] _15093_/Q -> instr_addr_o[13] : -1.702729
[setup reg-reg] _15093_/Q -> _15040_/D : -1.693473
[setup reg-reg] _15093_/Q -> _15029_/D : -1.687091
[setup reg-reg] _15093_/Q -> _15042_/D : -1.686609
[setup reg-reg] _15093_/Q -> _15041_/D : -1.685916
[setup reg-reg] _15093_/Q -> _15039_/D : -1.685621
[setup reg-reg] _15093_/Q -> _15038_/D : -1.685137
[setup reg-reg] _15093_/Q -> _15037_/D : -1.681101
[setup reg-reg] _15093_/Q -> _14698_/D : -1.676667
[setup reg-reg] _15093_/Q -> _14699_/D : -1.674928
[setup reg-reg] _15093_/Q -> _14860_/D : -1.668107
[setup reg-reg] _15093_/Q -> _14700_/D : -1.666380
[setup reg-reg] _15093_/Q -> _14696_/D : -1.666096
[setup reg-out] _15093_/Q -> data_addr_o[27] : -1.653372
[setup reg-reg] _15093_/Q -> _15152_/D : -1.651667
[setup reg-reg] _15093_/Q -> _14384_/D : -1.648915
[setup reg-reg] _15093_/Q -> _15153_/D : -1.647341
[setup reg-reg] _15093_/Q -> _14383_/D : -1.647274
[setup reg-out] _15093_/Q -> data_addr_o[24] : -1.644410
[setup reg-out] _15093_/Q -> data_addr_o[25] : -1.591413
[setup reg-reg] _15093_/Q -> _14644_/D : -1.589028
[setup reg-out] _15093_/Q -> data_addr_o[21] : -1.588956
[setup reg-reg] _15093_/Q -> _14573_/D : -1.577108
[setup reg-reg] _15093_/Q -> _14572_/D : -1.577024
[setup reg-reg] _15093_/Q -> _14571_/D : -1.562984
[setup reg-reg] _15093_/Q -> _14643_/D : -1.549124
[setup reg-out] _15093_/Q -> data_addr_o[20] : -1.542098
[setup reg-out] _15093_/Q -> instr_addr_o[8] : -1.532342
[setup reg-reg] _15093_/Q -> _15055_/D : -1.524186
[setup reg-reg] _15093_/Q -> _15154_/D : -1.523318
[setup reg-reg] _15093_/Q -> _15056_/D : -1.511711
[setup reg-reg] _15093_/Q -> _14823_/D : -1.505634
[setup reg-reg] _15093_/Q -> _15026_/D : -1.502380
[setup reg-reg] _15093_/Q -> _15057_/D : -1.490091
[setup reg-reg] _15093_/Q -> _15034_/D : -1.490067
[setup reg-reg] _15093_/Q -> _15035_/D : -1.488344
[setup reg-reg] _15093_/Q -> _15047_/D : -1.484695
[setup reg-reg] _15093_/Q -> _15028_/D : -1.482790
[setup reg-reg] _15093_/Q -> _15045_/D : -1.482741
[setup reg-reg] _15093_/Q -> _15046_/D : -1.482580
[setup reg-reg] _15093_/Q -> _15044_/D : -1.480735
[setup reg-reg] _15093_/Q -> _15048_/D : -1.476741
[setup reg-reg] _15093_/Q -> _15036_/D : -1.475049
[setup reg-reg] _15093_/Q -> _15058_/D : -1.469638
[setup reg-out] _15093_/Q -> data_addr_o[14] : -1.464248
[setup reg-reg] _15093_/Q -> _15030_/D : -1.444882
[setup reg-out] _15093_/Q -> instr_addr_o[9] : -1.432679
[setup reg-out] _15093_/Q -> data_addr_o[17] : -1.431190
[setup reg-out] _15093_/Q -> data_addr_o[16] : -1.429367
[setup reg-out] _15093_/Q -> data_addr_o[19] : -1.423299
[setup reg-out] _15093_/Q -> data_addr_o[23] : -1.401263
[setup reg-reg] _15093_/Q -> _14524_/D : -1.374768
[setup reg-reg] _15093_/Q -> _14941_/D : -1.345809
[setup reg-reg] _15093_/Q -> _14942_/D : -1.339576
[setup reg-reg] _15093_/Q -> _14985_/D : -1.289516
[setup reg-reg] _15093_/Q -> _15031_/D : -1.283188
[setup reg-reg] _15093_/Q -> _15033_/D : -1.278500
[setup reg-reg] _15093_/Q -> _14388_/D : -1.272436
[setup reg-reg] _15093_/Q -> _15032_/D : -1.269779
[setup reg-reg] _15093_/Q -> _14390_/D : -1.261265
[setup reg-reg] _15093_/Q -> _14391_/D : -1.259890
[setup reg-reg] _15093_/Q -> _14389_/D : -1.257351
[setup reg-out] _15093_/Q -> instr_addr_o[7] : -1.249322
[setup reg-reg] _15093_/Q -> _14386_/D : -1.187415
[setup reg-reg] _15093_/Q -> _14387_/D : -1.186129
[setup reg-out] _15093_/Q -> instr_addr_o[5] : -1.137360
[setup reg-out] _15093_/Q -> instr_addr_o[6] : -1.132466
[setup reg-out] _15093_/Q -> data_addr_o[15] : -1.023169
[setup reg-out] _15093_/Q -> data_addr_o[12] : -1.015357
[setup reg-out] _15093_/Q -> data_addr_o[10] : -1.012645
[setup reg-out] _15093_/Q -> data_addr_o[13] : -0.988249
[setup reg-out] _15093_/Q -> data_addr_o[11] : -0.966448
[setup reg-out] _15093_/Q -> data_addr_o[8] : -0.923831
[setup reg-reg] _15093_/Q -> _14939_/D : -0.870004
[setup reg-reg] _15093_/Q -> _14940_/D : -0.859508
[setup reg-out] _15093_/Q -> data_addr_o[9] : -0.836675
[setup reg-out] _15093_/Q -> instr_addr_o[3] : -0.768368
[setup reg-out] _15093_/Q -> data_addr_o[7] : -0.740076
[setup reg-reg] _15093_/Q -> _15052_/D : -0.684805
[setup reg-out] _15093_/Q -> data_wdata_o[5] : -0.667339
[setup reg-out] _15093_/Q -> data_wdata_o[7] : -0.666998
[setup reg-out] _15093_/Q -> data_wdata_o[12] : -0.659359
[setup reg-out] _15093_/Q -> data_wdata_o[28] : -0.653168
[setup reg-out] _15093_/Q -> instr_addr_o[4] : -0.640084
[setup reg-out] _15093_/Q -> data_wdata_o[4] : -0.630092
[setup reg-out] _15093_/Q -> data_wdata_o[22] : -0.614739
[setup reg-out] _15093_/Q -> data_wdata_o[23] : -0.601206
[setup reg-out] _15093_/Q -> data_wdata_o[8] : -0.579357
[setup reg-reg] _15093_/Q -> _14986_/D : -0.569250
[setup reg-out] _15093_/Q -> data_wdata_o[15] : -0.542763
[setup reg-out] _15093_/Q -> data_wdata_o[29] : -0.518541
[setup reg-out] _15093_/Q -> data_wdata_o[2] : -0.496565
[setup reg-out] _15093_/Q -> data_wdata_o[6] : -0.487469
[setup reg-out] _15093_/Q -> data_wdata_o[10] : -0.472201
[setup reg-out] _15093_/Q -> data_wdata_o[1] : -0.470640
[setup reg-out] _15093_/Q -> data_addr_o[6] : -0.469545
[setup reg-out] _15093_/Q -> data_wdata_o[21] : -0.449387
[setup reg-out] _15093_/Q -> data_wdata_o[31] : -0.437709
[setup reg-out] _15093_/Q -> data_wdata_o[20] : -0.429115
[setup reg-reg] _15093_/Q -> _14938_/D : -0.418762
[setup reg-out] _15093_/Q -> data_wdata_o[16] : -0.406057
[setup reg-out] _15093_/Q -> data_wdata_o[17] : -0.395897
[setup reg-out] _15093_/Q -> data_wdata_o[25] : -0.388066
[setup reg-out] _15093_/Q -> data_be_o[2] : -0.379975
[setup reg-out] _15093_/Q -> data_addr_o[5] : -0.371574
[setup reg-out] _15093_/Q -> data_wdata_o[19] : -0.362874
[setup reg-out] _15093_/Q -> data_wdata_o[13] : -0.352523
[setup reg-out] _15093_/Q -> data_wdata_o[11] : -0.324728
[setup reg-out] _15093_/Q -> data_wdata_o[27] : -0.311641
[setup reg-out] _15093_/Q -> data_wdata_o[24] : -0.306789
[setup reg-out] _15093_/Q -> data_wdata_o[0] : -0.303529
[setup reg-out] _15093_/Q -> data_wdata_o[26] : -0.302231
[setup reg-out] _15093_/Q -> instr_addr_o[2] : -0.288884
[setup reg-out] _15093_/Q -> data_wdata_o[9] : -0.288289
[setup reg-out] _15093_/Q -> data_wdata_o[18] : -0.287152
[setup reg-out] _15093_/Q -> data_wdata_o[3] : -0.251802
[setup reg-reg] _15093_/Q -> _14937_/D : -0.251105
[setup reg-out] _15089_/Q -> data_req_o : -0.195006
[setup reg-reg] _15093_/Q -> _14936_/D : -0.183473
[setup reg-out] _15093_/Q -> data_be_o[3] : -0.107961
[setup reg-out] _15093_/Q -> data_be_o[0] : -0.093470
[setup reg-out] _15093_/Q -> data_be_o[1] : -0.086466
[setup reg-out] _15093_/Q -> data_addr_o[4] : -0.063387
Writing metric timing__hold_vio__count__corner:nom_tt_025C_1v80: 0
Writing metric timing__hold_r2r__ws__corner:nom_tt_025C_1v80: 0.209238
Writing metric timing__hold_r2r_vio__count__corner:nom_tt_025C_1v80: 0
Writing metric timing__setup_vio__count__corner:nom_tt_025C_1v80: 757
Writing metric timing__setup_r2r__ws__corner:nom_tt_025C_1v80: -3.140113
Writing metric timing__setup_r2r_vio__count__corner:nom_tt_025C_1v80: 664
