Reading OpenROAD database at '/work/runs/fathom-20260905T140434Z/18-openroad-tapendcapinsertion/ibex_top.odb'…
Reading library file at '/pdk/volare/sky130/versions/0fe599b2afb6708d281543108caf8310912f54af/sky130A/libs.ref/sky130_fd_sc_hd/lib/sky130_fd_sc_hd__tt_025C_1v80.lib'…
Reading design constraints file at '/nix/store/0cgica8q52vjb9a7vbwaccncbajs33gx-python3-3.11.9-env/lib/python3.11/site-packages/openlane/scripts/base.sdc'…
[INFO] Using clock clk_i…
[INFO] Setting output delay to: 2.0
[INFO] Setting input delay to: 2.0
[INFO] Setting load to: 0.033442
[INFO] Setting clock uncertainty to: 0.25
[INFO] Setting clock transition to: 0.1499999999999999944488848768742172978818416595458984375
[INFO] Setting timing derate to: 5%
[INFO] Setting global connections...
[INFO PDN-0001] Inserting grid: stdcell_grid
Setting global connections for newly added cells…
[INFO] Setting global connections...
Updating metrics…
Cell type report:                       Count       Area
  Fill cell                               404    1516.45
  Tap cell                               4284    5360.14
  Buffer                                   30     150.14
  Inverter                                114     427.91
  Clock gate cell                           1      17.52
  Sequential cell                        1871   49160.90
  Multi-Input combinational cell         7311   71487.31
  Total                                 14015  128120.38
Writing OpenROAD database to '/work/runs/fathom-20260905T140434Z/20-openroad-generatepdn/ibex_top.odb'…
Writing netlist to '/work/runs/fathom-20260905T140434Z/20-openroad-generatepdn/ibex_top.nl.v'…
Writing powered netlist to '/work/runs/fathom-20260905T140434Z/20-openroad-generatepdn/ibex_top.pnl.v'…
Writing layout to '/work/runs/fathom-20260905T140434Z/20-openroad-generatepdn/ibex_top.def'…
Writing timing constraints to '/work/runs/fathom-20260905T140434Z/20-openroad-generatepdn/ibex_top.sdc'…
[INFO PSM-0040] All shapes on net VPWR are connected.
[INFO PSM-0040] All shapes on net VGND are connected.
