Reading OpenROAD database at '/work/runs/fathom-20260905T140607Z/24-openroad-ioplacement/ibex_top.odb'…
Reading library file at '/pdk/volare/sky130/versions/0fe599b2afb6708d281543108caf8310912f54af/sky130A/libs.ref/sky130_fd_sc_hd/lib/sky130_fd_sc_hd__tt_025C_1v80.lib'…
Reading design constraints file at '/nix/store/0cgica8q52vjb9a7vbwaccncbajs33gx-python3-3.11.9-env/lib/python3.11/site-packages/openlane/scripts/base.sdc'…
[INFO] Using clock clk_i…
[INFO] Setting output delay to: 2.0
[INFO] Setting input delay to: 2.0
[INFO] Setting load to: 0.033442
[INFO] Setting clock uncertainty to: 0.25
[INFO] Setting clock transition to: 0.1499999999999999944488848768742172978818416595458984375
[INFO] Setting timing derate to: 5%
[INFO] Setting RC values…
[INFO] Setting signal min routing layer to: met1 and clock min routing layer to met1. 
[INFO] Setting signal max routing layer to: met5 and clock max routing layer to met5. 
+ global_placement -density 0.3 -timing_driven -routability_driven -pad_right 0 -pad_left 0 -init_wirelength_coef 0.25
[INFO GPL-0002] DBU: 1000
[INFO GPL-0003] SiteSize: (  0.460  2.720 ) um
[INFO GPL-0004] CoreBBox: (  5.520 10.880 ) ( 826.160 829.600 ) um
[INFO GPL-0006] NumInstances:             19473
[INFO GPL-0007] NumPlaceInstances:         9327
[INFO GPL-0008] NumFixedInstances:        10146
[INFO GPL-0009] NumDummyInstances:            0
[INFO GPL-0010] NumNets:                   9827
[INFO GPL-0011] NumPins:                  39760
[INFO GPL-0012] DieBBox:  (  0.000  0.000 ) ( 831.755 842.475 ) um
[INFO GPL-0013] CoreBBox: (  5.520 10.880 ) ( 826.160 829.600 ) um
[INFO GPL-0016] CoreArea:            671874.381 um^2
[INFO GPL-0017] NonPlaceInstsArea:    14201.120 um^2
[INFO GPL-0018] PlaceInstsArea:      121243.782 um^2
[INFO GPL-0019] Util:                    18.435 %
[INFO GPL-0020] StdInstsArea:        121243.782 um^2
[INFO GPL-0021] MacroInstsArea:           0.000 um^2
[InitialPlace]  Iter: 1 CG residual: 0.00129156 HPWL: 591662394
[InitialPlace]  Iter: 2 CG residual: 0.00000030 HPWL: 324466389
[InitialPlace]  Iter: 3 CG residual: 0.00000071 HPWL: 314214364
[InitialPlace]  Iter: 4 CG residual: 0.00000182 HPWL: 308421224
[InitialPlace]  Iter: 5 CG residual: 0.00000335 HPWL: 303447146
[INFO GPL-0031] FillerInit:NumGCells:     15305
[INFO GPL-0032] FillerInit:NumGNets:       9827
[INFO GPL-0033] FillerInit:NumGPins:      39760
[INFO GPL-0023] TargetDensity:            0.300
[INFO GPL-0024] AvrgPlaceInstArea:       12.999 um^2
[INFO GPL-0025] IdealBinArea:            43.331 um^2
[INFO GPL-0026] IdealBinCnt:              15505
[INFO GPL-0027] TotalBinArea:        671874.381 um^2
[INFO GPL-0028] BinCnt:        64     64
[INFO GPL-0029] BinSize: ( 12.823 12.793 )
[INFO GPL-0030] NumBins: 4096
[NesterovSolve] Iter:    1 overflow: 0.965 HPWL: 260567498
[NesterovSolve] Iter:   10 overflow: 0.822 HPWL: 351377787
[INFO GPL-0100] Timing-driven: executing resizer for reweighting nets.
[INFO GPL-0101] Timing-driven: worst slack -3.31e-08
[INFO GPL-0103] Timing-driven: weighted 965 nets.
[NesterovSolve] Iter:   20 overflow: 0.766 HPWL: 357336590
[NesterovSolve] Iter:   30 overflow: 0.750 HPWL: 354604560
[NesterovSolve] Iter:   40 overflow: 0.750 HPWL: 353090092
[NesterovSolve] Iter:   50 overflow: 0.752 HPWL: 352765922
[NesterovSolve] Iter:   60 overflow: 0.753 HPWL: 353126620
[NesterovSolve] Iter:   70 overflow: 0.753 HPWL: 353127207
[NesterovSolve] Iter:   80 overflow: 0.754 HPWL: 352614660
[NesterovSolve] Iter:   90 overflow: 0.755 HPWL: 351594053
[NesterovSolve] Iter:  100 overflow: 0.757 HPWL: 350725581
[NesterovSolve] Iter:  110 overflow: 0.757 HPWL: 350587495
[NesterovSolve] Iter:  120 overflow: 0.756 HPWL: 351002000
[NesterovSolve] Iter:  130 overflow: 0.755 HPWL: 351524860
[NesterovSolve] Iter:  140 overflow: 0.754 HPWL: 352031435
[NesterovSolve] Iter:  150 overflow: 0.754 HPWL: 352666875
[NesterovSolve] Iter:  160 overflow: 0.753 HPWL: 353658632
[NesterovSolve] Iter:  170 overflow: 0.750 HPWL: 355454198
[NesterovSolve] Iter:  180 overflow: 0.746 HPWL: 358460427
[NesterovSolve] Iter:  190 overflow: 0.740 HPWL: 362891867
[NesterovSolve] Iter:  200 overflow: 0.732 HPWL: 368911610
[NesterovSolve] Iter:  210 overflow: 0.719 HPWL: 376744873
[NesterovSolve] Iter:  220 overflow: 0.703 HPWL: 385800893
[NesterovSolve] Iter:  230 overflow: 0.682 HPWL: 395648824
[NesterovSolve] Iter:  240 overflow: 0.657 HPWL: 407798479
[INFO GPL-0100] Timing-driven: executing resizer for reweighting nets.
[INFO GPL-0101] Timing-driven: worst slack -3.53e-08
[INFO GPL-0103] Timing-driven: weighted 965 nets.
[NesterovSolve] Iter:  250 overflow: 0.629 HPWL: 421412457
[NesterovSolve] Iter:  260 overflow: 0.600 HPWL: 428864418
[NesterovSolve] Snapshot saved at iter = 260
[NesterovSolve] Iter:  270 overflow: 0.567 HPWL: 438884224
[NesterovSolve] Iter:  280 overflow: 0.532 HPWL: 442245528
[NesterovSolve] Iter:  290 overflow: 0.491 HPWL: 445655695
[INFO GPL-0100] Timing-driven: executing resizer for reweighting nets.
[INFO GPL-0101] Timing-driven: worst slack -3.78e-08
[INFO GPL-0103] Timing-driven: weighted 965 nets.
[NesterovSolve] Iter:  300 overflow: 0.447 HPWL: 450875840
[NesterovSolve] Iter:  310 overflow: 0.406 HPWL: 450287180
[NesterovSolve] Iter:  320 overflow: 0.366 HPWL: 451038470
[NesterovSolve] Iter:  330 overflow: 0.328 HPWL: 453816220
[INFO GPL-0075] Routability numCall: 1 inflationIterCnt: 1 bloatIterCnt: 0
[INFO GPL-0036] TileBBox: (    0    0 ) ( 6900 6900 ) DBU
[INFO GPL-0038] TileCnt:     120  122
[INFO GPL-0040] NumTiles: 14640
[INFO GPL-0081] TotalRouteOverflow: 1.8186107873916626
[INFO GPL-0082] OverflowTileCnt: 21
[INFO GPL-0083] 0.5%RC: 0.9593428623031925
[INFO GPL-0084] 1.0%RC: 0.8969436060814631
[INFO GPL-0085] 2.0%RC: 0.8425469544967287
[INFO GPL-0086] 5.0%RC: 0.7756679074360373
[INFO GPL-0087] FinalRC: 0.92814326
[INFO GPL-0077] FinalRC lower than targetRC(1.01), routability not needed.
[NesterovSolve] Iter:  340 overflow: 0.296 HPWL: 456115252
[INFO GPL-0100] Timing-driven: executing resizer for reweighting nets.
[INFO GPL-0101] Timing-driven: worst slack -4.1e-08
[INFO GPL-0103] Timing-driven: weighted 965 nets.
[NesterovSolve] Iter:  350 overflow: 0.265 HPWL: 458835114
[NesterovSolve] Iter:  360 overflow: 0.229 HPWL: 460447877
[INFO GPL-0100] Timing-driven: executing resizer for reweighting nets.
[INFO GPL-0101] Timing-driven: worst slack -4.16e-08
[INFO GPL-0103] Timing-driven: weighted 965 nets.
[NesterovSolve] Iter:  370 overflow: 0.196 HPWL: 462041916
[NesterovSolve] Iter:  380 overflow: 0.166 HPWL: 463580072
[INFO GPL-0100] Timing-driven: executing resizer for reweighting nets.
[INFO GPL-0101] Timing-driven: worst slack -4.23e-08
[INFO GPL-0103] Timing-driven: weighted 965 nets.
[NesterovSolve] Iter:  390 overflow: 0.139 HPWL: 465392752
[NesterovSolve] Iter:  400 overflow: 0.116 HPWL: 466242374
[NesterovSolve] Iter:  410 overflow: 0.100 HPWL: 467093331
[NesterovSolve] Finished with Overflow: 0.099902
[INFO] Setting RC values…
Setting global connections for newly added cells…
[INFO] Setting global connections...
Updating metrics…
Cell type report:                       Count       Area
  Fill cell                               602    2259.67
  Tap cell                               9544   11941.45
  Buffer                                   30     150.14
  Inverter                                114     427.91
  Clock gate cell                           1      17.52
  Sequential cell                        1871   49160.90
  Multi-Input combinational cell         7311   71487.31
  Total                                 19473  135444.90
Writing OpenROAD database to '/work/runs/fathom-20260905T140607Z/27-openroad-globalplacement/ibex_top.odb'…
Writing netlist to '/work/runs/fathom-20260905T140607Z/27-openroad-globalplacement/ibex_top.nl.v'…
Writing powered netlist to '/work/runs/fathom-20260905T140607Z/27-openroad-globalplacement/ibex_top.pnl.v'…
Writing layout to '/work/runs/fathom-20260905T140607Z/27-openroad-globalplacement/ibex_top.def'…
Writing timing constraints to '/work/runs/fathom-20260905T140607Z/27-openroad-globalplacement/ibex_top.sdc'…
