Reading OpenROAD database at '/work/runs/fathom-20260905T140434Z/20-openroad-generatepdn/ibex_top.odb'…
Reading library file at '/pdk/volare/sky130/versions/0fe599b2afb6708d281543108caf8310912f54af/sky130A/libs.ref/sky130_fd_sc_hd/lib/sky130_fd_sc_hd__tt_025C_1v80.lib'…
Reading design constraints file at '/nix/store/0cgica8q52vjb9a7vbwaccncbajs33gx-python3-3.11.9-env/lib/python3.11/site-packages/openlane/scripts/base.sdc'…
[INFO] Using clock clk_i…
[INFO] Setting output delay to: 2.0
[INFO] Setting input delay to: 2.0
[INFO] Setting load to: 0.033442
[INFO] Setting clock uncertainty to: 0.25
[INFO] Setting clock transition to: 0.1499999999999999944488848768742172978818416595458984375
[INFO] Setting timing derate to: 5%
+ global_placement -density 0.5 -skip_io -pad_right 0 -pad_left 0 -init_wirelength_coef 0.25
[INFO GPL-0002] DBU: 1000
[INFO GPL-0003] SiteSize: (  0.460  2.720 ) um
[INFO GPL-0004] CoreBBox: (  5.520 10.880 ) ( 555.680 560.320 ) um
[INFO GPL-0006] NumInstances:             14015
[INFO GPL-0007] NumPlaceInstances:         9327
[INFO GPL-0008] NumFixedInstances:         4688
[INFO GPL-0009] NumDummyInstances:            0
[INFO GPL-0010] NumNets:                   9827
[INFO GPL-0011] NumPins:                  38832
[INFO GPL-0012] DieBBox:  (  0.000  0.000 ) ( 561.595 572.315 ) um
[INFO GPL-0013] CoreBBox: (  5.520 10.880 ) ( 555.680 560.320 ) um
[INFO GPL-0016] CoreArea:            302279.910 um^2
[INFO GPL-0017] NonPlaceInstsArea:     6876.595 um^2
[INFO GPL-0018] PlaceInstsArea:      121243.782 um^2
[INFO GPL-0019] Util:                    41.043 %
[INFO GPL-0020] StdInstsArea:        121243.782 um^2
[INFO GPL-0021] MacroInstsArea:           0.000 um^2
[INFO GPL-0031] FillerInit:NumGCells:     11406
[INFO GPL-0032] FillerInit:NumGNets:       9827
[INFO GPL-0033] FillerInit:NumGPins:      38832
[INFO GPL-0023] TargetDensity:            0.500
[INFO GPL-0024] AvrgPlaceInstArea:       12.999 um^2
[INFO GPL-0025] IdealBinArea:            25.998 um^2
[INFO GPL-0026] IdealBinCnt:              11626
[INFO GPL-0027] TotalBinArea:        302279.910 um^2
[INFO GPL-0028] BinCnt:        64     64
[INFO GPL-0029] BinSize: (  8.597  8.585 )
[INFO GPL-0030] NumBins: 4096
[NesterovSolve] Iter:    1 overflow: 0.999 HPWL: 29305409
[NesterovSolve] Iter:   10 overflow: 0.997 HPWL: 19287488
[NesterovSolve] Iter:   20 overflow: 0.997 HPWL: 19159758
[NesterovSolve] Iter:   30 overflow: 0.997 HPWL: 19116572
[NesterovSolve] Iter:   40 overflow: 0.997 HPWL: 19104798
[NesterovSolve] Iter:   50 overflow: 0.997 HPWL: 19097615
[NesterovSolve] Iter:   60 overflow: 0.997 HPWL: 19095555
[NesterovSolve] Iter:   70 overflow: 0.997 HPWL: 19100323
[NesterovSolve] Iter:   80 overflow: 0.997 HPWL: 19116502
[NesterovSolve] Iter:   90 overflow: 0.997 HPWL: 19156666
[NesterovSolve] Iter:  100 overflow: 0.997 HPWL: 19279306
[NesterovSolve] Iter:  110 overflow: 0.996 HPWL: 19714745
[NesterovSolve] Iter:  120 overflow: 0.992 HPWL: 21357717
[NesterovSolve] Iter:  130 overflow: 0.988 HPWL: 25456199
[NesterovSolve] Iter:  140 overflow: 0.985 HPWL: 31670105
[NesterovSolve] Iter:  150 overflow: 0.979 HPWL: 39705473
[NesterovSolve] Iter:  160 overflow: 0.973 HPWL: 49445630
[NesterovSolve] Iter:  170 overflow: 0.963 HPWL: 61391338
[NesterovSolve] Iter:  180 overflow: 0.950 HPWL: 73961445
[NesterovSolve] Iter:  190 overflow: 0.936 HPWL: 87096718
[NesterovSolve] Iter:  200 overflow: 0.918 HPWL: 103304178
[NesterovSolve] Iter:  210 overflow: 0.890 HPWL: 122178704
[NesterovSolve] Iter:  220 overflow: 0.861 HPWL: 140910127
[NesterovSolve] Iter:  230 overflow: 0.828 HPWL: 158820564
[NesterovSolve] Iter:  240 overflow: 0.793 HPWL: 175662090
[NesterovSolve] Iter:  250 overflow: 0.752 HPWL: 193168965
[NesterovSolve] Iter:  260 overflow: 0.709 HPWL: 210328360
[NesterovSolve] Iter:  270 overflow: 0.665 HPWL: 225753109
[NesterovSolve] Iter:  280 overflow: 0.617 HPWL: 240365341
[NesterovSolve] Iter:  290 overflow: 0.567 HPWL: 253647546
[NesterovSolve] Iter:  300 overflow: 0.518 HPWL: 266153012
[NesterovSolve] Iter:  310 overflow: 0.468 HPWL: 273596890
[NesterovSolve] Iter:  320 overflow: 0.422 HPWL: 277980404
[NesterovSolve] Iter:  330 overflow: 0.375 HPWL: 280290662
[NesterovSolve] Iter:  340 overflow: 0.332 HPWL: 283402116
[NesterovSolve] Iter:  350 overflow: 0.299 HPWL: 284707485
[NesterovSolve] Iter:  360 overflow: 0.263 HPWL: 285858147
[NesterovSolve] Iter:  370 overflow: 0.230 HPWL: 286644810
[NesterovSolve] Iter:  380 overflow: 0.197 HPWL: 287929711
[NesterovSolve] Iter:  390 overflow: 0.170 HPWL: 288847942
[NesterovSolve] Iter:  400 overflow: 0.140 HPWL: 289592559
[NesterovSolve] Iter:  410 overflow: 0.119 HPWL: 290474501
[NesterovSolve] Iter:  420 overflow: 0.099 HPWL: 291235832
[NesterovSolve] Finished with Overflow: 0.098914
[INFO] Setting RC values…
Setting global connections for newly added cells…
[INFO] Setting global connections...
Updating metrics…
Cell type report:                       Count       Area
  Fill cell                               404    1516.45
  Tap cell                               4284    5360.14
  Buffer                                   30     150.14
  Inverter                                114     427.91
  Clock gate cell                           1      17.52
  Sequential cell                        1871   49160.90
  Multi-Input combinational cell         7311   71487.31
  Total                                 14015  128120.38
Writing OpenROAD database to '/work/runs/fathom-20260905T140434Z/23-openroad-globalplacementskipio/ibex_top.odb'…
Writing netlist to '/work/runs/fathom-20260905T140434Z/23-openroad-globalplacementskipio/ibex_top.nl.v'…
Writing powered netlist to '/work/runs/fathom-20260905T140434Z/23-openroad-globalplacementskipio/ibex_top.pnl.v'…
Writing layout to '/work/runs/fathom-20260905T140434Z/23-openroad-globalplacementskipio/ibex_top.def'…
Writing timing constraints to '/work/runs/fathom-20260905T140434Z/23-openroad-globalplacementskipio/ibex_top.sdc'…
